Run npm run test:ci -- --shard=1/10

> wipro_capstone@1.0.0 test:ci
> playwright test --shard=1/10


Running 33 tests using 2 workers, shard 1 of 10
·°········°·······Navigating to category: /in/en/cat/sofas-fu003/
·Navigating to category: /in/en/cat/sofas-fu003/
·Navigating to category: /in/en/cat/sofas-fu003/
Navigating to category: /in/en/cat/sofas-fu003/
Navigating to category: /in/en/cat/beds-bm003/
·Navigating to category: /in/en/cat/sofas-fu003/
×Navigating to category: /in/en/cat/sofas-fu003/
·Navigating to category: /in/en/cat/sofas-fu003/
Navigating to category: /in/en/cat/beds-bm003/
·Navigating to category: /in/en/cat/sofas-fu003/
×Navigating to category: /in/en/cat/sofas-fu003/
Navigating to category: /in/en/cat/beds-bm003/
··Navigating to category: /in/en/cat/sofas-fu003/
FNavigating to category: /in/en/cat/sofas-fu003/
·Navigating to category: /in/en/cat/sofas-fu003/
·Navigating to category: /in/en/cat/sofas-fu003/
·Navigating to category: /in/en/cat/sofas-fu003/
·Navigating to category: /in/en/cat/sofas-fu003/
·Navigating to category: /in/en/cat/sofas-fu003/
·Navigating to login page...
°

  1) [chromium] › tests/cart-management.spec.js:45:7 › Module 6 — Cart Management › TC_CM_003 — Cart displays correct name, unit price, quantity, line total 

    Error: expect(received).toBeGreaterThanOrEqual(expected)

    Expected: >= 1
    Received:    0

      50 |     const rows = page.locator(PRODUCT_ROWS_SELECTOR);
      51 |     const count = await rows.count();
    > 52 |     expect(count).toBeGreaterThanOrEqual(1);
         |                   ^
      53 |
      54 |     for (let i = 0; i < Math.min(count, 2); i++) {
      55 |       const row = rows.nth(i);
        at /home/runner/work/Wipro_Playwright_Capstone/Wipro_Playwright_Capstone/tests/cart-management.spec.js:52:19

    attachment #1: screenshot (image/png) ──────────────────────────────────────────────────────────
    test-results/cart-management-Module-6-—-8c2dc-t-price-quantity-line-total-chromium/test-failed-1.png
    ────────────────────────────────────────────────────────────────────────────────────────────────

    Error Context: test-results/cart-management-Module-6-—-8c2dc-t-price-quantity-line-total-chromium/error-context.md

    Retry #1 ───────────────────────────────────────────────────────────────────────────────────────

    Error: expect(received).toBeGreaterThanOrEqual(expected)

    Expected: >= 1
    Received:    0

      50 |     const rows = page.locator(PRODUCT_ROWS_SELECTOR);
      51 |     const count = await rows.count();
    > 52 |     expect(count).toBeGreaterThanOrEqual(1);
         |                   ^
      53 |
      54 |     for (let i = 0; i < Math.min(count, 2); i++) {
      55 |       const row = rows.nth(i);
        at /home/runner/work/Wipro_Playwright_Capstone/Wipro_Playwright_Capstone/tests/cart-management.spec.js:52:19

    attachment #1: screenshot (image/png) ──────────────────────────────────────────────────────────
    test-results/cart-management-Module-6-—-8c2dc-t-price-quantity-line-total-chromium-retry1/test-failed-1.png
    ────────────────────────────────────────────────────────────────────────────────────────────────

    Error Context: test-results/cart-management-Module-6-—-8c2dc-t-price-quantity-line-total-chromium-retry1/error-context.md

    attachment #3: trace (application/zip) ─────────────────────────────────────────────────────────
    test-results/cart-management-Module-6-—-8c2dc-t-price-quantity-line-total-chromium-retry1/trace.zip
    Usage:

        npx playwright show-trace test-results/cart-management-Module-6-—-8c2dc-t-price-quantity-line-total-chromium-retry1/trace.zip

    ────────────────────────────────────────────────────────────────────────────────────────────────

    Retry #2 ───────────────────────────────────────────────────────────────────────────────────────

    Error: expect(received).toBeGreaterThanOrEqual(expected)

    Expected: >= 1
    Received:    0

      50 |     const rows = page.locator(PRODUCT_ROWS_SELECTOR);
      51 |     const count = await rows.count();
    > 52 |     expect(count).toBeGreaterThanOrEqual(1);
         |                   ^
      53 |
      54 |     for (let i = 0; i < Math.min(count, 2); i++) {
      55 |       const row = rows.nth(i);
        at /home/runner/work/Wipro_Playwright_Capstone/Wipro_Playwright_Capstone/tests/cart-management.spec.js:52:19

    attachment #1: screenshot (image/png) ──────────────────────────────────────────────────────────
    test-results/cart-management-Module-6-—-8c2dc-t-price-quantity-line-total-chromium-retry2/test-failed-1.png
    ────────────────────────────────────────────────────────────────────────────────────────────────

    Error Context: test-results/cart-management-Module-6-—-8c2dc-t-price-quantity-line-total-chromium-retry2/error-context.md

  1 failed
    [chromium] › tests/cart-management.spec.js:45:7 › Module 6 — Cart Management › TC_CM_003 — Cart displays correct name, unit price, quantity, line total 
  3 skipped
  29 passed (13.3m)
Error: Process completed with exit code 1.

Run npm run test:ci -- --shard=2/10

> wipro_capstone@1.0.0 test:ci
> playwright test --shard=2/10


Running 32 tests using 2 workers, shard 2 of 10
Navigating to category: /in/en/cat/sofas-fu003/
Navigating to category: /in/en/cat/sofas-fu003/
·Navigating to category: /in/en/cat/sofas-fu003/
··××××FF××××FF××××FF××××FF××××FF××××FF××××FF××××FF××××F·F··········

  1) [chromium] › tests/checkout-flow.spec.js:7:7 › Module 7 — Checkout Flow › TC_CF_001 — Proceed to Checkout navigates logged-in user to checkout 

    TimeoutError: locator.click: Timeout 15000ms exceeded.
    Call log:
      - waiting for locator('[data-testid="product-card"], .product-card, .plp-product-card__container').first()


       at helpers/ikea-helpers.js:86

      84 |   // Click on the first product card
      85 |   const productCard = page.locator('[data-testid="product-card"], .product-card, .plp-product-card__container').first();
    > 86 |   await productCard.click();
         |                     ^
      87 |   await page.waitForLoadState('domcontentloaded'); await page.waitForTimeout(3000);
      88 |
      89 |   // Click Add to Bag
        at addProductToCart (/home/runner/work/Wipro_Playwright_Capstone/Wipro_Playwright_Capstone/tests/helpers/ikea-helpers.js:86:21)
        at goToCheckout (/home/runner/work/Wipro_Playwright_Capstone/Wipro_Playwright_Capstone/tests/helpers/modules/checkout-flow.helper.js:16:3)
        at /home/runner/work/Wipro_Playwright_Capstone/Wipro_Playwright_Capstone/tests/checkout-flow.spec.js:8:5

    attachment #1: screenshot (image/png) ──────────────────────────────────────────────────────────
    test-results/checkout-flow-Module-7-—-C-0199a--logged-in-user-to-checkout-chromium/test-failed-1.png
    ────────────────────────────────────────────────────────────────────────────────────────────────

    Error Context: test-results/checkout-flow-Module-7-—-C-0199a--logged-in-user-to-checkout-chromium/error-context.md

    Retry #1 ───────────────────────────────────────────────────────────────────────────────────────

    TimeoutError: locator.click: Timeout 15000ms exceeded.
    Call log:
      - waiting for locator('[data-testid="product-card"], .product-card, .plp-product-card__container').first()


       at helpers/ikea-helpers.js:86

      84 |   // Click on the first product card
      85 |   const productCard = page.locator('[data-testid="product-card"], .product-card, .plp-product-card__container').first();
    > 86 |   await productCard.click();
         |                     ^
      87 |   await page.waitForLoadState('domcontentloaded'); await page.waitForTimeout(3000);
      88 |
      89 |   // Click Add to Bag
        at addProductToCart (/home/runner/work/Wipro_Playwright_Capstone/Wipro_Playwright_Capstone/tests/helpers/ikea-helpers.js:86:21)
        at goToCheckout (/home/runner/work/Wipro_Playwright_Capstone/Wipro_Playwright_Capstone/tests/helpers/modules/checkout-flow.helper.js:16:3)
        at /home/runner/work/Wipro_Playwright_Capstone/Wipro_Playwright_Capstone/tests/checkout-flow.spec.js:8:5

    attachment #1: screenshot (image/png) ──────────────────────────────────────────────────────────
    test-results/checkout-flow-Module-7-—-C-0199a--logged-in-user-to-checkout-chromium-retry1/test-failed-1.png
    ────────────────────────────────────────────────────────────────────────────────────────────────

    Error Context: test-results/checkout-flow-Module-7-—-C-0199a--logged-in-user-to-checkout-chromium-retry1/error-context.md

    attachment #3: trace (application/zip) ─────────────────────────────────────────────────────────
    test-results/checkout-flow-Module-7-—-C-0199a--logged-in-user-to-checkout-chromium-retry1/trace.zip
    Usage:

        npx playwright show-trace test-results/checkout-flow-Module-7-—-C-0199a--logged-in-user-to-checkout-chromium-retry1/trace.zip

    ────────────────────────────────────────────────────────────────────────────────────────────────

    Retry #2 ───────────────────────────────────────────────────────────────────────────────────────

    TimeoutError: locator.click: Timeout 15000ms exceeded.
    Call log:
      - waiting for locator('[data-testid="product-card"], .product-card, .plp-product-card__container').first()


       at helpers/ikea-helpers.js:86

      84 |   // Click on the first product card
      85 |   const productCard = page.locator('[data-testid="product-card"], .product-card, .plp-product-card__container').first();
    > 86 |   await productCard.click();
         |                     ^
      87 |   await page.waitForLoadState('domcontentloaded'); await page.waitForTimeout(3000);
      88 |
      89 |   // Click Add to Bag
        at addProductToCart (/home/runner/work/Wipro_Playwright_Capstone/Wipro_Playwright_Capstone/tests/helpers/ikea-helpers.js:86:21)
        at goToCheckout (/home/runner/work/Wipro_Playwright_Capstone/Wipro_Playwright_Capstone/tests/helpers/modules/checkout-flow.helper.js:16:3)
        at /home/runner/work/Wipro_Playwright_Capstone/Wipro_Playwright_Capstone/tests/checkout-flow.spec.js:8:5

    attachment #1: screenshot (image/png) ──────────────────────────────────────────────────────────
    test-results/checkout-flow-Module-7-—-C-0199a--logged-in-user-to-checkout-chromium-retry2/test-failed-1.png
    ────────────────────────────────────────────────────────────────────────────────────────────────

    Error Context: test-results/checkout-flow-Module-7-—-C-0199a--logged-in-user-to-checkout-chromium-retry2/error-context.md

  2) [chromium] › tests/checkout-flow.spec.js:14:7 › Module 7 — Checkout Flow › TC_CF_002 — Guest clicking checkout is prompted to login 

    TimeoutError: locator.click: Timeout 15000ms exceeded.
    Call log:
      - waiting for locator('[data-testid="product-card"], .product-card, .plp-product-card__container').first()


       at helpers/ikea-helpers.js:86

      84 |   // Click on the first product card
      85 |   const productCard = page.locator('[data-testid="product-card"], .product-card, .plp-product-card__container').first();
    > 86 |   await productCard.click();
         |                     ^
      87 |   await page.waitForLoadState('domcontentloaded'); await page.waitForTimeout(3000);
      88 |
      89 |   // Click Add to Bag
        at addProductToCart (/home/runner/work/Wipro_Playwright_Capstone/Wipro_Playwright_Capstone/tests/helpers/ikea-helpers.js:86:21)
        at /home/runner/work/Wipro_Playwright_Capstone/Wipro_Playwright_Capstone/tests/checkout-flow.spec.js:17:5

    attachment #1: screenshot (image/png) ──────────────────────────────────────────────────────────
    test-results/checkout-flow-Module-7-—-C-535ab-eckout-is-prompted-to-login-chromium/test-failed-1.png
    ────────────────────────────────────────────────────────────────────────────────────────────────

    Error Context: test-results/checkout-flow-Module-7-—-C-535ab-eckout-is-prompted-to-login-chromium/error-context.md

    Retry #1 ───────────────────────────────────────────────────────────────────────────────────────

    TimeoutError: locator.click: Timeout 15000ms exceeded.
    Call log:
      - waiting for locator('[data-testid="product-card"], .product-card, .plp-product-card__container').first()


       at helpers/ikea-helpers.js:86

      84 |   // Click on the first product card
      85 |   const productCard = page.locator('[data-testid="product-card"], .product-card, .plp-product-card__container').first();
    > 86 |   await productCard.click();
         |                     ^
      87 |   await page.waitForLoadState('domcontentloaded'); await page.waitForTimeout(3000);
      88 |
      89 |   // Click Add to Bag
        at addProductToCart (/home/runner/work/Wipro_Playwright_Capstone/Wipro_Playwright_Capstone/tests/helpers/ikea-helpers.js:86:21)
        at /home/runner/work/Wipro_Playwright_Capstone/Wipro_Playwright_Capstone/tests/checkout-flow.spec.js:17:5

    attachment #1: screenshot (image/png) ──────────────────────────────────────────────────────────
    test-results/checkout-flow-Module-7-—-C-535ab-eckout-is-prompted-to-login-chromium-retry1/test-failed-1.png
    ────────────────────────────────────────────────────────────────────────────────────────────────

    Error Context: test-results/checkout-flow-Module-7-—-C-535ab-eckout-is-prompted-to-login-chromium-retry1/error-context.md

    attachment #3: trace (application/zip) ─────────────────────────────────────────────────────────
    test-results/checkout-flow-Module-7-—-C-535ab-eckout-is-prompted-to-login-chromium-retry1/trace.zip
    Usage:

        npx playwright show-trace test-results/checkout-flow-Module-7-—-C-535ab-eckout-is-prompted-to-login-chromium-retry1/trace.zip

    ────────────────────────────────────────────────────────────────────────────────────────────────

    Retry #2 ───────────────────────────────────────────────────────────────────────────────────────

    TimeoutError: locator.click: Timeout 15000ms exceeded.
    Call log:
      - waiting for locator('[data-testid="product-card"], .product-card, .plp-product-card__container').first()


       at helpers/ikea-helpers.js:86

      84 |   // Click on the first product card
      85 |   const productCard = page.locator('[data-testid="product-card"], .product-card, .plp-product-card__container').first();
    > 86 |   await productCard.click();
         |                     ^
      87 |   await page.waitForLoadState('domcontentloaded'); await page.waitForTimeout(3000);
      88 |
      89 |   // Click Add to Bag
        at addProductToCart (/home/runner/work/Wipro_Playwright_Capstone/Wipro_Playwright_Capstone/tests/helpers/ikea-helpers.js:86:21)
        at /home/runner/work/Wipro_Playwright_Capstone/Wipro_Playwright_Capstone/tests/checkout-flow.spec.js:17:5

    attachment #1: screenshot (image/png) ──────────────────────────────────────────────────────────
    test-results/checkout-flow-Module-7-—-C-535ab-eckout-is-prompted-to-login-chromium-retry2/test-failed-1.png
    ────────────────────────────────────────────────────────────────────────────────────────────────

    Error Context: test-results/checkout-flow-Module-7-—-C-535ab-eckout-is-prompted-to-login-chromium-retry2/error-context.md

  3) [chromium] › tests/checkout-flow.spec.js:27:7 › Module 7 — Checkout Flow › TC_CF_003 — Checkout displays cart items with correct quantities and prices 

    TimeoutError: locator.click: Timeout 15000ms exceeded.
    Call log:
      - waiting for locator('[data-testid="product-card"], .product-card, .plp-product-card__container').first()


       at helpers/ikea-helpers.js:86

      84 |   // Click on the first product card
      85 |   const productCard = page.locator('[data-testid="product-card"], .product-card, .plp-product-card__container').first();
    > 86 |   await productCard.click();
         |                     ^
      87 |   await page.waitForLoadState('domcontentloaded'); await page.waitForTimeout(3000);
      88 |
      89 |   // Click Add to Bag
        at addProductToCart (/home/runner/work/Wipro_Playwright_Capstone/Wipro_Playwright_Capstone/tests/helpers/ikea-helpers.js:86:21)
        at goToCheckout (/home/runner/work/Wipro_Playwright_Capstone/Wipro_Playwright_Capstone/tests/helpers/modules/checkout-flow.helper.js:16:3)
        at /home/runner/work/Wipro_Playwright_Capstone/Wipro_Playwright_Capstone/tests/checkout-flow.spec.js:28:5

    attachment #1: screenshot (image/png) ──────────────────────────────────────────────────────────
    test-results/checkout-flow-Module-7-—-C-4f8d3-rrect-quantities-and-prices-chromium/test-failed-1.png
    ────────────────────────────────────────────────────────────────────────────────────────────────

    Error Context: test-results/checkout-flow-Module-7-—-C-4f8d3-rrect-quantities-and-prices-chromium/error-context.md

    Retry #1 ───────────────────────────────────────────────────────────────────────────────────────

    TimeoutError: locator.click: Timeout 15000ms exceeded.
    Call log:
      - waiting for locator('[data-testid="product-card"], .product-card, .plp-product-card__container').first()


       at helpers/ikea-helpers.js:86

      84 |   // Click on the first product card
      85 |   const productCard = page.locator('[data-testid="product-card"], .product-card, .plp-product-card__container').first();
    > 86 |   await productCard.click();
         |                     ^
      87 |   await page.waitForLoadState('domcontentloaded'); await page.waitForTimeout(3000);
      88 |
      89 |   // Click Add to Bag
        at addProductToCart (/home/runner/work/Wipro_Playwright_Capstone/Wipro_Playwright_Capstone/tests/helpers/ikea-helpers.js:86:21)
        at goToCheckout (/home/runner/work/Wipro_Playwright_Capstone/Wipro_Playwright_Capstone/tests/helpers/modules/checkout-flow.helper.js:16:3)
        at /home/runner/work/Wipro_Playwright_Capstone/Wipro_Playwright_Capstone/tests/checkout-flow.spec.js:28:5

    attachment #1: screenshot (image/png) ──────────────────────────────────────────────────────────
    test-results/checkout-flow-Module-7-—-C-4f8d3-rrect-quantities-and-prices-chromium-retry1/test-failed-1.png
    ────────────────────────────────────────────────────────────────────────────────────────────────

    Error Context: test-results/checkout-flow-Module-7-—-C-4f8d3-rrect-quantities-and-prices-chromium-retry1/error-context.md

    attachment #3: trace (application/zip) ─────────────────────────────────────────────────────────
    test-results/checkout-flow-Module-7-—-C-4f8d3-rrect-quantities-and-prices-chromium-retry1/trace.zip
    Usage:

        npx playwright show-trace test-results/checkout-flow-Module-7-—-C-4f8d3-rrect-quantities-and-prices-chromium-retry1/trace.zip

    ────────────────────────────────────────────────────────────────────────────────────────────────

    Retry #2 ───────────────────────────────────────────────────────────────────────────────────────

    TimeoutError: locator.click: Timeout 15000ms exceeded.
    Call log:
      - waiting for locator('[data-testid="product-card"], .product-card, .plp-product-card__container').first()


       at helpers/ikea-helpers.js:86

      84 |   // Click on the first product card
      85 |   const productCard = page.locator('[data-testid="product-card"], .product-card, .plp-product-card__container').first();
    > 86 |   await productCard.click();
         |                     ^
      87 |   await page.waitForLoadState('domcontentloaded'); await page.waitForTimeout(3000);
      88 |
      89 |   // Click Add to Bag
        at addProductToCart (/home/runner/work/Wipro_Playwright_Capstone/Wipro_Playwright_Capstone/tests/helpers/ikea-helpers.js:86:21)
        at goToCheckout (/home/runner/work/Wipro_Playwright_Capstone/Wipro_Playwright_Capstone/tests/helpers/modules/checkout-flow.helper.js:16:3)
        at /home/runner/work/Wipro_Playwright_Capstone/Wipro_Playwright_Capstone/tests/checkout-flow.spec.js:28:5

    attachment #1: screenshot (image/png) ──────────────────────────────────────────────────────────
    test-results/checkout-flow-Module-7-—-C-4f8d3-rrect-quantities-and-prices-chromium-retry2/test-failed-1.png
    ────────────────────────────────────────────────────────────────────────────────────────────────

    Error Context: test-results/checkout-flow-Module-7-—-C-4f8d3-rrect-quantities-and-prices-chromium-retry2/error-context.md

  4) [chromium] › tests/checkout-flow.spec.js:38:7 › Module 7 — Checkout Flow › TC_CF_004 — Order total matches cart subtotal 

    TimeoutError: locator.click: Timeout 15000ms exceeded.
    Call log:
      - waiting for locator('[data-testid="product-card"], .product-card, .plp-product-card__container').first()


       at helpers/ikea-helpers.js:86

      84 |   // Click on the first product card
      85 |   const productCard = page.locator('[data-testid="product-card"], .product-card, .plp-product-card__container').first();
    > 86 |   await productCard.click();
         |                     ^
      87 |   await page.waitForLoadState('domcontentloaded'); await page.waitForTimeout(3000);
      88 |
      89 |   // Click Add to Bag
        at addProductToCart (/home/runner/work/Wipro_Playwright_Capstone/Wipro_Playwright_Capstone/tests/helpers/ikea-helpers.js:86:21)
        at /home/runner/work/Wipro_Playwright_Capstone/Wipro_Playwright_Capstone/tests/checkout-flow.spec.js:40:5

    attachment #1: screenshot (image/png) ──────────────────────────────────────────────────────────
    test-results/checkout-flow-Module-7-—-C-da4f9-total-matches-cart-subtotal-chromium/test-failed-1.png
    ────────────────────────────────────────────────────────────────────────────────────────────────

    Error Context: test-results/checkout-flow-Module-7-—-C-da4f9-total-matches-cart-subtotal-chromium/error-context.md

    Retry #1 ───────────────────────────────────────────────────────────────────────────────────────

    TimeoutError: locator.click: Timeout 15000ms exceeded.
    Call log:
      - waiting for locator('[data-testid="product-card"], .product-card, .plp-product-card__container').first()


       at helpers/ikea-helpers.js:86

      84 |   // Click on the first product card
      85 |   const productCard = page.locator('[data-testid="product-card"], .product-card, .plp-product-card__container').first();
    > 86 |   await productCard.click();
         |                     ^
      87 |   await page.waitForLoadState('domcontentloaded'); await page.waitForTimeout(3000);
      88 |
      89 |   // Click Add to Bag
        at addProductToCart (/home/runner/work/Wipro_Playwright_Capstone/Wipro_Playwright_Capstone/tests/helpers/ikea-helpers.js:86:21)
        at /home/runner/work/Wipro_Playwright_Capstone/Wipro_Playwright_Capstone/tests/checkout-flow.spec.js:40:5

    attachment #1: screenshot (image/png) ──────────────────────────────────────────────────────────
    test-results/checkout-flow-Module-7-—-C-da4f9-total-matches-cart-subtotal-chromium-retry1/test-failed-1.png
    ────────────────────────────────────────────────────────────────────────────────────────────────

    Error Context: test-results/checkout-flow-Module-7-—-C-da4f9-total-matches-cart-subtotal-chromium-retry1/error-context.md

    attachment #3: trace (application/zip) ─────────────────────────────────────────────────────────
    test-results/checkout-flow-Module-7-—-C-da4f9-total-matches-cart-subtotal-chromium-retry1/trace.zip
    Usage:

        npx playwright show-trace test-results/checkout-flow-Module-7-—-C-da4f9-total-matches-cart-subtotal-chromium-retry1/trace.zip

    ────────────────────────────────────────────────────────────────────────────────────────────────

    Retry #2 ───────────────────────────────────────────────────────────────────────────────────────

    TimeoutError: locator.click: Timeout 15000ms exceeded.
    Call log:
      - waiting for locator('[data-testid="product-card"], .product-card, .plp-product-card__container').first()


       at helpers/ikea-helpers.js:86

      84 |   // Click on the first product card
      85 |   const productCard = page.locator('[data-testid="product-card"], .product-card, .plp-product-card__container').first();
    > 86 |   await productCard.click();
         |                     ^
      87 |   await page.waitForLoadState('domcontentloaded'); await page.waitForTimeout(3000);
      88 |
      89 |   // Click Add to Bag
        at addProductToCart (/home/runner/work/Wipro_Playwright_Capstone/Wipro_Playwright_Capstone/tests/helpers/ikea-helpers.js:86:21)
        at /home/runner/work/Wipro_Playwright_Capstone/Wipro_Playwright_Capstone/tests/checkout-flow.spec.js:40:5

    attachment #1: screenshot (image/png) ──────────────────────────────────────────────────────────
    test-results/checkout-flow-Module-7-—-C-da4f9-total-matches-cart-subtotal-chromium-retry2/test-failed-1.png
    ────────────────────────────────────────────────────────────────────────────────────────────────

    Error Context: test-results/checkout-flow-Module-7-—-C-da4f9-total-matches-cart-subtotal-chromium-retry2/error-context.md

  5) [chromium] › tests/checkout-flow.spec.js:57:7 › Module 7 — Checkout Flow › TC_CF_005 — Saved address auto-populates delivery form 

    TimeoutError: locator.click: Timeout 15000ms exceeded.
    Call log:
      - waiting for locator('[data-testid="product-card"], .product-card, .plp-product-card__container').first()


       at helpers/ikea-helpers.js:86

      84 |   // Click on the first product card
      85 |   const productCard = page.locator('[data-testid="product-card"], .product-card, .plp-product-card__container').first();
    > 86 |   await productCard.click();
         |                     ^
      87 |   await page.waitForLoadState('domcontentloaded'); await page.waitForTimeout(3000);
      88 |
      89 |   // Click Add to Bag
        at addProductToCart (/home/runner/work/Wipro_Playwright_Capstone/Wipro_Playwright_Capstone/tests/helpers/ikea-helpers.js:86:21)
        at goToCheckout (/home/runner/work/Wipro_Playwright_Capstone/Wipro_Playwright_Capstone/tests/helpers/modules/checkout-flow.helper.js:16:3)
        at /home/runner/work/Wipro_Playwright_Capstone/Wipro_Playwright_Capstone/tests/checkout-flow.spec.js:58:5

    attachment #1: screenshot (image/png) ──────────────────────────────────────────────────────────
    test-results/checkout-flow-Module-7-—-C-08b63-uto-populates-delivery-form-chromium/test-failed-1.png
    ────────────────────────────────────────────────────────────────────────────────────────────────

    Error Context: test-results/checkout-flow-Module-7-—-C-08b63-uto-populates-delivery-form-chromium/error-context.md

    Retry #1 ───────────────────────────────────────────────────────────────────────────────────────

    TimeoutError: locator.click: Timeout 15000ms exceeded.
    Call log:
      - waiting for locator('[data-testid="product-card"], .product-card, .plp-product-card__container').first()


       at helpers/ikea-helpers.js:86

      84 |   // Click on the first product card
      85 |   const productCard = page.locator('[data-testid="product-card"], .product-card, .plp-product-card__container').first();
    > 86 |   await productCard.click();
         |                     ^
      87 |   await page.waitForLoadState('domcontentloaded'); await page.waitForTimeout(3000);
      88 |
      89 |   // Click Add to Bag
        at addProductToCart (/home/runner/work/Wipro_Playwright_Capstone/Wipro_Playwright_Capstone/tests/helpers/ikea-helpers.js:86:21)
        at goToCheckout (/home/runner/work/Wipro_Playwright_Capstone/Wipro_Playwright_Capstone/tests/helpers/modules/checkout-flow.helper.js:16:3)
        at /home/runner/work/Wipro_Playwright_Capstone/Wipro_Playwright_Capstone/tests/checkout-flow.spec.js:58:5

    attachment #1: screenshot (image/png) ──────────────────────────────────────────────────────────
    test-results/checkout-flow-Module-7-—-C-08b63-uto-populates-delivery-form-chromium-retry1/test-failed-1.png
    ────────────────────────────────────────────────────────────────────────────────────────────────

    Error Context: test-results/checkout-flow-Module-7-—-C-08b63-uto-populates-delivery-form-chromium-retry1/error-context.md

    attachment #3: trace (application/zip) ─────────────────────────────────────────────────────────
    test-results/checkout-flow-Module-7-—-C-08b63-uto-populates-delivery-form-chromium-retry1/trace.zip
    Usage:

        npx playwright show-trace test-results/checkout-flow-Module-7-—-C-08b63-uto-populates-delivery-form-chromium-retry1/trace.zip

    ────────────────────────────────────────────────────────────────────────────────────────────────

    Retry #2 ───────────────────────────────────────────────────────────────────────────────────────

    TimeoutError: locator.click: Timeout 15000ms exceeded.
    Call log:
      - waiting for locator('[data-testid="product-card"], .product-card, .plp-product-card__container').first()


       at helpers/ikea-helpers.js:86

      84 |   // Click on the first product card
      85 |   const productCard = page.locator('[data-testid="product-card"], .product-card, .plp-product-card__container').first();
    > 86 |   await productCard.click();
         |                     ^
      87 |   await page.waitForLoadState('domcontentloaded'); await page.waitForTimeout(3000);
      88 |
      89 |   // Click Add to Bag
        at addProductToCart (/home/runner/work/Wipro_Playwright_Capstone/Wipro_Playwright_Capstone/tests/helpers/ikea-helpers.js:86:21)
        at goToCheckout (/home/runner/work/Wipro_Playwright_Capstone/Wipro_Playwright_Capstone/tests/helpers/modules/checkout-flow.helper.js:16:3)
        at /home/runner/work/Wipro_Playwright_Capstone/Wipro_Playwright_Capstone/tests/checkout-flow.spec.js:58:5

    attachment #1: screenshot (image/png) ──────────────────────────────────────────────────────────
    test-results/checkout-flow-Module-7-—-C-08b63-uto-populates-delivery-form-chromium-retry2/test-failed-1.png
    ────────────────────────────────────────────────────────────────────────────────────────────────

    Error Context: test-results/checkout-flow-Module-7-—-C-08b63-uto-populates-delivery-form-chromium-retry2/error-context.md

  6) [chromium] › tests/checkout-flow.spec.js:73:7 › Module 7 — Checkout Flow › TC_CF_006 — Address form validates all required fields 

    TimeoutError: locator.click: Timeout 15000ms exceeded.
    Call log:
      - waiting for locator('[data-testid="product-card"], .product-card, .plp-product-card__container').first()


       at helpers/ikea-helpers.js:86

      84 |   // Click on the first product card
      85 |   const productCard = page.locator('[data-testid="product-card"], .product-card, .plp-product-card__container').first();
    > 86 |   await productCard.click();
         |                     ^
      87 |   await page.waitForLoadState('domcontentloaded'); await page.waitForTimeout(3000);
      88 |
      89 |   // Click Add to Bag
        at addProductToCart (/home/runner/work/Wipro_Playwright_Capstone/Wipro_Playwright_Capstone/tests/helpers/ikea-helpers.js:86:21)
        at goToCheckout (/home/runner/work/Wipro_Playwright_Capstone/Wipro_Playwright_Capstone/tests/helpers/modules/checkout-flow.helper.js:16:3)
        at /home/runner/work/Wipro_Playwright_Capstone/Wipro_Playwright_Capstone/tests/checkout-flow.spec.js:74:5

    attachment #1: screenshot (image/png) ──────────────────────────────────────────────────────────
    test-results/checkout-flow-Module-7-—-C-c51dc-lidates-all-required-fields-chromium/test-failed-1.png
    ────────────────────────────────────────────────────────────────────────────────────────────────

    Error Context: test-results/checkout-flow-Module-7-—-C-c51dc-lidates-all-required-fields-chromium/error-context.md

    Retry #1 ───────────────────────────────────────────────────────────────────────────────────────

    TimeoutError: locator.click: Timeout 15000ms exceeded.
    Call log:
      - waiting for locator('[data-testid="product-card"], .product-card, .plp-product-card__container').first()


       at helpers/ikea-helpers.js:86

      84 |   // Click on the first product card
      85 |   const productCard = page.locator('[data-testid="product-card"], .product-card, .plp-product-card__container').first();
    > 86 |   await productCard.click();
         |                     ^
      87 |   await page.waitForLoadState('domcontentloaded'); await page.waitForTimeout(3000);
      88 |
      89 |   // Click Add to Bag
        at addProductToCart (/home/runner/work/Wipro_Playwright_Capstone/Wipro_Playwright_Capstone/tests/helpers/ikea-helpers.js:86:21)
        at goToCheckout (/home/runner/work/Wipro_Playwright_Capstone/Wipro_Playwright_Capstone/tests/helpers/modules/checkout-flow.helper.js:16:3)
        at /home/runner/work/Wipro_Playwright_Capstone/Wipro_Playwright_Capstone/tests/checkout-flow.spec.js:74:5

    attachment #1: screenshot (image/png) ──────────────────────────────────────────────────────────
    test-results/checkout-flow-Module-7-—-C-c51dc-lidates-all-required-fields-chromium-retry1/test-failed-1.png
    ────────────────────────────────────────────────────────────────────────────────────────────────

    Error Context: test-results/checkout-flow-Module-7-—-C-c51dc-lidates-all-required-fields-chromium-retry1/error-context.md

    attachment #3: trace (application/zip) ─────────────────────────────────────────────────────────
    test-results/checkout-flow-Module-7-—-C-c51dc-lidates-all-required-fields-chromium-retry1/trace.zip
    Usage:

        npx playwright show-trace test-results/checkout-flow-Module-7-—-C-c51dc-lidates-all-required-fields-chromium-retry1/trace.zip

    ────────────────────────────────────────────────────────────────────────────────────────────────

    Retry #2 ───────────────────────────────────────────────────────────────────────────────────────

    TimeoutError: locator.click: Timeout 15000ms exceeded.
    Call log:
      - waiting for locator('[data-testid="product-card"], .product-card, .plp-product-card__container').first()


       at helpers/ikea-helpers.js:86

      84 |   // Click on the first product card
      85 |   const productCard = page.locator('[data-testid="product-card"], .product-card, .plp-product-card__container').first();
    > 86 |   await productCard.click();
         |                     ^
      87 |   await page.waitForLoadState('domcontentloaded'); await page.waitForTimeout(3000);
      88 |
      89 |   // Click Add to Bag
        at addProductToCart (/home/runner/work/Wipro_Playwright_Capstone/Wipro_Playwright_Capstone/tests/helpers/ikea-helpers.js:86:21)
        at goToCheckout (/home/runner/work/Wipro_Playwright_Capstone/Wipro_Playwright_Capstone/tests/helpers/modules/checkout-flow.helper.js:16:3)
        at /home/runner/work/Wipro_Playwright_Capstone/Wipro_Playwright_Capstone/tests/checkout-flow.spec.js:74:5

    attachment #1: screenshot (image/png) ──────────────────────────────────────────────────────────
    test-results/checkout-flow-Module-7-—-C-c51dc-lidates-all-required-fields-chromium-retry2/test-failed-1.png
    ────────────────────────────────────────────────────────────────────────────────────────────────

    Error Context: test-results/checkout-flow-Module-7-—-C-c51dc-lidates-all-required-fields-chromium-retry2/error-context.md

  7) [chromium] › tests/checkout-flow.spec.js:91:7 › Module 7 — Checkout Flow › TC_CF_007 — PIN code validates 6-digit format 

    TimeoutError: locator.click: Timeout 15000ms exceeded.
    Call log:
      - waiting for locator('[data-testid="product-card"], .product-card, .plp-product-card__container').first()


       at helpers/ikea-helpers.js:86

      84 |   // Click on the first product card
      85 |   const productCard = page.locator('[data-testid="product-card"], .product-card, .plp-product-card__container').first();
    > 86 |   await productCard.click();
         |                     ^
      87 |   await page.waitForLoadState('domcontentloaded'); await page.waitForTimeout(3000);
      88 |
      89 |   // Click Add to Bag
        at addProductToCart (/home/runner/work/Wipro_Playwright_Capstone/Wipro_Playwright_Capstone/tests/helpers/ikea-helpers.js:86:21)
        at goToCheckout (/home/runner/work/Wipro_Playwright_Capstone/Wipro_Playwright_Capstone/tests/helpers/modules/checkout-flow.helper.js:16:3)
        at /home/runner/work/Wipro_Playwright_Capstone/Wipro_Playwright_Capstone/tests/checkout-flow.spec.js:92:5

    attachment #1: screenshot (image/png) ──────────────────────────────────────────────────────────
    test-results/checkout-flow-Module-7-—-C-4effb-de-validates-6-digit-format-chromium/test-failed-1.png
    ────────────────────────────────────────────────────────────────────────────────────────────────

    Error Context: test-results/checkout-flow-Module-7-—-C-4effb-de-validates-6-digit-format-chromium/error-context.md

    Retry #1 ───────────────────────────────────────────────────────────────────────────────────────

    TimeoutError: locator.click: Timeout 15000ms exceeded.
    Call log:
      - waiting for locator('[data-testid="product-card"], .product-card, .plp-product-card__container').first()


       at helpers/ikea-helpers.js:86

      84 |   // Click on the first product card
      85 |   const productCard = page.locator('[data-testid="product-card"], .product-card, .plp-product-card__container').first();
    > 86 |   await productCard.click();
         |                     ^
      87 |   await page.waitForLoadState('domcontentloaded'); await page.waitForTimeout(3000);
      88 |
      89 |   // Click Add to Bag
        at addProductToCart (/home/runner/work/Wipro_Playwright_Capstone/Wipro_Playwright_Capstone/tests/helpers/ikea-helpers.js:86:21)
        at goToCheckout (/home/runner/work/Wipro_Playwright_Capstone/Wipro_Playwright_Capstone/tests/helpers/modules/checkout-flow.helper.js:16:3)
        at /home/runner/work/Wipro_Playwright_Capstone/Wipro_Playwright_Capstone/tests/checkout-flow.spec.js:92:5

    attachment #1: screenshot (image/png) ──────────────────────────────────────────────────────────
    test-results/checkout-flow-Module-7-—-C-4effb-de-validates-6-digit-format-chromium-retry1/test-failed-1.png
    ────────────────────────────────────────────────────────────────────────────────────────────────

    Error Context: test-results/checkout-flow-Module-7-—-C-4effb-de-validates-6-digit-format-chromium-retry1/error-context.md

    attachment #3: trace (application/zip) ─────────────────────────────────────────────────────────
    test-results/checkout-flow-Module-7-—-C-4effb-de-validates-6-digit-format-chromium-retry1/trace.zip
    Usage:

        npx playwright show-trace test-results/checkout-flow-Module-7-—-C-4effb-de-validates-6-digit-format-chromium-retry1/trace.zip

    ────────────────────────────────────────────────────────────────────────────────────────────────

    Retry #2 ───────────────────────────────────────────────────────────────────────────────────────

    TimeoutError: locator.click: Timeout 15000ms exceeded.
    Call log:
      - waiting for locator('[data-testid="product-card"], .product-card, .plp-product-card__container').first()


       at helpers/ikea-helpers.js:86

      84 |   // Click on the first product card
      85 |   const productCard = page.locator('[data-testid="product-card"], .product-card, .plp-product-card__container').first();
    > 86 |   await productCard.click();
         |                     ^
      87 |   await page.waitForLoadState('domcontentloaded'); await page.waitForTimeout(3000);
      88 |
      89 |   // Click Add to Bag
        at addProductToCart (/home/runner/work/Wipro_Playwright_Capstone/Wipro_Playwright_Capstone/tests/helpers/ikea-helpers.js:86:21)
        at goToCheckout (/home/runner/work/Wipro_Playwright_Capstone/Wipro_Playwright_Capstone/tests/helpers/modules/checkout-flow.helper.js:16:3)
        at /home/runner/work/Wipro_Playwright_Capstone/Wipro_Playwright_Capstone/tests/checkout-flow.spec.js:92:5

    attachment #1: screenshot (image/png) ──────────────────────────────────────────────────────────
    test-results/checkout-flow-Module-7-—-C-4effb-de-validates-6-digit-format-chromium-retry2/test-failed-1.png
    ────────────────────────────────────────────────────────────────────────────────────────────────

    Error Context: test-results/checkout-flow-Module-7-—-C-4effb-de-validates-6-digit-format-chromium-retry2/error-context.md

  8) [chromium] › tests/checkout-flow.spec.js:120:7 › Module 7 — Checkout Flow › TC_CF_008 — Phone number validates Indian mobile format 

    TimeoutError: locator.click: Timeout 15000ms exceeded.
    Call log:
      - waiting for locator('[data-testid="product-card"], .product-card, .plp-product-card__container').first()


       at helpers/ikea-helpers.js:86

      84 |   // Click on the first product card
      85 |   const productCard = page.locator('[data-testid="product-card"], .product-card, .plp-product-card__container').first();
    > 86 |   await productCard.click();
         |                     ^
      87 |   await page.waitForLoadState('domcontentloaded'); await page.waitForTimeout(3000);
      88 |
      89 |   // Click Add to Bag
        at addProductToCart (/home/runner/work/Wipro_Playwright_Capstone/Wipro_Playwright_Capstone/tests/helpers/ikea-helpers.js:86:21)
        at goToCheckout (/home/runner/work/Wipro_Playwright_Capstone/Wipro_Playwright_Capstone/tests/helpers/modules/checkout-flow.helper.js:16:3)
        at /home/runner/work/Wipro_Playwright_Capstone/Wipro_Playwright_Capstone/tests/checkout-flow.spec.js:121:5

    attachment #1: screenshot (image/png) ──────────────────────────────────────────────────────────
    test-results/checkout-flow-Module-7-—-C-f8508-idates-Indian-mobile-format-chromium/test-failed-1.png
    ────────────────────────────────────────────────────────────────────────────────────────────────

    Error Context: test-results/checkout-flow-Module-7-—-C-f8508-idates-Indian-mobile-format-chromium/error-context.md

    Retry #1 ───────────────────────────────────────────────────────────────────────────────────────

    TimeoutError: locator.click: Timeout 15000ms exceeded.
    Call log:
      - waiting for locator('[data-testid="product-card"], .product-card, .plp-product-card__container').first()


       at helpers/ikea-helpers.js:86

      84 |   // Click on the first product card
      85 |   const productCard = page.locator('[data-testid="product-card"], .product-card, .plp-product-card__container').first();
    > 86 |   await productCard.click();
         |                     ^
      87 |   await page.waitForLoadState('domcontentloaded'); await page.waitForTimeout(3000);
      88 |
      89 |   // Click Add to Bag
        at addProductToCart (/home/runner/work/Wipro_Playwright_Capstone/Wipro_Playwright_Capstone/tests/helpers/ikea-helpers.js:86:21)
        at goToCheckout (/home/runner/work/Wipro_Playwright_Capstone/Wipro_Playwright_Capstone/tests/helpers/modules/checkout-flow.helper.js:16:3)
        at /home/runner/work/Wipro_Playwright_Capstone/Wipro_Playwright_Capstone/tests/checkout-flow.spec.js:121:5

    attachment #1: screenshot (image/png) ──────────────────────────────────────────────────────────
    test-results/checkout-flow-Module-7-—-C-f8508-idates-Indian-mobile-format-chromium-retry1/test-failed-1.png
    ────────────────────────────────────────────────────────────────────────────────────────────────

    Error Context: test-results/checkout-flow-Module-7-—-C-f8508-idates-Indian-mobile-format-chromium-retry1/error-context.md

    attachment #3: trace (application/zip) ─────────────────────────────────────────────────────────
    test-results/checkout-flow-Module-7-—-C-f8508-idates-Indian-mobile-format-chromium-retry1/trace.zip
    Usage:

        npx playwright show-trace test-results/checkout-flow-Module-7-—-C-f8508-idates-Indian-mobile-format-chromium-retry1/trace.zip

    ────────────────────────────────────────────────────────────────────────────────────────────────

    Retry #2 ───────────────────────────────────────────────────────────────────────────────────────

    TimeoutError: locator.click: Timeout 15000ms exceeded.
    Call log:
      - waiting for locator('[data-testid="product-card"], .product-card, .plp-product-card__container').first()


       at helpers/ikea-helpers.js:86

      84 |   // Click on the first product card
      85 |   const productCard = page.locator('[data-testid="product-card"], .product-card, .plp-product-card__container').first();
    > 86 |   await productCard.click();
         |                     ^
      87 |   await page.waitForLoadState('domcontentloaded'); await page.waitForTimeout(3000);
      88 |
      89 |   // Click Add to Bag
        at addProductToCart (/home/runner/work/Wipro_Playwright_Capstone/Wipro_Playwright_Capstone/tests/helpers/ikea-helpers.js:86:21)
        at goToCheckout (/home/runner/work/Wipro_Playwright_Capstone/Wipro_Playwright_Capstone/tests/helpers/modules/checkout-flow.helper.js:16:3)
        at /home/runner/work/Wipro_Playwright_Capstone/Wipro_Playwright_Capstone/tests/checkout-flow.spec.js:121:5

    attachment #1: screenshot (image/png) ──────────────────────────────────────────────────────────
    test-results/checkout-flow-Module-7-—-C-f8508-idates-Indian-mobile-format-chromium-retry2/test-failed-1.png
    ────────────────────────────────────────────────────────────────────────────────────────────────

    Error Context: test-results/checkout-flow-Module-7-—-C-f8508-idates-Indian-mobile-format-chromium-retry2/error-context.md

  9) [chromium] › tests/checkout-flow.spec.js:140:7 › Module 7 — Checkout Flow › TC_CF_009 — Adding new address during checkout preserves cart 

    TimeoutError: locator.click: Timeout 15000ms exceeded.
    Call log:
      - waiting for locator('[data-testid="product-card"], .product-card, .plp-product-card__container').first()


       at helpers/ikea-helpers.js:86

      84 |   // Click on the first product card
      85 |   const productCard = page.locator('[data-testid="product-card"], .product-card, .plp-product-card__container').first();
    > 86 |   await productCard.click();
         |                     ^
      87 |   await page.waitForLoadState('domcontentloaded'); await page.waitForTimeout(3000);
      88 |
      89 |   // Click Add to Bag
        at addProductToCart (/home/runner/work/Wipro_Playwright_Capstone/Wipro_Playwright_Capstone/tests/helpers/ikea-helpers.js:86:21)
        at goToCheckout (/home/runner/work/Wipro_Playwright_Capstone/Wipro_Playwright_Capstone/tests/helpers/modules/checkout-flow.helper.js:16:3)
        at /home/runner/work/Wipro_Playwright_Capstone/Wipro_Playwright_Capstone/tests/checkout-flow.spec.js:141:5

    attachment #1: screenshot (image/png) ──────────────────────────────────────────────────────────
    test-results/checkout-flow-Module-7-—-C-e07fe-ing-checkout-preserves-cart-chromium/test-failed-1.png
    ────────────────────────────────────────────────────────────────────────────────────────────────

    Error Context: test-results/checkout-flow-Module-7-—-C-e07fe-ing-checkout-preserves-cart-chromium/error-context.md

    Retry #1 ───────────────────────────────────────────────────────────────────────────────────────

    TimeoutError: locator.click: Timeout 15000ms exceeded.
    Call log:
      - waiting for locator('[data-testid="product-card"], .product-card, .plp-product-card__container').first()


       at helpers/ikea-helpers.js:86

      84 |   // Click on the first product card
      85 |   const productCard = page.locator('[data-testid="product-card"], .product-card, .plp-product-card__container').first();
    > 86 |   await productCard.click();
         |                     ^
      87 |   await page.waitForLoadState('domcontentloaded'); await page.waitForTimeout(3000);
      88 |
      89 |   // Click Add to Bag
        at addProductToCart (/home/runner/work/Wipro_Playwright_Capstone/Wipro_Playwright_Capstone/tests/helpers/ikea-helpers.js:86:21)
        at goToCheckout (/home/runner/work/Wipro_Playwright_Capstone/Wipro_Playwright_Capstone/tests/helpers/modules/checkout-flow.helper.js:16:3)
        at /home/runner/work/Wipro_Playwright_Capstone/Wipro_Playwright_Capstone/tests/checkout-flow.spec.js:141:5

    attachment #1: screenshot (image/png) ──────────────────────────────────────────────────────────
    test-results/checkout-flow-Module-7-—-C-e07fe-ing-checkout-preserves-cart-chromium-retry1/test-failed-1.png
    ────────────────────────────────────────────────────────────────────────────────────────────────

    Error Context: test-results/checkout-flow-Module-7-—-C-e07fe-ing-checkout-preserves-cart-chromium-retry1/error-context.md

    attachment #3: trace (application/zip) ─────────────────────────────────────────────────────────
    test-results/checkout-flow-Module-7-—-C-e07fe-ing-checkout-preserves-cart-chromium-retry1/trace.zip
    Usage:

        npx playwright show-trace test-results/checkout-flow-Module-7-—-C-e07fe-ing-checkout-preserves-cart-chromium-retry1/trace.zip

    ────────────────────────────────────────────────────────────────────────────────────────────────

    Retry #2 ───────────────────────────────────────────────────────────────────────────────────────

    TimeoutError: locator.click: Timeout 15000ms exceeded.
    Call log:
      - waiting for locator('[data-testid="product-card"], .product-card, .plp-product-card__container').first()


       at helpers/ikea-helpers.js:86

      84 |   // Click on the first product card
      85 |   const productCard = page.locator('[data-testid="product-card"], .product-card, .plp-product-card__container').first();
    > 86 |   await productCard.click();
         |                     ^
      87 |   await page.waitForLoadState('domcontentloaded'); await page.waitForTimeout(3000);
      88 |
      89 |   // Click Add to Bag
        at addProductToCart (/home/runner/work/Wipro_Playwright_Capstone/Wipro_Playwright_Capstone/tests/helpers/ikea-helpers.js:86:21)
        at goToCheckout (/home/runner/work/Wipro_Playwright_Capstone/Wipro_Playwright_Capstone/tests/helpers/modules/checkout-flow.helper.js:16:3)
        at /home/runner/work/Wipro_Playwright_Capstone/Wipro_Playwright_Capstone/tests/checkout-flow.spec.js:141:5

    attachment #1: screenshot (image/png) ──────────────────────────────────────────────────────────
    test-results/checkout-flow-Module-7-—-C-e07fe-ing-checkout-preserves-cart-chromium-retry2/test-failed-1.png
    ────────────────────────────────────────────────────────────────────────────────────────────────

    Error Context: test-results/checkout-flow-Module-7-—-C-e07fe-ing-checkout-preserves-cart-chromium-retry2/error-context.md

  10) [chromium] › tests/checkout-flow.spec.js:157:7 › Module 7 — Checkout Flow › TC_CF_010 — Delivery method step shows shipping options 

    TimeoutError: locator.click: Timeout 15000ms exceeded.
    Call log:
      - waiting for locator('[data-testid="product-card"], .product-card, .plp-product-card__container').first()


       at helpers/ikea-helpers.js:86

      84 |   // Click on the first product card
      85 |   const productCard = page.locator('[data-testid="product-card"], .product-card, .plp-product-card__container').first();
    > 86 |   await productCard.click();
         |                     ^
      87 |   await page.waitForLoadState('domcontentloaded'); await page.waitForTimeout(3000);
      88 |
      89 |   // Click Add to Bag
        at addProductToCart (/home/runner/work/Wipro_Playwright_Capstone/Wipro_Playwright_Capstone/tests/helpers/ikea-helpers.js:86:21)
        at goToCheckout (/home/runner/work/Wipro_Playwright_Capstone/Wipro_Playwright_Capstone/tests/helpers/modules/checkout-flow.helper.js:16:3)
        at /home/runner/work/Wipro_Playwright_Capstone/Wipro_Playwright_Capstone/tests/checkout-flow.spec.js:158:5

    attachment #1: screenshot (image/png) ──────────────────────────────────────────────────────────
    test-results/checkout-flow-Module-7-—-C-ca087-step-shows-shipping-options-chromium/test-failed-1.png
    ────────────────────────────────────────────────────────────────────────────────────────────────

    Error Context: test-results/checkout-flow-Module-7-—-C-ca087-step-shows-shipping-options-chromium/error-context.md

    Retry #1 ───────────────────────────────────────────────────────────────────────────────────────

    TimeoutError: locator.click: Timeout 15000ms exceeded.
    Call log:
      - waiting for locator('[data-testid="product-card"], .product-card, .plp-product-card__container').first()


       at helpers/ikea-helpers.js:86

      84 |   // Click on the first product card
      85 |   const productCard = page.locator('[data-testid="product-card"], .product-card, .plp-product-card__container').first();
    > 86 |   await productCard.click();
         |                     ^
      87 |   await page.waitForLoadState('domcontentloaded'); await page.waitForTimeout(3000);
      88 |
      89 |   // Click Add to Bag
        at addProductToCart (/home/runner/work/Wipro_Playwright_Capstone/Wipro_Playwright_Capstone/tests/helpers/ikea-helpers.js:86:21)
        at goToCheckout (/home/runner/work/Wipro_Playwright_Capstone/Wipro_Playwright_Capstone/tests/helpers/modules/checkout-flow.helper.js:16:3)
        at /home/runner/work/Wipro_Playwright_Capstone/Wipro_Playwright_Capstone/tests/checkout-flow.spec.js:158:5

    attachment #1: screenshot (image/png) ──────────────────────────────────────────────────────────
    test-results/checkout-flow-Module-7-—-C-ca087-step-shows-shipping-options-chromium-retry1/test-failed-1.png
    ────────────────────────────────────────────────────────────────────────────────────────────────

    Error Context: test-results/checkout-flow-Module-7-—-C-ca087-step-shows-shipping-options-chromium-retry1/error-context.md

    attachment #3: trace (application/zip) ─────────────────────────────────────────────────────────
    test-results/checkout-flow-Module-7-—-C-ca087-step-shows-shipping-options-chromium-retry1/trace.zip
    Usage:

        npx playwright show-trace test-results/checkout-flow-Module-7-—-C-ca087-step-shows-shipping-options-chromium-retry1/trace.zip

    ────────────────────────────────────────────────────────────────────────────────────────────────

    Retry #2 ───────────────────────────────────────────────────────────────────────────────────────

    TimeoutError: locator.click: Timeout 15000ms exceeded.
    Call log:
      - waiting for locator('[data-testid="product-card"], .product-card, .plp-product-card__container').first()


       at helpers/ikea-helpers.js:86

      84 |   // Click on the first product card
      85 |   const productCard = page.locator('[data-testid="product-card"], .product-card, .plp-product-card__container').first();
    > 86 |   await productCard.click();
         |                     ^
      87 |   await page.waitForLoadState('domcontentloaded'); await page.waitForTimeout(3000);
      88 |
      89 |   // Click Add to Bag
        at addProductToCart (/home/runner/work/Wipro_Playwright_Capstone/Wipro_Playwright_Capstone/tests/helpers/ikea-helpers.js:86:21)
        at goToCheckout (/home/runner/work/Wipro_Playwright_Capstone/Wipro_Playwright_Capstone/tests/helpers/modules/checkout-flow.helper.js:16:3)
        at /home/runner/work/Wipro_Playwright_Capstone/Wipro_Playwright_Capstone/tests/checkout-flow.spec.js:158:5

    attachment #1: screenshot (image/png) ──────────────────────────────────────────────────────────
    test-results/checkout-flow-Module-7-—-C-ca087-step-shows-shipping-options-chromium-retry2/test-failed-1.png
    ────────────────────────────────────────────────────────────────────────────────────────────────

    Error Context: test-results/checkout-flow-Module-7-—-C-ca087-step-shows-shipping-options-chromium-retry2/error-context.md

  11) [chromium] › tests/checkout-flow.spec.js:169:7 › Module 7 — Checkout Flow › TC_CF_011 — Order summary reflects delivery charge 

    TimeoutError: locator.click: Timeout 15000ms exceeded.
    Call log:
      - waiting for locator('[data-testid="product-card"], .product-card, .plp-product-card__container').first()


       at helpers/ikea-helpers.js:86

      84 |   // Click on the first product card
      85 |   const productCard = page.locator('[data-testid="product-card"], .product-card, .plp-product-card__container').first();
    > 86 |   await productCard.click();
         |                     ^
      87 |   await page.waitForLoadState('domcontentloaded'); await page.waitForTimeout(3000);
      88 |
      89 |   // Click Add to Bag
        at addProductToCart (/home/runner/work/Wipro_Playwright_Capstone/Wipro_Playwright_Capstone/tests/helpers/ikea-helpers.js:86:21)
        at goToCheckout (/home/runner/work/Wipro_Playwright_Capstone/Wipro_Playwright_Capstone/tests/helpers/modules/checkout-flow.helper.js:16:3)
        at /home/runner/work/Wipro_Playwright_Capstone/Wipro_Playwright_Capstone/tests/checkout-flow.spec.js:170:5

    attachment #1: screenshot (image/png) ──────────────────────────────────────────────────────────
    test-results/checkout-flow-Module-7-—-C-3143a-ry-reflects-delivery-charge-chromium/test-failed-1.png
    ────────────────────────────────────────────────────────────────────────────────────────────────

    Error Context: test-results/checkout-flow-Module-7-—-C-3143a-ry-reflects-delivery-charge-chromium/error-context.md

    Retry #1 ───────────────────────────────────────────────────────────────────────────────────────

    TimeoutError: locator.click: Timeout 15000ms exceeded.
    Call log:
      - waiting for locator('[data-testid="product-card"], .product-card, .plp-product-card__container').first()


       at helpers/ikea-helpers.js:86

      84 |   // Click on the first product card
      85 |   const productCard = page.locator('[data-testid="product-card"], .product-card, .plp-product-card__container').first();
    > 86 |   await productCard.click();
         |                     ^
      87 |   await page.waitForLoadState('domcontentloaded'); await page.waitForTimeout(3000);
      88 |
      89 |   // Click Add to Bag
        at addProductToCart (/home/runner/work/Wipro_Playwright_Capstone/Wipro_Playwright_Capstone/tests/helpers/ikea-helpers.js:86:21)
        at goToCheckout (/home/runner/work/Wipro_Playwright_Capstone/Wipro_Playwright_Capstone/tests/helpers/modules/checkout-flow.helper.js:16:3)
        at /home/runner/work/Wipro_Playwright_Capstone/Wipro_Playwright_Capstone/tests/checkout-flow.spec.js:170:5

    attachment #1: screenshot (image/png) ──────────────────────────────────────────────────────────
    test-results/checkout-flow-Module-7-—-C-3143a-ry-reflects-delivery-charge-chromium-retry1/test-failed-1.png
    ────────────────────────────────────────────────────────────────────────────────────────────────

    Error Context: test-results/checkout-flow-Module-7-—-C-3143a-ry-reflects-delivery-charge-chromium-retry1/error-context.md

    attachment #3: trace (application/zip) ─────────────────────────────────────────────────────────
    test-results/checkout-flow-Module-7-—-C-3143a-ry-reflects-delivery-charge-chromium-retry1/trace.zip
    Usage:

        npx playwright show-trace test-results/checkout-flow-Module-7-—-C-3143a-ry-reflects-delivery-charge-chromium-retry1/trace.zip

    ────────────────────────────────────────────────────────────────────────────────────────────────

    Retry #2 ───────────────────────────────────────────────────────────────────────────────────────

    TimeoutError: locator.click: Timeout 15000ms exceeded.
    Call log:
      - waiting for locator('[data-testid="product-card"], .product-card, .plp-product-card__container').first()


       at helpers/ikea-helpers.js:86

      84 |   // Click on the first product card
      85 |   const productCard = page.locator('[data-testid="product-card"], .product-card, .plp-product-card__container').first();
    > 86 |   await productCard.click();
         |                     ^
      87 |   await page.waitForLoadState('domcontentloaded'); await page.waitForTimeout(3000);
      88 |
      89 |   // Click Add to Bag
        at addProductToCart (/home/runner/work/Wipro_Playwright_Capstone/Wipro_Playwright_Capstone/tests/helpers/ikea-helpers.js:86:21)
        at goToCheckout (/home/runner/work/Wipro_Playwright_Capstone/Wipro_Playwright_Capstone/tests/helpers/modules/checkout-flow.helper.js:16:3)
        at /home/runner/work/Wipro_Playwright_Capstone/Wipro_Playwright_Capstone/tests/checkout-flow.spec.js:170:5

    attachment #1: screenshot (image/png) ──────────────────────────────────────────────────────────
    test-results/checkout-flow-Module-7-—-C-3143a-ry-reflects-delivery-charge-chromium-retry2/test-failed-1.png
    ────────────────────────────────────────────────────────────────────────────────────────────────

    Error Context: test-results/checkout-flow-Module-7-—-C-3143a-ry-reflects-delivery-charge-chromium-retry2/error-context.md

  12) [chromium] › tests/checkout-flow.spec.js:176:7 › Module 7 — Checkout Flow › TC_CF_012 — Payment page shows accepted payment methods 

    TimeoutError: locator.click: Timeout 15000ms exceeded.
    Call log:
      - waiting for locator('[data-testid="product-card"], .product-card, .plp-product-card__container').first()


       at helpers/ikea-helpers.js:86

      84 |   // Click on the first product card
      85 |   const productCard = page.locator('[data-testid="product-card"], .product-card, .plp-product-card__container').first();
    > 86 |   await productCard.click();
         |                     ^
      87 |   await page.waitForLoadState('domcontentloaded'); await page.waitForTimeout(3000);
      88 |
      89 |   // Click Add to Bag
        at addProductToCart (/home/runner/work/Wipro_Playwright_Capstone/Wipro_Playwright_Capstone/tests/helpers/ikea-helpers.js:86:21)
        at goToCheckout (/home/runner/work/Wipro_Playwright_Capstone/Wipro_Playwright_Capstone/tests/helpers/modules/checkout-flow.helper.js:16:3)
        at /home/runner/work/Wipro_Playwright_Capstone/Wipro_Playwright_Capstone/tests/checkout-flow.spec.js:177:5

    attachment #1: screenshot (image/png) ──────────────────────────────────────────────────────────
    test-results/checkout-flow-Module-7-—-C-548dd-ws-accepted-payment-methods-chromium/test-failed-1.png
    ────────────────────────────────────────────────────────────────────────────────────────────────

    Error Context: test-results/checkout-flow-Module-7-—-C-548dd-ws-accepted-payment-methods-chromium/error-context.md

    Retry #1 ───────────────────────────────────────────────────────────────────────────────────────

    TimeoutError: locator.click: Timeout 15000ms exceeded.
    Call log:
      - waiting for locator('[data-testid="product-card"], .product-card, .plp-product-card__container').first()


       at helpers/ikea-helpers.js:86

      84 |   // Click on the first product card
      85 |   const productCard = page.locator('[data-testid="product-card"], .product-card, .plp-product-card__container').first();
    > 86 |   await productCard.click();
         |                     ^
      87 |   await page.waitForLoadState('domcontentloaded'); await page.waitForTimeout(3000);
      88 |
      89 |   // Click Add to Bag
        at addProductToCart (/home/runner/work/Wipro_Playwright_Capstone/Wipro_Playwright_Capstone/tests/helpers/ikea-helpers.js:86:21)
        at goToCheckout (/home/runner/work/Wipro_Playwright_Capstone/Wipro_Playwright_Capstone/tests/helpers/modules/checkout-flow.helper.js:16:3)
        at /home/runner/work/Wipro_Playwright_Capstone/Wipro_Playwright_Capstone/tests/checkout-flow.spec.js:177:5

    attachment #1: screenshot (image/png) ──────────────────────────────────────────────────────────
    test-results/checkout-flow-Module-7-—-C-548dd-ws-accepted-payment-methods-chromium-retry1/test-failed-1.png
    ────────────────────────────────────────────────────────────────────────────────────────────────

    Error Context: test-results/checkout-flow-Module-7-—-C-548dd-ws-accepted-payment-methods-chromium-retry1/error-context.md

    attachment #3: trace (application/zip) ─────────────────────────────────────────────────────────
    test-results/checkout-flow-Module-7-—-C-548dd-ws-accepted-payment-methods-chromium-retry1/trace.zip
    Usage:

        npx playwright show-trace test-results/checkout-flow-Module-7-—-C-548dd-ws-accepted-payment-methods-chromium-retry1/trace.zip

    ────────────────────────────────────────────────────────────────────────────────────────────────

    Retry #2 ───────────────────────────────────────────────────────────────────────────────────────

    TimeoutError: locator.click: Timeout 15000ms exceeded.
    Call log:
      - waiting for locator('[data-testid="product-card"], .product-card, .plp-product-card__container').first()


       at helpers/ikea-helpers.js:86

      84 |   // Click on the first product card
      85 |   const productCard = page.locator('[data-testid="product-card"], .product-card, .plp-product-card__container').first();
    > 86 |   await productCard.click();
         |                     ^
      87 |   await page.waitForLoadState('domcontentloaded'); await page.waitForTimeout(3000);
      88 |
      89 |   // Click Add to Bag
        at addProductToCart (/home/runner/work/Wipro_Playwright_Capstone/Wipro_Playwright_Capstone/tests/helpers/ikea-helpers.js:86:21)
        at goToCheckout (/home/runner/work/Wipro_Playwright_Capstone/Wipro_Playwright_Capstone/tests/helpers/modules/checkout-flow.helper.js:16:3)
        at /home/runner/work/Wipro_Playwright_Capstone/Wipro_Playwright_Capstone/tests/checkout-flow.spec.js:177:5

    attachment #1: screenshot (image/png) ──────────────────────────────────────────────────────────
    test-results/checkout-flow-Module-7-—-C-548dd-ws-accepted-payment-methods-chromium-retry2/test-failed-1.png
    ────────────────────────────────────────────────────────────────────────────────────────────────

    Error Context: test-results/checkout-flow-Module-7-—-C-548dd-ws-accepted-payment-methods-chromium-retry2/error-context.md

  13) [chromium] › tests/checkout-flow.spec.js:192:7 › Module 7 — Checkout Flow › TC_CF_013 — Card form accepts dummy test card data 

    TimeoutError: locator.click: Timeout 15000ms exceeded.
    Call log:
      - waiting for locator('[data-testid="product-card"], .product-card, .plp-product-card__container').first()


       at helpers/ikea-helpers.js:86

      84 |   // Click on the first product card
      85 |   const productCard = page.locator('[data-testid="product-card"], .product-card, .plp-product-card__container').first();
    > 86 |   await productCard.click();
         |                     ^
      87 |   await page.waitForLoadState('domcontentloaded'); await page.waitForTimeout(3000);
      88 |
      89 |   // Click Add to Bag
        at addProductToCart (/home/runner/work/Wipro_Playwright_Capstone/Wipro_Playwright_Capstone/tests/helpers/ikea-helpers.js:86:21)
        at goToCheckout (/home/runner/work/Wipro_Playwright_Capstone/Wipro_Playwright_Capstone/tests/helpers/modules/checkout-flow.helper.js:16:3)
        at /home/runner/work/Wipro_Playwright_Capstone/Wipro_Playwright_Capstone/tests/checkout-flow.spec.js:193:5

    attachment #1: screenshot (image/png) ──────────────────────────────────────────────────────────
    test-results/checkout-flow-Module-7-—-C-2cd8b-ccepts-dummy-test-card-data-chromium/test-failed-1.png
    ────────────────────────────────────────────────────────────────────────────────────────────────

    Error Context: test-results/checkout-flow-Module-7-—-C-2cd8b-ccepts-dummy-test-card-data-chromium/error-context.md

    Retry #1 ───────────────────────────────────────────────────────────────────────────────────────

    TimeoutError: locator.click: Timeout 15000ms exceeded.
    Call log:
      - waiting for locator('[data-testid="product-card"], .product-card, .plp-product-card__container').first()


       at helpers/ikea-helpers.js:86

      84 |   // Click on the first product card
      85 |   const productCard = page.locator('[data-testid="product-card"], .product-card, .plp-product-card__container').first();
    > 86 |   await productCard.click();
         |                     ^
      87 |   await page.waitForLoadState('domcontentloaded'); await page.waitForTimeout(3000);
      88 |
      89 |   // Click Add to Bag
        at addProductToCart (/home/runner/work/Wipro_Playwright_Capstone/Wipro_Playwright_Capstone/tests/helpers/ikea-helpers.js:86:21)
        at goToCheckout (/home/runner/work/Wipro_Playwright_Capstone/Wipro_Playwright_Capstone/tests/helpers/modules/checkout-flow.helper.js:16:3)
        at /home/runner/work/Wipro_Playwright_Capstone/Wipro_Playwright_Capstone/tests/checkout-flow.spec.js:193:5

    attachment #1: screenshot (image/png) ──────────────────────────────────────────────────────────
    test-results/checkout-flow-Module-7-—-C-2cd8b-ccepts-dummy-test-card-data-chromium-retry1/test-failed-1.png
    ────────────────────────────────────────────────────────────────────────────────────────────────

    Error Context: test-results/checkout-flow-Module-7-—-C-2cd8b-ccepts-dummy-test-card-data-chromium-retry1/error-context.md

    attachment #3: trace (application/zip) ─────────────────────────────────────────────────────────
    test-results/checkout-flow-Module-7-—-C-2cd8b-ccepts-dummy-test-card-data-chromium-retry1/trace.zip
    Usage:

        npx playwright show-trace test-results/checkout-flow-Module-7-—-C-2cd8b-ccepts-dummy-test-card-data-chromium-retry1/trace.zip

    ────────────────────────────────────────────────────────────────────────────────────────────────

    Retry #2 ───────────────────────────────────────────────────────────────────────────────────────

    TimeoutError: locator.click: Timeout 15000ms exceeded.
    Call log:
      - waiting for locator('[data-testid="product-card"], .product-card, .plp-product-card__container').first()


       at helpers/ikea-helpers.js:86

      84 |   // Click on the first product card
      85 |   const productCard = page.locator('[data-testid="product-card"], .product-card, .plp-product-card__container').first();
    > 86 |   await productCard.click();
         |                     ^
      87 |   await page.waitForLoadState('domcontentloaded'); await page.waitForTimeout(3000);
      88 |
      89 |   // Click Add to Bag
        at addProductToCart (/home/runner/work/Wipro_Playwright_Capstone/Wipro_Playwright_Capstone/tests/helpers/ikea-helpers.js:86:21)
        at goToCheckout (/home/runner/work/Wipro_Playwright_Capstone/Wipro_Playwright_Capstone/tests/helpers/modules/checkout-flow.helper.js:16:3)
        at /home/runner/work/Wipro_Playwright_Capstone/Wipro_Playwright_Capstone/tests/checkout-flow.spec.js:193:5

    attachment #1: screenshot (image/png) ──────────────────────────────────────────────────────────
    test-results/checkout-flow-Module-7-—-C-2cd8b-ccepts-dummy-test-card-data-chromium-retry2/test-failed-1.png
    ────────────────────────────────────────────────────────────────────────────────────────────────

    Error Context: test-results/checkout-flow-Module-7-—-C-2cd8b-ccepts-dummy-test-card-data-chromium-retry2/error-context.md

  14) [chromium] › tests/checkout-flow.spec.js:221:7 › Module 7 — Checkout Flow › TC_CF_014 — Card number field accepts only numeric input 

    TimeoutError: locator.click: Timeout 15000ms exceeded.
    Call log:
      - waiting for locator('[data-testid="product-card"], .product-card, .plp-product-card__container').first()


       at helpers/ikea-helpers.js:86

      84 |   // Click on the first product card
      85 |   const productCard = page.locator('[data-testid="product-card"], .product-card, .plp-product-card__container').first();
    > 86 |   await productCard.click();
         |                     ^
      87 |   await page.waitForLoadState('domcontentloaded'); await page.waitForTimeout(3000);
      88 |
      89 |   // Click Add to Bag
        at addProductToCart (/home/runner/work/Wipro_Playwright_Capstone/Wipro_Playwright_Capstone/tests/helpers/ikea-helpers.js:86:21)
        at goToCheckout (/home/runner/work/Wipro_Playwright_Capstone/Wipro_Playwright_Capstone/tests/helpers/modules/checkout-flow.helper.js:16:3)
        at /home/runner/work/Wipro_Playwright_Capstone/Wipro_Playwright_Capstone/tests/checkout-flow.spec.js:222:5

    attachment #1: screenshot (image/png) ──────────────────────────────────────────────────────────
    test-results/checkout-flow-Module-7-—-C-2128b--accepts-only-numeric-input-chromium/test-failed-1.png
    ────────────────────────────────────────────────────────────────────────────────────────────────

    Error Context: test-results/checkout-flow-Module-7-—-C-2128b--accepts-only-numeric-input-chromium/error-context.md

    Retry #1 ───────────────────────────────────────────────────────────────────────────────────────

    TimeoutError: locator.click: Timeout 15000ms exceeded.
    Call log:
      - waiting for locator('[data-testid="product-card"], .product-card, .plp-product-card__container').first()


       at helpers/ikea-helpers.js:86

      84 |   // Click on the first product card
      85 |   const productCard = page.locator('[data-testid="product-card"], .product-card, .plp-product-card__container').first();
    > 86 |   await productCard.click();
         |                     ^
      87 |   await page.waitForLoadState('domcontentloaded'); await page.waitForTimeout(3000);
      88 |
      89 |   // Click Add to Bag
        at addProductToCart (/home/runner/work/Wipro_Playwright_Capstone/Wipro_Playwright_Capstone/tests/helpers/ikea-helpers.js:86:21)
        at goToCheckout (/home/runner/work/Wipro_Playwright_Capstone/Wipro_Playwright_Capstone/tests/helpers/modules/checkout-flow.helper.js:16:3)
        at /home/runner/work/Wipro_Playwright_Capstone/Wipro_Playwright_Capstone/tests/checkout-flow.spec.js:222:5

    attachment #1: screenshot (image/png) ──────────────────────────────────────────────────────────
    test-results/checkout-flow-Module-7-—-C-2128b--accepts-only-numeric-input-chromium-retry1/test-failed-1.png
    ────────────────────────────────────────────────────────────────────────────────────────────────

    Error Context: test-results/checkout-flow-Module-7-—-C-2128b--accepts-only-numeric-input-chromium-retry1/error-context.md

    attachment #3: trace (application/zip) ─────────────────────────────────────────────────────────
    test-results/checkout-flow-Module-7-—-C-2128b--accepts-only-numeric-input-chromium-retry1/trace.zip
    Usage:

        npx playwright show-trace test-results/checkout-flow-Module-7-—-C-2128b--accepts-only-numeric-input-chromium-retry1/trace.zip

    ────────────────────────────────────────────────────────────────────────────────────────────────

    Retry #2 ───────────────────────────────────────────────────────────────────────────────────────

    TimeoutError: locator.click: Timeout 15000ms exceeded.
    Call log:
      - waiting for locator('[data-testid="product-card"], .product-card, .plp-product-card__container').first()


       at helpers/ikea-helpers.js:86

      84 |   // Click on the first product card
      85 |   const productCard = page.locator('[data-testid="product-card"], .product-card, .plp-product-card__container').first();
    > 86 |   await productCard.click();
         |                     ^
      87 |   await page.waitForLoadState('domcontentloaded'); await page.waitForTimeout(3000);
      88 |
      89 |   // Click Add to Bag
        at addProductToCart (/home/runner/work/Wipro_Playwright_Capstone/Wipro_Playwright_Capstone/tests/helpers/ikea-helpers.js:86:21)
        at goToCheckout (/home/runner/work/Wipro_Playwright_Capstone/Wipro_Playwright_Capstone/tests/helpers/modules/checkout-flow.helper.js:16:3)
        at /home/runner/work/Wipro_Playwright_Capstone/Wipro_Playwright_Capstone/tests/checkout-flow.spec.js:222:5

    attachment #1: screenshot (image/png) ──────────────────────────────────────────────────────────
    test-results/checkout-flow-Module-7-—-C-2128b--accepts-only-numeric-input-chromium-retry2/test-failed-1.png
    ────────────────────────────────────────────────────────────────────────────────────────────────

    Error Context: test-results/checkout-flow-Module-7-—-C-2128b--accepts-only-numeric-input-chromium-retry2/error-context.md

  15) [chromium] › tests/checkout-flow.spec.js:245:7 › Module 7 — Checkout Flow › TC_CF_015 — Checkout does not attempt real payment 

    TimeoutError: locator.click: Timeout 15000ms exceeded.
    Call log:
      - waiting for locator('[data-testid="product-card"], .product-card, .plp-product-card__container').first()


       at helpers/ikea-helpers.js:86

      84 |   // Click on the first product card
      85 |   const productCard = page.locator('[data-testid="product-card"], .product-card, .plp-product-card__container').first();
    > 86 |   await productCard.click();
         |                     ^
      87 |   await page.waitForLoadState('domcontentloaded'); await page.waitForTimeout(3000);
      88 |
      89 |   // Click Add to Bag
        at addProductToCart (/home/runner/work/Wipro_Playwright_Capstone/Wipro_Playwright_Capstone/tests/helpers/ikea-helpers.js:86:21)
        at goToCheckout (/home/runner/work/Wipro_Playwright_Capstone/Wipro_Playwright_Capstone/tests/helpers/modules/checkout-flow.helper.js:16:3)
        at /home/runner/work/Wipro_Playwright_Capstone/Wipro_Playwright_Capstone/tests/checkout-flow.spec.js:246:5

    attachment #1: screenshot (image/png) ──────────────────────────────────────────────────────────
    test-results/checkout-flow-Module-7-—-C-670b3-es-not-attempt-real-payment-chromium/test-failed-1.png
    ────────────────────────────────────────────────────────────────────────────────────────────────

    Error Context: test-results/checkout-flow-Module-7-—-C-670b3-es-not-attempt-real-payment-chromium/error-context.md

    Retry #1 ───────────────────────────────────────────────────────────────────────────────────────

    TimeoutError: locator.click: Timeout 15000ms exceeded.
    Call log:
      - waiting for locator('[data-testid="product-card"], .product-card, .plp-product-card__container').first()


       at helpers/ikea-helpers.js:86

      84 |   // Click on the first product card
      85 |   const productCard = page.locator('[data-testid="product-card"], .product-card, .plp-product-card__container').first();
    > 86 |   await productCard.click();
         |                     ^
      87 |   await page.waitForLoadState('domcontentloaded'); await page.waitForTimeout(3000);
      88 |
      89 |   // Click Add to Bag
        at addProductToCart (/home/runner/work/Wipro_Playwright_Capstone/Wipro_Playwright_Capstone/tests/helpers/ikea-helpers.js:86:21)
        at goToCheckout (/home/runner/work/Wipro_Playwright_Capstone/Wipro_Playwright_Capstone/tests/helpers/modules/checkout-flow.helper.js:16:3)
        at /home/runner/work/Wipro_Playwright_Capstone/Wipro_Playwright_Capstone/tests/checkout-flow.spec.js:246:5

    attachment #1: screenshot (image/png) ──────────────────────────────────────────────────────────
    test-results/checkout-flow-Module-7-—-C-670b3-es-not-attempt-real-payment-chromium-retry1/test-failed-1.png
    ────────────────────────────────────────────────────────────────────────────────────────────────

    Error Context: test-results/checkout-flow-Module-7-—-C-670b3-es-not-attempt-real-payment-chromium-retry1/error-context.md

    attachment #3: trace (application/zip) ─────────────────────────────────────────────────────────
    test-results/checkout-flow-Module-7-—-C-670b3-es-not-attempt-real-payment-chromium-retry1/trace.zip
    Usage:

        npx playwright show-trace test-results/checkout-flow-Module-7-—-C-670b3-es-not-attempt-real-payment-chromium-retry1/trace.zip

    ────────────────────────────────────────────────────────────────────────────────────────────────

    Retry #2 ───────────────────────────────────────────────────────────────────────────────────────

    TimeoutError: locator.click: Timeout 15000ms exceeded.
    Call log:
      - waiting for locator('[data-testid="product-card"], .product-card, .plp-product-card__container').first()


       at helpers/ikea-helpers.js:86

      84 |   // Click on the first product card
      85 |   const productCard = page.locator('[data-testid="product-card"], .product-card, .plp-product-card__container').first();
    > 86 |   await productCard.click();
         |                     ^
      87 |   await page.waitForLoadState('domcontentloaded'); await page.waitForTimeout(3000);
      88 |
      89 |   // Click Add to Bag
        at addProductToCart (/home/runner/work/Wipro_Playwright_Capstone/Wipro_Playwright_Capstone/tests/helpers/ikea-helpers.js:86:21)
        at goToCheckout (/home/runner/work/Wipro_Playwright_Capstone/Wipro_Playwright_Capstone/tests/helpers/modules/checkout-flow.helper.js:16:3)
        at /home/runner/work/Wipro_Playwright_Capstone/Wipro_Playwright_Capstone/tests/checkout-flow.spec.js:246:5

    attachment #1: screenshot (image/png) ──────────────────────────────────────────────────────────
    test-results/checkout-flow-Module-7-—-C-670b3-es-not-attempt-real-payment-chromium-retry2/test-failed-1.png
    ────────────────────────────────────────────────────────────────────────────────────────────────

    Error Context: test-results/checkout-flow-Module-7-—-C-670b3-es-not-attempt-real-payment-chromium-retry2/error-context.md

  16) [chromium] › tests/checkout-flow.spec.js:259:7 › Module 7 — Checkout Flow › TC_CF_016 — Order confirmation displays order reference ID 

    TimeoutError: locator.click: Timeout 15000ms exceeded.
    Call log:
      - waiting for locator('[data-testid="product-card"], .product-card, .plp-product-card__container').first()


       at helpers/ikea-helpers.js:86

      84 |   // Click on the first product card
      85 |   const productCard = page.locator('[data-testid="product-card"], .product-card, .plp-product-card__container').first();
    > 86 |   await productCard.click();
         |                     ^
      87 |   await page.waitForLoadState('domcontentloaded'); await page.waitForTimeout(3000);
      88 |
      89 |   // Click Add to Bag
        at addProductToCart (/home/runner/work/Wipro_Playwright_Capstone/Wipro_Playwright_Capstone/tests/helpers/ikea-helpers.js:86:21)
        at goToCheckout (/home/runner/work/Wipro_Playwright_Capstone/Wipro_Playwright_Capstone/tests/helpers/modules/checkout-flow.helper.js:16:3)
        at /home/runner/work/Wipro_Playwright_Capstone/Wipro_Playwright_Capstone/tests/checkout-flow.spec.js:261:5

    attachment #1: screenshot (image/png) ──────────────────────────────────────────────────────────
    test-results/checkout-flow-Module-7-—-C-4a44c-displays-order-reference-ID-chromium/test-failed-1.png
    ────────────────────────────────────────────────────────────────────────────────────────────────

    Error Context: test-results/checkout-flow-Module-7-—-C-4a44c-displays-order-reference-ID-chromium/error-context.md

    Retry #1 ───────────────────────────────────────────────────────────────────────────────────────

    TimeoutError: locator.click: Timeout 15000ms exceeded.
    Call log:
      - waiting for locator('[data-testid="product-card"], .product-card, .plp-product-card__container').first()


       at helpers/ikea-helpers.js:86

      84 |   // Click on the first product card
      85 |   const productCard = page.locator('[data-testid="product-card"], .product-card, .plp-product-card__container').first();
    > 86 |   await productCard.click();
         |                     ^
      87 |   await page.waitForLoadState('domcontentloaded'); await page.waitForTimeout(3000);
      88 |
      89 |   // Click Add to Bag
        at addProductToCart (/home/runner/work/Wipro_Playwright_Capstone/Wipro_Playwright_Capstone/tests/helpers/ikea-helpers.js:86:21)
        at goToCheckout (/home/runner/work/Wipro_Playwright_Capstone/Wipro_Playwright_Capstone/tests/helpers/modules/checkout-flow.helper.js:16:3)
        at /home/runner/work/Wipro_Playwright_Capstone/Wipro_Playwright_Capstone/tests/checkout-flow.spec.js:261:5

    attachment #1: screenshot (image/png) ──────────────────────────────────────────────────────────
    test-results/checkout-flow-Module-7-—-C-4a44c-displays-order-reference-ID-chromium-retry1/test-failed-1.png
    ────────────────────────────────────────────────────────────────────────────────────────────────

    Error Context: test-results/checkout-flow-Module-7-—-C-4a44c-displays-order-reference-ID-chromium-retry1/error-context.md

    attachment #3: trace (application/zip) ─────────────────────────────────────────────────────────
    test-results/checkout-flow-Module-7-—-C-4a44c-displays-order-reference-ID-chromium-retry1/trace.zip
    Usage:

        npx playwright show-trace test-results/checkout-flow-Module-7-—-C-4a44c-displays-order-reference-ID-chromium-retry1/trace.zip

    ────────────────────────────────────────────────────────────────────────────────────────────────

    Retry #2 ───────────────────────────────────────────────────────────────────────────────────────

    TimeoutError: locator.click: Timeout 15000ms exceeded.
    Call log:
      - waiting for locator('[data-testid="product-card"], .product-card, .plp-product-card__container').first()


       at helpers/ikea-helpers.js:86

      84 |   // Click on the first product card
      85 |   const productCard = page.locator('[data-testid="product-card"], .product-card, .plp-product-card__container').first();
    > 86 |   await productCard.click();
         |                     ^
      87 |   await page.waitForLoadState('domcontentloaded'); await page.waitForTimeout(3000);
      88 |
      89 |   // Click Add to Bag
        at addProductToCart (/home/runner/work/Wipro_Playwright_Capstone/Wipro_Playwright_Capstone/tests/helpers/ikea-helpers.js:86:21)
        at goToCheckout (/home/runner/work/Wipro_Playwright_Capstone/Wipro_Playwright_Capstone/tests/helpers/modules/checkout-flow.helper.js:16:3)
        at /home/runner/work/Wipro_Playwright_Capstone/Wipro_Playwright_Capstone/tests/checkout-flow.spec.js:261:5

    attachment #1: screenshot (image/png) ──────────────────────────────────────────────────────────
    test-results/checkout-flow-Module-7-—-C-4a44c-displays-order-reference-ID-chromium-retry2/test-failed-1.png
    ────────────────────────────────────────────────────────────────────────────────────────────────

    Error Context: test-results/checkout-flow-Module-7-—-C-4a44c-displays-order-reference-ID-chromium-retry2/error-context.md

  17) [chromium] › tests/checkout-flow.spec.js:280:7 › Module 7 — Checkout Flow › TC_CF_017 — Cart badge resets after successful order 

    TimeoutError: locator.click: Timeout 15000ms exceeded.
    Call log:
      - waiting for locator('[data-testid="product-card"], .product-card, .plp-product-card__container').first()


       at helpers/ikea-helpers.js:86

      84 |   // Click on the first product card
      85 |   const productCard = page.locator('[data-testid="product-card"], .product-card, .plp-product-card__container').first();
    > 86 |   await productCard.click();
         |                     ^
      87 |   await page.waitForLoadState('domcontentloaded'); await page.waitForTimeout(3000);
      88 |
      89 |   // Click Add to Bag
        at addProductToCart (/home/runner/work/Wipro_Playwright_Capstone/Wipro_Playwright_Capstone/tests/helpers/ikea-helpers.js:86:21)
        at goToCheckout (/home/runner/work/Wipro_Playwright_Capstone/Wipro_Playwright_Capstone/tests/helpers/modules/checkout-flow.helper.js:16:3)
        at /home/runner/work/Wipro_Playwright_Capstone/Wipro_Playwright_Capstone/tests/checkout-flow.spec.js:282:5

    attachment #1: screenshot (image/png) ──────────────────────────────────────────────────────────
    test-results/checkout-flow-Module-7-—-C-c67c4-sets-after-successful-order-chromium/test-failed-1.png
    ────────────────────────────────────────────────────────────────────────────────────────────────

    Error Context: test-results/checkout-flow-Module-7-—-C-c67c4-sets-after-successful-order-chromium/error-context.md

    Retry #1 ───────────────────────────────────────────────────────────────────────────────────────

    TimeoutError: locator.click: Timeout 15000ms exceeded.
    Call log:
      - waiting for locator('[data-testid="product-card"], .product-card, .plp-product-card__container').first()


       at helpers/ikea-helpers.js:86

      84 |   // Click on the first product card
      85 |   const productCard = page.locator('[data-testid="product-card"], .product-card, .plp-product-card__container').first();
    > 86 |   await productCard.click();
         |                     ^
      87 |   await page.waitForLoadState('domcontentloaded'); await page.waitForTimeout(3000);
      88 |
      89 |   // Click Add to Bag
        at addProductToCart (/home/runner/work/Wipro_Playwright_Capstone/Wipro_Playwright_Capstone/tests/helpers/ikea-helpers.js:86:21)
        at goToCheckout (/home/runner/work/Wipro_Playwright_Capstone/Wipro_Playwright_Capstone/tests/helpers/modules/checkout-flow.helper.js:16:3)
        at /home/runner/work/Wipro_Playwright_Capstone/Wipro_Playwright_Capstone/tests/checkout-flow.spec.js:282:5

    attachment #1: screenshot (image/png) ──────────────────────────────────────────────────────────
    test-results/checkout-flow-Module-7-—-C-c67c4-sets-after-successful-order-chromium-retry1/test-failed-1.png
    ────────────────────────────────────────────────────────────────────────────────────────────────

    Error Context: test-results/checkout-flow-Module-7-—-C-c67c4-sets-after-successful-order-chromium-retry1/error-context.md

    attachment #3: trace (application/zip) ─────────────────────────────────────────────────────────
    test-results/checkout-flow-Module-7-—-C-c67c4-sets-after-successful-order-chromium-retry1/trace.zip
    Usage:

        npx playwright show-trace test-results/checkout-flow-Module-7-—-C-c67c4-sets-after-successful-order-chromium-retry1/trace.zip

    ────────────────────────────────────────────────────────────────────────────────────────────────

    Retry #2 ───────────────────────────────────────────────────────────────────────────────────────

    TimeoutError: locator.click: Timeout 15000ms exceeded.
    Call log:
      - waiting for locator('[data-testid="product-card"], .product-card, .plp-product-card__container').first()


       at helpers/ikea-helpers.js:86

      84 |   // Click on the first product card
      85 |   const productCard = page.locator('[data-testid="product-card"], .product-card, .plp-product-card__container').first();
    > 86 |   await productCard.click();
         |                     ^
      87 |   await page.waitForLoadState('domcontentloaded'); await page.waitForTimeout(3000);
      88 |
      89 |   // Click Add to Bag
        at addProductToCart (/home/runner/work/Wipro_Playwright_Capstone/Wipro_Playwright_Capstone/tests/helpers/ikea-helpers.js:86:21)
        at goToCheckout (/home/runner/work/Wipro_Playwright_Capstone/Wipro_Playwright_Capstone/tests/helpers/modules/checkout-flow.helper.js:16:3)
        at /home/runner/work/Wipro_Playwright_Capstone/Wipro_Playwright_Capstone/tests/checkout-flow.spec.js:282:5

    attachment #1: screenshot (image/png) ──────────────────────────────────────────────────────────
    test-results/checkout-flow-Module-7-—-C-c67c4-sets-after-successful-order-chromium-retry2/test-failed-1.png
    ────────────────────────────────────────────────────────────────────────────────────────────────

    Error Context: test-results/checkout-flow-Module-7-—-C-c67c4-sets-after-successful-order-chromium-retry2/error-context.md

  18) [chromium] › tests/checkout-flow.spec.js:302:7 › Module 7 — Checkout Flow › TC_CF_018 — Order appears in account order history 

    TimeoutError: locator.click: Timeout 15000ms exceeded.
    Call log:
      - waiting for locator('[data-testid="product-card"], .product-card, .plp-product-card__container').first()


       at helpers/ikea-helpers.js:86

      84 |   // Click on the first product card
      85 |   const productCard = page.locator('[data-testid="product-card"], .product-card, .plp-product-card__container').first();
    > 86 |   await productCard.click();
         |                     ^
      87 |   await page.waitForLoadState('domcontentloaded'); await page.waitForTimeout(3000);
      88 |
      89 |   // Click Add to Bag
        at addProductToCart (/home/runner/work/Wipro_Playwright_Capstone/Wipro_Playwright_Capstone/tests/helpers/ikea-helpers.js:86:21)
        at goToCheckout (/home/runner/work/Wipro_Playwright_Capstone/Wipro_Playwright_Capstone/tests/helpers/modules/checkout-flow.helper.js:16:3)
        at /home/runner/work/Wipro_Playwright_Capstone/Wipro_Playwright_Capstone/tests/checkout-flow.spec.js:303:5

    attachment #1: screenshot (image/png) ──────────────────────────────────────────────────────────
    test-results/checkout-flow-Module-7-—-C-d98d2-rs-in-account-order-history-chromium/test-failed-1.png
    ────────────────────────────────────────────────────────────────────────────────────────────────

    Error Context: test-results/checkout-flow-Module-7-—-C-d98d2-rs-in-account-order-history-chromium/error-context.md

    Retry #1 ───────────────────────────────────────────────────────────────────────────────────────

    TimeoutError: locator.click: Timeout 15000ms exceeded.
    Call log:
      - waiting for locator('[data-testid="product-card"], .product-card, .plp-product-card__container').first()


       at helpers/ikea-helpers.js:86

      84 |   // Click on the first product card
      85 |   const productCard = page.locator('[data-testid="product-card"], .product-card, .plp-product-card__container').first();
    > 86 |   await productCard.click();
         |                     ^
      87 |   await page.waitForLoadState('domcontentloaded'); await page.waitForTimeout(3000);
      88 |
      89 |   // Click Add to Bag
        at addProductToCart (/home/runner/work/Wipro_Playwright_Capstone/Wipro_Playwright_Capstone/tests/helpers/ikea-helpers.js:86:21)
        at goToCheckout (/home/runner/work/Wipro_Playwright_Capstone/Wipro_Playwright_Capstone/tests/helpers/modules/checkout-flow.helper.js:16:3)
        at /home/runner/work/Wipro_Playwright_Capstone/Wipro_Playwright_Capstone/tests/checkout-flow.spec.js:303:5

    attachment #1: screenshot (image/png) ──────────────────────────────────────────────────────────
    test-results/checkout-flow-Module-7-—-C-d98d2-rs-in-account-order-history-chromium-retry1/test-failed-1.png
    ────────────────────────────────────────────────────────────────────────────────────────────────

    Error Context: test-results/checkout-flow-Module-7-—-C-d98d2-rs-in-account-order-history-chromium-retry1/error-context.md

    attachment #3: trace (application/zip) ─────────────────────────────────────────────────────────
    test-results/checkout-flow-Module-7-—-C-d98d2-rs-in-account-order-history-chromium-retry1/trace.zip
    Usage:

        npx playwright show-trace test-results/checkout-flow-Module-7-—-C-d98d2-rs-in-account-order-history-chromium-retry1/trace.zip

    ────────────────────────────────────────────────────────────────────────────────────────────────

    Retry #2 ───────────────────────────────────────────────────────────────────────────────────────

    TimeoutError: locator.click: Timeout 15000ms exceeded.
    Call log:
      - waiting for locator('[data-testid="product-card"], .product-card, .plp-product-card__container').first()


       at helpers/ikea-helpers.js:86

      84 |   // Click on the first product card
      85 |   const productCard = page.locator('[data-testid="product-card"], .product-card, .plp-product-card__container').first();
    > 86 |   await productCard.click();
         |                     ^
      87 |   await page.waitForLoadState('domcontentloaded'); await page.waitForTimeout(3000);
      88 |
      89 |   // Click Add to Bag
        at addProductToCart (/home/runner/work/Wipro_Playwright_Capstone/Wipro_Playwright_Capstone/tests/helpers/ikea-helpers.js:86:21)
        at goToCheckout (/home/runner/work/Wipro_Playwright_Capstone/Wipro_Playwright_Capstone/tests/helpers/modules/checkout-flow.helper.js:16:3)
        at /home/runner/work/Wipro_Playwright_Capstone/Wipro_Playwright_Capstone/tests/checkout-flow.spec.js:303:5

    attachment #1: screenshot (image/png) ──────────────────────────────────────────────────────────
    test-results/checkout-flow-Module-7-—-C-d98d2-rs-in-account-order-history-chromium-retry2/test-failed-1.png
    ────────────────────────────────────────────────────────────────────────────────────────────────

    Error Context: test-results/checkout-flow-Module-7-—-C-d98d2-rs-in-account-order-history-chromium-retry2/error-context.md

  18 failed
    [chromium] › tests/checkout-flow.spec.js:7:7 › Module 7 — Checkout Flow › TC_CF_001 — Proceed to Checkout navigates logged-in user to checkout 
    [chromium] › tests/checkout-flow.spec.js:14:7 › Module 7 — Checkout Flow › TC_CF_002 — Guest clicking checkout is prompted to login 
    [chromium] › tests/checkout-flow.spec.js:27:7 › Module 7 — Checkout Flow › TC_CF_003 — Checkout displays cart items with correct quantities and prices 
    [chromium] › tests/checkout-flow.spec.js:38:7 › Module 7 — Checkout Flow › TC_CF_004 — Order total matches cart subtotal 
    [chromium] › tests/checkout-flow.spec.js:57:7 › Module 7 — Checkout Flow › TC_CF_005 — Saved address auto-populates delivery form 
    [chromium] › tests/checkout-flow.spec.js:73:7 › Module 7 — Checkout Flow › TC_CF_006 — Address form validates all required fields 
    [chromium] › tests/checkout-flow.spec.js:91:7 › Module 7 — Checkout Flow › TC_CF_007 — PIN code validates 6-digit format 
    [chromium] › tests/checkout-flow.spec.js:120:7 › Module 7 — Checkout Flow › TC_CF_008 — Phone number validates Indian mobile format 
    [chromium] › tests/checkout-flow.spec.js:140:7 › Module 7 — Checkout Flow › TC_CF_009 — Adding new address during checkout preserves cart 
    [chromium] › tests/checkout-flow.spec.js:157:7 › Module 7 — Checkout Flow › TC_CF_010 — Delivery method step shows shipping options 
    [chromium] › tests/checkout-flow.spec.js:169:7 › Module 7 — Checkout Flow › TC_CF_011 — Order summary reflects delivery charge 
    [chromium] › tests/checkout-flow.spec.js:176:7 › Module 7 — Checkout Flow › TC_CF_012 — Payment page shows accepted payment methods 
    [chromium] › tests/checkout-flow.spec.js:192:7 › Module 7 — Checkout Flow › TC_CF_013 — Card form accepts dummy test card data 
    [chromium] › tests/checkout-flow.spec.js:221:7 › Module 7 — Checkout Flow › TC_CF_014 — Card number field accepts only numeric input 
    [chromium] › tests/checkout-flow.spec.js:245:7 › Module 7 — Checkout Flow › TC_CF_015 — Checkout does not attempt real payment 
    [chromium] › tests/checkout-flow.spec.js:259:7 › Module 7 — Checkout Flow › TC_CF_016 — Order confirmation displays order reference ID 
    [chromium] › tests/checkout-flow.spec.js:280:7 › Module 7 — Checkout Flow › TC_CF_017 — Cart badge resets after successful order 
    [chromium] › tests/checkout-flow.spec.js:302:7 › Module 7 — Checkout Flow › TC_CF_018 — Order appears in account order history 
  14 passed (20.9m)
Error: Process completed with exit code 1.
5s
4s
0s
0s

Run npm run test:ci -- --shard=3/10

> wipro_capstone@1.0.0 test:ci
> playwright test --shard=3/10


Running 32 tests using 2 workers, shard 3 of 10
································
  32 passed (6.0m)

Run npm run test:ci -- --shard=4/10

> wipro_capstone@1.0.0 test:ci
> playwright test --shard=4/10


Running 32 tests using 2 workers, shard 4 of 10
···········°········°·······Navigating to category: /in/en/cat/sofas-fu003/
·Navigating to category: /in/en/cat/sofas-fu003/
·Navigating to category: /in/en/cat/sofas-fu003/
Navigating to category: /in/en/cat/sofas-fu003/
Navigating to category: /in/en/cat/beds-bm003/
×Navigating to category: /in/en/cat/sofas-fu003/
×Navigating to category: /in/en/cat/sofas-fu003/
Navigating to category: /in/en/cat/beds-bm003/
Navigating to category: /in/en/cat/sofas-fu003/
×Navigating to category: /in/en/cat/sofas-fu003/
Navigating to category: /in/en/cat/beds-bm003/
×Navigating to category: /in/en/cat/sofas-fu003/
FNavigating to category: /in/en/cat/sofas-fu003/
F

  1) [firefox] › tests/cart-management.spec.js:26:7 › Module 6 — Cart Management › TC_CM_002 — Adding same product twice merges into qty 2 

    TimeoutError: locator.textContent: Timeout 15000ms exceeded.
    Call log:
      - waiting for locator('input[type="number"], input[type="text"], [data-testid="quantity-input"], select, [class*="quantity"] input').first()


      37 |       qtyVal = await qtyEl.inputValue();
      38 |     } catch {
    > 39 |       qtyVal = await qtyEl.textContent() || '1';
         |                            ^
      40 |     }
      41 |     const digits = qtyVal.replace(/\D/g, '');
      42 |     expect(parseInt(digits || '1', 10)).toBe(2);
        at /home/runner/work/Wipro_Playwright_Capstone/Wipro_Playwright_Capstone/tests/cart-management.spec.js:39:28

    attachment #1: screenshot (image/png) ───────────────────────────���──────────────────────────────
    test-results/cart-management-Module-6-—-e743d-uct-twice-merges-into-qty-2-firefox/test-failed-1.png
    ────────────────────────────────────────────────────────────────────────────────────────────────

    Error Context: test-results/cart-management-Module-6-—-e743d-uct-twice-merges-into-qty-2-firefox/error-context.md

    Retry #1 ───────────────────────────────────────────────────────────────────────────────────────

    TimeoutError: locator.textContent: Timeout 15000ms exceeded.
    Call log:
      - waiting for locator('input[type="number"], input[type="text"], [data-testid="quantity-input"], select, [class*="quantity"] input').first()


      37 |       qtyVal = await qtyEl.inputValue();
      38 |     } catch {
    > 39 |       qtyVal = await qtyEl.textContent() || '1';
         |                            ^
      40 |     }
      41 |     const digits = qtyVal.replace(/\D/g, '');
      42 |     expect(parseInt(digits || '1', 10)).toBe(2);
        at /home/runner/work/Wipro_Playwright_Capstone/Wipro_Playwright_Capstone/tests/cart-management.spec.js:39:28

    attachment #1: screenshot (image/png) ──────────────────────────────────────────────────────────
    test-results/cart-management-Module-6-—-e743d-uct-twice-merges-into-qty-2-firefox-retry1/test-failed-1.png
    ────────────────────────────────────────────────────────────────────────────────────────────────

    Error Context: test-results/cart-management-Module-6-—-e743d-uct-twice-merges-into-qty-2-firefox-retry1/error-context.md

    attachment #3: trace (application/zip) ─────────────────────────────────────────────────────────
    test-results/cart-management-Module-6-—-e743d-uct-twice-merges-into-qty-2-firefox-retry1/trace.zip
    Usage:

        npx playwright show-trace test-results/cart-management-Module-6-—-e743d-uct-twice-merges-into-qty-2-firefox-retry1/trace.zip

    ────────────────────────────────────────────────────────────────────────────────────────────────

    Retry #2 ───────────────────────────────────────────────────────────────────────────────────────

    TimeoutError: locator.textContent: Timeout 15000ms exceeded.
    Call log:
      - waiting for locator('input[type="number"], input[type="text"], [data-testid="quantity-input"], select, [class*="quantity"] input').first()


      37 |       qtyVal = await qtyEl.inputValue();
      38 |     } catch {
    > 39 |       qtyVal = await qtyEl.textContent() || '1';
         |                            ^
      40 |     }
      41 |     const digits = qtyVal.replace(/\D/g, '');
      42 |     expect(parseInt(digits || '1', 10)).toBe(2);
        at /home/runner/work/Wipro_Playwright_Capstone/Wipro_Playwright_Capstone/tests/cart-management.spec.js:39:28

    attachment #1: screenshot (image/png) ──────────────────────────────────────────────────────────
    test-results/cart-management-Module-6-—-e743d-uct-twice-merges-into-qty-2-firefox-retry2/test-failed-1.png
    ────────────────────────────────────────────────────────────────────────────────────────────────

    Error Context: test-results/cart-management-Module-6-—-e743d-uct-twice-merges-into-qty-2-firefox-retry2/error-context.md

  2) [firefox] › tests/cart-management.spec.js:45:7 › Module 6 — Cart Management › TC_CM_003 — Cart displays correct name, unit price, quantity, line total 

    Error: expect(received).toBeGreaterThanOrEqual(expected)

    Expected: >= 1
    Received:    0

      50 |     const rows = page.locator(PRODUCT_ROWS_SELECTOR);
      51 |     const count = await rows.count();
    > 52 |     expect(count).toBeGreaterThanOrEqual(1);
         |                   ^
      53 |
      54 |     for (let i = 0; i < Math.min(count, 2); i++) {
      55 |       const row = rows.nth(i);
        at /home/runner/work/Wipro_Playwright_Capstone/Wipro_Playwright_Capstone/tests/cart-management.spec.js:52:19

    attachment #1: screenshot (image/png) ──────────────────────────────────────────────────────────
    test-results/cart-management-Module-6-—-8c2dc-t-price-quantity-line-total-firefox/test-failed-1.png
    ────────────────────────────────────────────────────────────────────────────────────────────────

    Error Context: test-results/cart-management-Module-6-—-8c2dc-t-price-quantity-line-total-firefox/error-context.md

    Retry #1 ───────────────────────────────────────────────────────────────────────────────────────

    Error: expect(received).toBeGreaterThanOrEqual(expected)

    Expected: >= 1
    Received:    0

      50 |     const rows = page.locator(PRODUCT_ROWS_SELECTOR);
      51 |     const count = await rows.count();
    > 52 |     expect(count).toBeGreaterThanOrEqual(1);
         |                   ^
      53 |
      54 |     for (let i = 0; i < Math.min(count, 2); i++) {
      55 |       const row = rows.nth(i);
        at /home/runner/work/Wipro_Playwright_Capstone/Wipro_Playwright_Capstone/tests/cart-management.spec.js:52:19

    attachment #1: screenshot (image/png) ──────────────────────────────────────────────────────────
    test-results/cart-management-Module-6-—-8c2dc-t-price-quantity-line-total-firefox-retry1/test-failed-1.png
    ────────────────────────────────────────────────────────────────────────────────────────────────

    Error Context: test-results/cart-management-Module-6-—-8c2dc-t-price-quantity-line-total-firefox-retry1/error-context.md

    attachment #3: trace (application/zip) ─────────────────────────────────────────────────────────
    test-results/cart-management-Module-6-—-8c2dc-t-price-quantity-line-total-firefox-retry1/trace.zip
    Usage:

        npx playwright show-trace test-results/cart-management-Module-6-—-8c2dc-t-price-quantity-line-total-firefox-retry1/trace.zip

    ────────────────────────────────────────────────────────────────────────────────────────────────

    Retry #2 ───────────────────────────────────────────────────────────────────────────────────────

    Error: expect(received).toBeGreaterThanOrEqual(expected)

    Expected: >= 1
    Received:    0

      50 |     const rows = page.locator(PRODUCT_ROWS_SELECTOR);
      51 |     const count = await rows.count();
    > 52 |     expect(count).toBeGreaterThanOrEqual(1);
         |                   ^
      53 |
      54 |     for (let i = 0; i < Math.min(count, 2); i++) {
      55 |       const row = rows.nth(i);
        at /home/runner/work/Wipro_Playwright_Capstone/Wipro_Playwright_Capstone/tests/cart-management.spec.js:52:19

    attachment #1: screenshot (image/png) ──────────────────────────────────────────────────────────
    test-results/cart-management-Module-6-—-8c2dc-t-price-quantity-line-total-firefox-retry2/test-failed-1.png
    ────────────────────────────────────────────────────────────────────────────────────────────────

    Error Context: test-results/cart-management-Module-6-—-8c2dc-t-price-quantity-line-total-firefox-retry2/error-context.md

  2 failed
    [firefox] › tests/cart-management.spec.js:26:7 › Module 6 — Cart Management › TC_CM_002 — Adding same product twice merges into qty 2 
    [firefox] › tests/cart-management.spec.js:45:7 › Module 6 — Cart Management › TC_CM_003 — Cart displays correct name, unit price, quantity, line total 
  2 skipped
  28 passed (11.2m)
Error: Process completed with exit code 1.
Run npm run test:ci -- --shard=5/10

> wipro_capstone@1.0.0 test:ci
> playwright test --shard=5/10


Running 32 tests using 2 workers, shard 5 of 10
Navigating to category: /in/en/cat/sofas-fu003/
Navigating to category: /in/en/cat/sofas-fu003/
·Navigating to category: /in/en/cat/sofas-fu003/
×Navigating to category: /in/en/cat/sofas-fu003/
·×·Navigating to category: /in/en/cat/sofas-fu003/
Navigating to category: /in/en/cat/sofas-fu003/
·Navigating to category: /in/en/cat/sofas-fu003/
FNavigating to category: /in/en/cat/sofas-fu003/
·Navigating to category: /in/en/cat/sofas-fu003/
·Navigating to category: /in/en/cat/sofas-fu003/
×Navigating to category: /in/en/cat/sofas-fu003/
·Navigating to category: /in/en/cat/sofas-fu003/
×Navigating to category: /in/en/cat/sofas-fu003/
×Navigating to category: /in/en/cat/sofas-fu003/
×Navigating to category: /in/en/cat/sofas-fu003/
FNavigating to category: /in/en/cat/sofas-fu003/
FNavigating to category: /in/en/cat/sofas-fu003/
Navigating to login page...
·°Navigating to category: /in/en/cat/sofas-fu003/
Navigating to category: /in/en/cat/sofas-fu003/
·××Navigating to category: /in/en/cat/sofas-fu003/
××Navigating to category: /in/en/cat/sofas-fu003/
FF××××FF××××FF××××FF××××FF××××FF××××FF××××FF××××FF××F

  1) [firefox] › tests/cart-management.spec.js:64:7 › Module 6 — Cart Management › TC_CM_004 — Updating quantity recalculates line total 

    TimeoutError: locator.textContent: Timeout 15000ms exceeded.
    Call log:
      - waiting for locator('[class*="price-module__price"], .cart-ingka-price-module__price, [data-testid="cart-item-price"], [class*="price"]').first()


      67 |
      68 |     const priceEl = page.locator('[class*="price-module__price"], .cart-ingka-price-module__price, [data-testid="cart-item-price"], [class*="price"]').first();
    > 69 |     const unitPrice = parsePriceText(await priceEl.textContent() || '0');
         |                                                    ^
      70 |
      71 |     // Change quantity to 4
      72 |     const qtyInput = page.locator('input[type="number"], input[type="text"], [data-testid="quantity-input"]').first();
        at /home/runner/work/Wipro_Playwright_Capstone/Wipro_Playwright_Capstone/tests/cart-management.spec.js:69:52

    attachment #1: screenshot (image/png) ──────────────────────────────────────────────────────────
    test-results/cart-management-Module-6-—-c3f89-ity-recalculates-line-total-firefox/test-failed-1.png
    ────────────────────────────────────────────────────────────────────────────────────────────────

    Error Context: test-results/cart-management-Module-6-—-c3f89-ity-recalculates-line-total-firefox/error-context.md

    Retry #1 ───────────────────────────────────────────────────────────────────────────────────────

    TimeoutError: locator.textContent: Timeout 15000ms exceeded.
    Call log:
      - waiting for locator('[class*="price-module__price"], .cart-ingka-price-module__price, [data-testid="cart-item-price"], [class*="price"]').first()


      67 |
      68 |     const priceEl = page.locator('[class*="price-module__price"], .cart-ingka-price-module__price, [data-testid="cart-item-price"], [class*="price"]').first();
    > 69 |     const unitPrice = parsePriceText(await priceEl.textContent() || '0');
         |                                                    ^
      70 |
      71 |     // Change quantity to 4
      72 |     const qtyInput = page.locator('input[type="number"], input[type="text"], [data-testid="quantity-input"]').first();
        at /home/runner/work/Wipro_Playwright_Capstone/Wipro_Playwright_Capstone/tests/cart-management.spec.js:69:52

    attachment #1: screenshot (image/png) ──────────────────────────────────────────────────────────
    test-results/cart-management-Module-6-—-c3f89-ity-recalculates-line-total-firefox-retry1/test-failed-1.png
    ────────────────────────────────────────────────────────────────────────────────────────────────

    Error Context: test-results/cart-management-Module-6-—-c3f89-ity-recalculates-line-total-firefox-retry1/error-context.md

    attachment #3: trace (application/zip) ─────────────────────────────────────────────────────────
    test-results/cart-management-Module-6-—-c3f89-ity-recalculates-line-total-firefox-retry1/trace.zip
    Usage:

        npx playwright show-trace test-results/cart-management-Module-6-—-c3f89-ity-recalculates-line-total-firefox-retry1/trace.zip

    ────────────────────────────────────────────────────────────────────────────────────────────────

    Retry #2 ───────────────────────────────────────────────────────────────────────────────────────

    TimeoutError: locator.textContent: Timeout 15000ms exceeded.
    Call log:
      - waiting for locator('[class*="price-module__price"], .cart-ingka-price-module__price, [data-testid="cart-item-price"], [class*="price"]').first()


      67 |
      68 |     const priceEl = page.locator('[class*="price-module__price"], .cart-ingka-price-module__price, [data-testid="cart-item-price"], [class*="price"]').first();
    > 69 |     const unitPrice = parsePriceText(await priceEl.textContent() || '0');
         |                                                    ^
      70 |
      71 |     // Change quantity to 4
      72 |     const qtyInput = page.locator('input[type="number"], input[type="text"], [data-testid="quantity-input"]').first();
        at /home/runner/work/Wipro_Playwright_Capstone/Wipro_Playwright_Capstone/tests/cart-management.spec.js:69:52

    attachment #1: screenshot (image/png) ──────────────────────────────────────────────────────────
    test-results/cart-management-Module-6-—-c3f89-ity-recalculates-line-total-firefox-retry2/test-failed-1.png
    ────────────────────────────────────────────────────────────────────────────────────────────────

    Error Context: test-results/cart-management-Module-6-—-c3f89-ity-recalculates-line-total-firefox-retry2/error-context.md

  2) [firefox] › tests/cart-management.spec.js:213:7 › Module 6 — Cart Management › TC_CM_011 — Price column is read-only 

    TimeoutError: locator.evaluate: Timeout 15000ms exceeded.
    Call log:
      - waiting for locator('[class*="price-module__price"], .cart-ingka-price-module__price, [data-testid="cart-item-price"], [class*="price"]').first()


      216 |     
      217 |     const priceEl = page.locator('[class*="price-module__price"], .cart-ingka-price-module__price, [data-testid="cart-item-price"], [class*="price"]').first();
    > 218 |     const tag = await priceEl.evaluate(el => el.tagName.toLowerCase());
          |                               ^
      219 |     // Price must not be an input/editable field
      220 |     expect(['input', 'textarea']).not.toContain(tag);
      221 |     const contentEditable = await priceEl.getAttribute('contenteditable');
        at /home/runner/work/Wipro_Playwright_Capstone/Wipro_Playwright_Capstone/tests/cart-management.spec.js:218:31

    attachment #1: screenshot (image/png) ──────────────────────────────────────────────────────────
    test-results/cart-management-Module-6-—-641a0-—-Price-column-is-read-only-firefox/test-failed-1.png
    ────────────────────────────────────────────────────────────────────────────────────────────────

    Error Context: test-results/cart-management-Module-6-—-641a0-—-Price-column-is-read-only-firefox/error-context.md

    Retry #1 ───────────────────────────────────────────────────────────────────────────────────────

    TimeoutError: locator.evaluate: Timeout 15000ms exceeded.
    Call log:
      - waiting for locator('[class*="price-module__price"], .cart-ingka-price-module__price, [data-testid="cart-item-price"], [class*="price"]').first()


      216 |     
      217 |     const priceEl = page.locator('[class*="price-module__price"], .cart-ingka-price-module__price, [data-testid="cart-item-price"], [class*="price"]').first();
    > 218 |     const tag = await priceEl.evaluate(el => el.tagName.toLowerCase());
          |                               ^
      219 |     // Price must not be an input/editable field
      220 |     expect(['input', 'textarea']).not.toContain(tag);
      221 |     const contentEditable = await priceEl.getAttribute('contenteditable');
        at /home/runner/work/Wipro_Playwright_Capstone/Wipro_Playwright_Capstone/tests/cart-management.spec.js:218:31

    attachment #1: screenshot (image/png) ──────────────────────────────────────────────────────────
    test-results/cart-management-Module-6-—-641a0-—-Price-column-is-read-only-firefox-retry1/test-failed-1.png
    ────────────────────────────────────────────────────────────────────────────────────────────────

    Error Context: test-results/cart-management-Module-6-—-641a0-—-Price-column-is-read-only-firefox-retry1/error-context.md

    attachment #3: trace (application/zip) ─────────────────────────────────────────────────────────
    test-results/cart-management-Module-6-—-641a0-—-Price-column-is-read-only-firefox-retry1/trace.zip
    Usage:

        npx playwright show-trace test-results/cart-management-Module-6-—-641a0-—-Price-column-is-read-only-firefox-retry1/trace.zip

    ────────────────────────────────────────────────────────────────────────────────────────────────

    Retry #2 ───────────────────────────────────────────────────────────────────────────────────────

    TimeoutError: locator.evaluate: Timeout 15000ms exceeded.
    Call log:
      - waiting for locator('[class*="price-module__price"], .cart-ingka-price-module__price, [data-testid="cart-item-price"], [class*="price"]').first()


      216 |     
      217 |     const priceEl = page.locator('[class*="price-module__price"], .cart-ingka-price-module__price, [data-testid="cart-item-price"], [class*="price"]').first();
    > 218 |     const tag = await priceEl.evaluate(el => el.tagName.toLowerCase());
          |                               ^
      219 |     // Price must not be an input/editable field
      220 |     expect(['input', 'textarea']).not.toContain(tag);
      221 |     const contentEditable = await priceEl.getAttribute('contenteditable');
        at /home/runner/work/Wipro_Playwright_Capstone/Wipro_Playwright_Capstone/tests/cart-management.spec.js:218:31

    attachment #1: screenshot (image/png) ──────────────────────────────────────────────────────────
    test-results/cart-management-Module-6-—-641a0-—-Price-column-is-read-only-firefox-retry2/test-failed-1.png
    ────────────────────────────────────────────────────────────────────────────────────────────────

    Error Context: test-results/cart-management-Module-6-—-641a0-—-Price-column-is-read-only-firefox-retry2/error-context.md

  3) [firefox] › tests/cart-management.spec.js:239:7 › Module 6 — Cart Management › TC_CM_013 — Badge count accurate after multiple add/remove ops 

    Error: expect(received).toBeGreaterThanOrEqual(expected)

    Expected: >= 1
    Received:    0

      242 |     await page.waitForTimeout(3000);
      243 |     const afterAdd = await getCartBadgeCount(page);
    > 244 |     expect(afterAdd).toBeGreaterThanOrEqual(1);
          |                      ^
      245 |     
      246 |     await navigateToCart(page);
      247 |     
        at /home/runner/work/Wipro_Playwright_Capstone/Wipro_Playwright_Capstone/tests/cart-management.spec.js:244:22

    attachment #1: screenshot (image/png) ──────────────────────────────────────────────────────────
    test-results/cart-management-Module-6-—-8ed59-ter-multiple-add-remove-ops-firefox/test-failed-1.png
    ────────────────────────────────────────────────────────────────────────────────────────────────

    Error Context: test-results/cart-management-Module-6-—-8ed59-ter-multiple-add-remove-ops-firefox/error-context.md

    Retry #1 ───────────────────────────────────────────────────────────────────────────────────────

    Error: expect(received).toBeGreaterThanOrEqual(expected)

    Expected: >= 1
    Received:    0

      242 |     await page.waitForTimeout(3000);
      243 |     const afterAdd = await getCartBadgeCount(page);
    > 244 |     expect(afterAdd).toBeGreaterThanOrEqual(1);
          |                      ^
      245 |     
      246 |     await navigateToCart(page);
      247 |     
        at /home/runner/work/Wipro_Playwright_Capstone/Wipro_Playwright_Capstone/tests/cart-management.spec.js:244:22

    attachment #1: screenshot (image/png) ──────────────────────────────────────────────────────────
    test-results/cart-management-Module-6-—-8ed59-ter-multiple-add-remove-ops-firefox-retry1/test-failed-1.png
    ────────────────────────────────────────────────────────────────────────────────────────────────

    Error Context: test-results/cart-management-Module-6-—-8ed59-ter-multiple-add-remove-ops-firefox-retry1/error-context.md

    attachment #3: trace (application/zip) ─────────────────────────────────────────────────────────
    test-results/cart-management-Module-6-—-8ed59-ter-multiple-add-remove-ops-firefox-retry1/trace.zip
    Usage:

        npx playwright show-trace test-results/cart-management-Module-6-—-8ed59-ter-multiple-add-remove-ops-firefox-retry1/trace.zip

    ────────────────────────────────────────────────────────────────────────────────────────────────

    Retry #2 ───────────────────────────────────────────────────────────────────────────────────────

    Error: expect(received).toBeGreaterThanOrEqual(expected)

    Expected: >= 1
    Received:    0

      242 |     await page.waitForTimeout(3000);
      243 |     const afterAdd = await getCartBadgeCount(page);
    > 244 |     expect(afterAdd).toBeGreaterThanOrEqual(1);
          |                      ^
      245 |     
      246 |     await navigateToCart(page);
      247 |     
        at /home/runner/work/Wipro_Playwright_Capstone/Wipro_Playwright_Capstone/tests/cart-management.spec.js:244:22

    attachment #1: screenshot (image/png) ──────────────────────────────────────────────────────────
    test-results/cart-management-Module-6-—-8ed59-ter-multiple-add-remove-ops-firefox-retry2/test-failed-1.png
    ────────────────────────────────────────────────────────────────────────────────────────────────

    Error Context: test-results/cart-management-Module-6-—-8ed59-ter-multiple-add-remove-ops-firefox-retry2/error-context.md

  4) [firefox] › tests/cart-management.spec.js:329:7 › Module 6 — Cart Management › TC_CM_016 — Proceed to Checkout button is present and enabled 

    Error: expect(locator).toBeVisible() failed

    Locator: getByRole('button', { name: /proceed to checkout|checkout|continue to checkout/i }).first()
    Expected: visible
    Timeout: 10000ms
    Error: element(s) not found

    Call log:
      - Expect "toBeVisible" with timeout 10000ms
      - waiting for getByRole('button', { name: /proceed to checkout|checkout|continue to checkout/i }).first()


      335 |       || page.locator('[class*="checkout"] button, button:has-text("checkout"), button:has-text("continue")').first();
      336 |       
    > 337 |     await expect(checkoutBtn).toBeVisible({ timeout: 10000 });
          |                               ^
      338 |     await expect(checkoutBtn).toBeEnabled();
      339 |   });
      340 |
        at /home/runner/work/Wipro_Playwright_Capstone/Wipro_Playwright_Capstone/tests/cart-management.spec.js:337:31

    attachment #1: screenshot (image/png) ──────────────────────────────────────────────────────────
    test-results/cart-management-Module-6-—-8e18e-tton-is-present-and-enabled-firefox/test-failed-1.png
    ────────────────────────────────────────────────────────────────────────────────────────────────

    Error Context: test-results/cart-management-Module-6-—-8e18e-tton-is-present-and-enabled-firefox/error-context.md

    Retry #1 ───────────────────────────────────────────────────────────────────────────────────────

    Error: expect(locator).toBeVisible() failed

    Locator: getByRole('button', { name: /proceed to checkout|checkout|continue to checkout/i }).first()
    Expected: visible
    Timeout: 10000ms
    Error: element(s) not found

    Call log:
      - Expect "toBeVisible" with timeout 10000ms
      - waiting for getByRole('button', { name: /proceed to checkout|checkout|continue to checkout/i }).first()


      335 |       || page.locator('[class*="checkout"] button, button:has-text("checkout"), button:has-text("continue")').first();
      336 |       
    > 337 |     await expect(checkoutBtn).toBeVisible({ timeout: 10000 });
          |                               ^
      338 |     await expect(checkoutBtn).toBeEnabled();
      339 |   });
      340 |
        at /home/runner/work/Wipro_Playwright_Capstone/Wipro_Playwright_Capstone/tests/cart-management.spec.js:337:31

    attachment #1: screenshot (image/png) ────────────────────────────────────────��─────────────────
    test-results/cart-management-Module-6-—-8e18e-tton-is-present-and-enabled-firefox-retry1/test-failed-1.png
    ────────────────────────────────────────────────────────────────────────────────────────────────

    Error Context: test-results/cart-management-Module-6-—-8e18e-tton-is-present-and-enabled-firefox-retry1/error-context.md

    attachment #3: trace (application/zip) ─────────────────────────────────────────────────────────
    test-results/cart-management-Module-6-—-8e18e-tton-is-present-and-enabled-firefox-retry1/trace.zip
    Usage:

        npx playwright show-trace test-results/cart-management-Module-6-—-8e18e-tton-is-present-and-enabled-firefox-retry1/trace.zip

    ────────────────────────────────────────────────────────────────────────────────────────────────

    Retry #2 ───────────────────────────────────────────────────────────────────────────────────────

    Error: expect(locator).toBeVisible() failed

    Locator: getByRole('button', { name: /proceed to checkout|checkout|continue to checkout/i }).first()
    Expected: visible
    Timeout: 10000ms
    Error: element(s) not found

    Call log:
      - Expect "toBeVisible" with timeout 10000ms
      - waiting for getByRole('button', { name: /proceed to checkout|checkout|continue to checkout/i }).first()


      335 |       || page.locator('[class*="checkout"] button, button:has-text("checkout"), button:has-text("continue")').first();
      336 |       
    > 337 |     await expect(checkoutBtn).toBeVisible({ timeout: 10000 });
          |                               ^
      338 |     await expect(checkoutBtn).toBeEnabled();
      339 |   });
      340 |
        at /home/runner/work/Wipro_Playwright_Capstone/Wipro_Playwright_Capstone/tests/cart-management.spec.js:337:31

    attachment #1: screenshot (image/png) ──────────────────────────────────────────────────────────
    test-results/cart-management-Module-6-—-8e18e-tton-is-present-and-enabled-firefox-retry2/test-failed-1.png
    ────────────────────────────────────────────────────────────────────────────────────────────────

    Error Context: test-results/cart-management-Module-6-—-8e18e-tton-is-present-and-enabled-firefox-retry2/error-context.md

  5) [firefox] › tests/checkout-flow.spec.js:7:7 › Module 7 — Checkout Flow › TC_CF_001 — Proceed to Checkout navigates logged-in user to checkout 

    TimeoutError: locator.click: Timeout 15000ms exceeded.
    Call log:
      - waiting for locator('[data-testid="product-card"], .product-card, .plp-product-card__container').first()


       at helpers/ikea-helpers.js:86

      84 |   // Click on the first product card
      85 |   const productCard = page.locator('[data-testid="product-card"], .product-card, .plp-product-card__container').first();
    > 86 |   await productCard.click();
         |                     ^
      87 |   await page.waitForLoadState('domcontentloaded'); await page.waitForTimeout(3000);
      88 |
      89 |   // Click Add to Bag
        at addProductToCart (/home/runner/work/Wipro_Playwright_Capstone/Wipro_Playwright_Capstone/tests/helpers/ikea-helpers.js:86:21)
        at goToCheckout (/home/runner/work/Wipro_Playwright_Capstone/Wipro_Playwright_Capstone/tests/helpers/modules/checkout-flow.helper.js:16:3)
        at /home/runner/work/Wipro_Playwright_Capstone/Wipro_Playwright_Capstone/tests/checkout-flow.spec.js:8:5

    attachment #1: screenshot (image/png) ──────────────────────────────────────────────────────────
    test-results/checkout-flow-Module-7-—-C-0199a--logged-in-user-to-checkout-firefox/test-failed-1.png
    ────────────────────────────────────────────────────────────────────────────────────────────────

    Error Context: test-results/checkout-flow-Module-7-—-C-0199a--logged-in-user-to-checkout-firefox/error-context.md

    Retry #1 ───────────────────────────────────────────────────────────────────────────────────────

    TimeoutError: locator.click: Timeout 15000ms exceeded.
    Call log:
      - waiting for locator('[data-testid="product-card"], .product-card, .plp-product-card__container').first()


       at helpers/ikea-helpers.js:86

      84 |   // Click on the first product card
      85 |   const productCard = page.locator('[data-testid="product-card"], .product-card, .plp-product-card__container').first();
    > 86 |   await productCard.click();
         |                     ^
      87 |   await page.waitForLoadState('domcontentloaded'); await page.waitForTimeout(3000);
      88 |
      89 |   // Click Add to Bag
        at addProductToCart (/home/runner/work/Wipro_Playwright_Capstone/Wipro_Playwright_Capstone/tests/helpers/ikea-helpers.js:86:21)
        at goToCheckout (/home/runner/work/Wipro_Playwright_Capstone/Wipro_Playwright_Capstone/tests/helpers/modules/checkout-flow.helper.js:16:3)
        at /home/runner/work/Wipro_Playwright_Capstone/Wipro_Playwright_Capstone/tests/checkout-flow.spec.js:8:5

    attachment #1: screenshot (image/png) ──────────────────────────────────────────────────────────
    test-results/checkout-flow-Module-7-—-C-0199a--logged-in-user-to-checkout-firefox-retry1/test-failed-1.png
    ────────────────────────────────────────────────────────────────────────────────────────────────

    Error Context: test-results/checkout-flow-Module-7-—-C-0199a--logged-in-user-to-checkout-firefox-retry1/error-context.md

    attachment #3: trace (application/zip) ─────────────────────────────────────────────────────────
    test-results/checkout-flow-Module-7-—-C-0199a--logged-in-user-to-checkout-firefox-retry1/trace.zip
    Usage:

        npx playwright show-trace test-results/checkout-flow-Module-7-—-C-0199a--logged-in-user-to-checkout-firefox-retry1/trace.zip

    ────────────────────────────────────────────────────────────────────────────────────────────────

    Retry #2 ───────────────────────────────────────────────────────────────────────────────────────

    TimeoutError: locator.click: Timeout 15000ms exceeded.
    Call log:
      - waiting for locator('[data-testid="product-card"], .product-card, .plp-product-card__container').first()


       at helpers/ikea-helpers.js:86

      84 |   // Click on the first product card
      85 |   const productCard = page.locator('[data-testid="product-card"], .product-card, .plp-product-card__container').first();
    > 86 |   await productCard.click();
         |                     ^
      87 |   await page.waitForLoadState('domcontentloaded'); await page.waitForTimeout(3000);
      88 |
      89 |   // Click Add to Bag
        at addProductToCart (/home/runner/work/Wipro_Playwright_Capstone/Wipro_Playwright_Capstone/tests/helpers/ikea-helpers.js:86:21)
        at goToCheckout (/home/runner/work/Wipro_Playwright_Capstone/Wipro_Playwright_Capstone/tests/helpers/modules/checkout-flow.helper.js:16:3)
        at /home/runner/work/Wipro_Playwright_Capstone/Wipro_Playwright_Capstone/tests/checkout-flow.spec.js:8:5

    attachment #1: screenshot (image/png) ──────────────────────────────────────────────────────────
    test-results/checkout-flow-Module-7-—-C-0199a--logged-in-user-to-checkout-firefox-retry2/test-failed-1.png
    ────────────────────────────────────────────────────────────────────────────────────────────────

    Error Context: test-results/checkout-flow-Module-7-—-C-0199a--logged-in-user-to-checkout-firefox-retry2/error-context.md

  6) [firefox] › tests/checkout-flow.spec.js:14:7 › Module 7 — Checkout Flow › TC_CF_002 — Guest clicking checkout is prompted to login 

    TimeoutError: locator.click: Timeout 15000ms exceeded.
    Call log:
      - waiting for locator('[data-testid="product-card"], .product-card, .plp-product-card__container').first()


       at helpers/ikea-helpers.js:86

      84 |   // Click on the first product card
      85 |   const productCard = page.locator('[data-testid="product-card"], .product-card, .plp-product-card__container').first();
    > 86 |   await productCard.click();
         |                     ^
      87 |   await page.waitForLoadState('domcontentloaded'); await page.waitForTimeout(3000);
      88 |
      89 |   // Click Add to Bag
        at addProductToCart (/home/runner/work/Wipro_Playwright_Capstone/Wipro_Playwright_Capstone/tests/helpers/ikea-helpers.js:86:21)
        at /home/runner/work/Wipro_Playwright_Capstone/Wipro_Playwright_Capstone/tests/checkout-flow.spec.js:17:5

    attachment #1: screenshot (image/png) ──────────────────────────────────────────────────────────
    test-results/checkout-flow-Module-7-—-C-535ab-eckout-is-prompted-to-login-firefox/test-failed-1.png
    ────────────────────────────────────────────────────────────────────────────────────────────────

    Error Context: test-results/checkout-flow-Module-7-—-C-535ab-eckout-is-prompted-to-login-firefox/error-context.md

    Retry #1 ─────────��─────────────────────────────────────────────────────────────────────────────

    TimeoutError: locator.click: Timeout 15000ms exceeded.
    Call log:
      - waiting for locator('[data-testid="product-card"], .product-card, .plp-product-card__container').first()


       at helpers/ikea-helpers.js:86

      84 |   // Click on the first product card
      85 |   const productCard = page.locator('[data-testid="product-card"], .product-card, .plp-product-card__container').first();
    > 86 |   await productCard.click();
         |                     ^
      87 |   await page.waitForLoadState('domcontentloaded'); await page.waitForTimeout(3000);
      88 |
      89 |   // Click Add to Bag
        at addProductToCart (/home/runner/work/Wipro_Playwright_Capstone/Wipro_Playwright_Capstone/tests/helpers/ikea-helpers.js:86:21)
        at /home/runner/work/Wipro_Playwright_Capstone/Wipro_Playwright_Capstone/tests/checkout-flow.spec.js:17:5

    attachment #1: screenshot (image/png) ──────────────────────────────────────────────────────────
    test-results/checkout-flow-Module-7-—-C-535ab-eckout-is-prompted-to-login-firefox-retry1/test-failed-1.png
    ────────────────────────────────────────────────────────────────────────────────────────────────

    Error Context: test-results/checkout-flow-Module-7-—-C-535ab-eckout-is-prompted-to-login-firefox-retry1/error-context.md

    attachment #3: trace (application/zip) ─────────────────────────────────────────────────────────
    test-results/checkout-flow-Module-7-—-C-535ab-eckout-is-prompted-to-login-firefox-retry1/trace.zip
    Usage:

        npx playwright show-trace test-results/checkout-flow-Module-7-—-C-535ab-eckout-is-prompted-to-login-firefox-retry1/trace.zip

    ────────────────────────────────────────────────────────────────────────────────────────────────

    Retry #2 ───────────────────────────────────────────────────────────────────────────────────────

    TimeoutError: locator.click: Timeout 15000ms exceeded.
    Call log:
      - waiting for locator('[data-testid="product-card"], .product-card, .plp-product-card__container').first()


       at helpers/ikea-helpers.js:86

      84 |   // Click on the first product card
      85 |   const productCard = page.locator('[data-testid="product-card"], .product-card, .plp-product-card__container').first();
    > 86 |   await productCard.click();
         |                     ^
      87 |   await page.waitForLoadState('domcontentloaded'); await page.waitForTimeout(3000);
      88 |
      89 |   // Click Add to Bag
        at addProductToCart (/home/runner/work/Wipro_Playwright_Capstone/Wipro_Playwright_Capstone/tests/helpers/ikea-helpers.js:86:21)
        at /home/runner/work/Wipro_Playwright_Capstone/Wipro_Playwright_Capstone/tests/checkout-flow.spec.js:17:5

    attachment #1: screenshot (image/png) ──────────────────────────────────────────────────────────
    test-results/checkout-flow-Module-7-—-C-535ab-eckout-is-prompted-to-login-firefox-retry2/test-failed-1.png
    ────────────────────────────────────────────────────────────────────────────────────────────────

    Error Context: test-results/checkout-flow-Module-7-—-C-535ab-eckout-is-prompted-to-login-firefox-retry2/error-context.md

  7) [firefox] › tests/checkout-flow.spec.js:27:7 › Module 7 — Checkout Flow › TC_CF_003 — Checkout displays cart items with correct quantities and prices 

    TimeoutError: locator.click: Timeout 15000ms exceeded.
    Call log:
      - waiting for locator('[data-testid="product-card"], .product-card, .plp-product-card__container').first()


       at helpers/ikea-helpers.js:86

      84 |   // Click on the first product card
      85 |   const productCard = page.locator('[data-testid="product-card"], .product-card, .plp-product-card__container').first();
    > 86 |   await productCard.click();
         |                     ^
      87 |   await page.waitForLoadState('domcontentloaded'); await page.waitForTimeout(3000);
      88 |
      89 |   // Click Add to Bag
        at addProductToCart (/home/runner/work/Wipro_Playwright_Capstone/Wipro_Playwright_Capstone/tests/helpers/ikea-helpers.js:86:21)
        at goToCheckout (/home/runner/work/Wipro_Playwright_Capstone/Wipro_Playwright_Capstone/tests/helpers/modules/checkout-flow.helper.js:16:3)
        at /home/runner/work/Wipro_Playwright_Capstone/Wipro_Playwright_Capstone/tests/checkout-flow.spec.js:28:5

    attachment #1: screenshot (image/png) ──────────────────────────────────────────────────────────
    test-results/checkout-flow-Module-7-—-C-4f8d3-rrect-quantities-and-prices-firefox/test-failed-1.png
    ────────────────────────────────────────────────────────────────────────────────────────────────

    Error Context: test-results/checkout-flow-Module-7-—-C-4f8d3-rrect-quantities-and-prices-firefox/error-context.md

    Retry #1 ───────────────────────────────────────────────────────────────────────────────────────

    TimeoutError: locator.click: Timeout 15000ms exceeded.
    Call log:
      - waiting for locator('[data-testid="product-card"], .product-card, .plp-product-card__container').first()


       at helpers/ikea-helpers.js:86

      84 |   // Click on the first product card
      85 |   const productCard = page.locator('[data-testid="product-card"], .product-card, .plp-product-card__container').first();
    > 86 |   await productCard.click();
         |                     ^
      87 |   await page.waitForLoadState('domcontentloaded'); await page.waitForTimeout(3000);
      88 |
      89 |   // Click Add to Bag
        at addProductToCart (/home/runner/work/Wipro_Playwright_Capstone/Wipro_Playwright_Capstone/tests/helpers/ikea-helpers.js:86:21)
        at goToCheckout (/home/runner/work/Wipro_Playwright_Capstone/Wipro_Playwright_Capstone/tests/helpers/modules/checkout-flow.helper.js:16:3)
        at /home/runner/work/Wipro_Playwright_Capstone/Wipro_Playwright_Capstone/tests/checkout-flow.spec.js:28:5

    attachment #1: screenshot (image/png) ──────────────────────────────────────────────────────────
    test-results/checkout-flow-Module-7-—-C-4f8d3-rrect-quantities-and-prices-firefox-retry1/test-failed-1.png
    ────────────────────────────────────────────────────────────────────────────────────────────────

    Error Context: test-results/checkout-flow-Module-7-—-C-4f8d3-rrect-quantities-and-prices-firefox-retry1/error-context.md

    attachment #3: trace (application/zip) ─────────────────────────────────────────────────────────
    test-results/checkout-flow-Module-7-—-C-4f8d3-rrect-quantities-and-prices-firefox-retry1/trace.zip
    Usage:

        npx playwright show-trace test-results/checkout-flow-Module-7-—-C-4f8d3-rrect-quantities-and-prices-firefox-retry1/trace.zip

    ────────────────────────────────────────────────────────────────────────────────────────────────

    Retry #2 ───────────────────────────────────────────────────────────────────────────────────────

    TimeoutError: locator.click: Timeout 15000ms exceeded.
    Call log:
      - waiting for locator('[data-testid="product-card"], .product-card, .plp-product-card__container').first()


       at helpers/ikea-helpers.js:86

      84 |   // Click on the first product card
      85 |   const productCard = page.locator('[data-testid="product-card"], .product-card, .plp-product-card__container').first();
    > 86 |   await productCard.click();
         |                     ^
      87 |   await page.waitForLoadState('domcontentloaded'); await page.waitForTimeout(3000);
      88 |
      89 |   // Click Add to Bag
        at addProductToCart (/home/runner/work/Wipro_Playwright_Capstone/Wipro_Playwright_Capstone/tests/helpers/ikea-helpers.js:86:21)
        at goToCheckout (/home/runner/work/Wipro_Playwright_Capstone/Wipro_Playwright_Capstone/tests/helpers/modules/checkout-flow.helper.js:16:3)
        at /home/runner/work/Wipro_Playwright_Capstone/Wipro_Playwright_Capstone/tests/checkout-flow.spec.js:28:5

    attachment #1: screenshot (image/png) ──────────────────────────────────────────────────────────
    test-results/checkout-flow-Module-7-—-C-4f8d3-rrect-quantities-and-prices-firefox-retry2/test-failed-1.png
    ────────────────────────────────────────────────────────────────────────────────────────────────

    Error Context: test-results/checkout-flow-Module-7-—-C-4f8d3-rrect-quantities-and-prices-firefox-retry2/error-context.md

  8) [firefox] › tests/checkout-flow.spec.js:38:7 › Module 7 — Checkout Flow › TC_CF_004 — Order total matches cart subtotal 

    TimeoutError: locator.click: Timeout 15000ms exceeded.
    Call log:
      - waiting for locator('[data-testid="product-card"], .product-card, .plp-product-card__container').first()


       at helpers/ikea-helpers.js:86

      84 |   // Click on the first product card
      85 |   const productCard = page.locator('[data-testid="product-card"], .product-card, .plp-product-card__container').first();
    > 86 |   await productCard.click();
         |                     ^
      87 |   await page.waitForLoadState('domcontentloaded'); await page.waitForTimeout(3000);
      88 |
      89 |   // Click Add to Bag
        at addProductToCart (/home/runner/work/Wipro_Playwright_Capstone/Wipro_Playwright_Capstone/tests/helpers/ikea-helpers.js:86:21)
        at /home/runner/work/Wipro_Playwright_Capstone/Wipro_Playwright_Capstone/tests/checkout-flow.spec.js:40:5

    attachment #1: screenshot (image/png) ──────────────────────────────────────────────────────────
    test-results/checkout-flow-Module-7-—-C-da4f9-total-matches-cart-subtotal-firefox/test-failed-1.png
    ────────────────────────────────────────────────────────────────────────────────────────────────

    Error Context: test-results/checkout-flow-Module-7-—-C-da4f9-total-matches-cart-subtotal-firefox/error-context.md

    Retry #1 ───────────────────────────────────────────────────────────────────────────────────────

    TimeoutError: locator.click: Timeout 15000ms exceeded.
    Call log:
      - waiting for locator('[data-testid="product-card"], .product-card, .plp-product-card__container').first()


       at helpers/ikea-helpers.js:86

      84 |   // Click on the first product card
      85 |   const productCard = page.locator('[data-testid="product-card"], .product-card, .plp-product-card__container').first();
    > 86 |   await productCard.click();
         |                     ^
      87 |   await page.waitForLoadState('domcontentloaded'); await page.waitForTimeout(3000);
      88 |
      89 |   // Click Add to Bag
        at addProductToCart (/home/runner/work/Wipro_Playwright_Capstone/Wipro_Playwright_Capstone/tests/helpers/ikea-helpers.js:86:21)
        at /home/runner/work/Wipro_Playwright_Capstone/Wipro_Playwright_Capstone/tests/checkout-flow.spec.js:40:5

    attachment #1: screenshot (image/png) ──────────────────────────────────────────────────────────
    test-results/checkout-flow-Module-7-—-C-da4f9-total-matches-cart-subtotal-firefox-retry1/test-failed-1.png
    ────────────────────────────────────────────────────────────────────────────────────────────────

    Error Context: test-results/checkout-flow-Module-7-—-C-da4f9-total-matches-cart-subtotal-firefox-retry1/error-context.md

    attachment #3: trace (application/zip) ─────────────────────────────────────────────────────────
    test-results/checkout-flow-Module-7-—-C-da4f9-total-matches-cart-subtotal-firefox-retry1/trace.zip
    Usage:

        npx playwright show-trace test-results/checkout-flow-Module-7-—-C-da4f9-total-matches-cart-subtotal-firefox-retry1/trace.zip

    ────────────────────────────────────────────────────────────────────────────────────────────────

    Retry #2 ───────────────────────────────────────────────────────────────────────────────────────

    TimeoutError: locator.click: Timeout 15000ms exceeded.
    Call log:
      - waiting for locator('[data-testid="product-card"], .product-card, .plp-product-card__container').first()


       at helpers/ikea-helpers.js:86

      84 |   // Click on the first product card
      85 |   const productCard = page.locator('[data-testid="product-card"], .product-card, .plp-product-card__container').first();
    > 86 |   await productCard.click();
         |                     ^
      87 |   await page.waitForLoadState('domcontentloaded'); await page.waitForTimeout(3000);
      88 |
      89 |   // Click Add to Bag
        at addProductToCart (/home/runner/work/Wipro_Playwright_Capstone/Wipro_Playwright_Capstone/tests/helpers/ikea-helpers.js:86:21)
        at /home/runner/work/Wipro_Playwright_Capstone/Wipro_Playwright_Capstone/tests/checkout-flow.spec.js:40:5

    attachment #1: screenshot (image/png) ──────────────────────────────────────────────────────────
    test-results/checkout-flow-Module-7-—-C-da4f9-total-matches-cart-subtotal-firefox-retry2/test-failed-1.png
    ────────────────────────────────────────────────────────────────────────────────────────────────

    Error Context: test-results/checkout-flow-Module-7-—-C-da4f9-total-matches-cart-subtotal-firefox-retry2/error-context.md

  9) [firefox] › tests/checkout-flow.spec.js:57:7 › Module 7 — Checkout Flow › TC_CF_005 — Saved address auto-populates delivery form 

    TimeoutError: locator.click: Timeout 15000ms exceeded.
    Call log:
      - waiting for locator('[data-testid="product-card"], .product-card, .plp-product-card__container').first()


       at helpers/ikea-helpers.js:86

      84 |   // Click on the first product card
      85 |   const productCard = page.locator('[data-testid="product-card"], .product-card, .plp-product-card__container').first();
    > 86 |   await productCard.click();
         |                     ^
      87 |   await page.waitForLoadState('domcontentloaded'); await page.waitForTimeout(3000);
      88 |
      89 |   // Click Add to Bag
        at addProductToCart (/home/runner/work/Wipro_Playwright_Capstone/Wipro_Playwright_Capstone/tests/helpers/ikea-helpers.js:86:21)
        at goToCheckout (/home/runner/work/Wipro_Playwright_Capstone/Wipro_Playwright_Capstone/tests/helpers/modules/checkout-flow.helper.js:16:3)
        at /home/runner/work/Wipro_Playwright_Capstone/Wipro_Playwright_Capstone/tests/checkout-flow.spec.js:58:5

    attachment #1: screenshot (image/png) ──────────────────────────────────────────────────────────
    test-results/checkout-flow-Module-7-—-C-08b63-uto-populates-delivery-form-firefox/test-failed-1.png
    ────────────────────────────────────────────────────────────────────────────────────────────────

    Error Context: test-results/checkout-flow-Module-7-—-C-08b63-uto-populates-delivery-form-firefox/error-context.md

    Retry #1 ───────────────────────────────────────────────────────────────────────────────────────

    TimeoutError: locator.click: Timeout 15000ms exceeded.
    Call log:
      - waiting for locator('[data-testid="product-card"], .product-card, .plp-product-card__container').first()


       at helpers/ikea-helpers.js:86

      84 |   // Click on the first product card
      85 |   const productCard = page.locator('[data-testid="product-card"], .product-card, .plp-product-card__container').first();
    > 86 |   await productCard.click();
         |                     ^
      87 |   await page.waitForLoadState('domcontentloaded'); await page.waitForTimeout(3000);
      88 |
      89 |   // Click Add to Bag
        at addProductToCart (/home/runner/work/Wipro_Playwright_Capstone/Wipro_Playwright_Capstone/tests/helpers/ikea-helpers.js:86:21)
        at goToCheckout (/home/runner/work/Wipro_Playwright_Capstone/Wipro_Playwright_Capstone/tests/helpers/modules/checkout-flow.helper.js:16:3)
        at /home/runner/work/Wipro_Playwright_Capstone/Wipro_Playwright_Capstone/tests/checkout-flow.spec.js:58:5

    attachment #1: screenshot (image/png) ──────────────────────────────────────────────────────────
    test-results/checkout-flow-Module-7-—-C-08b63-uto-populates-delivery-form-firefox-retry1/test-failed-1.png
    ────────────────────────────────────────────────────────────────────────────────────────────────

    Error Context: test-results/checkout-flow-Module-7-—-C-08b63-uto-populates-delivery-form-firefox-retry1/error-context.md

    attachment #3: trace (application/zip) ─────────────────────────────────────────────────────────
    test-results/checkout-flow-Module-7-—-C-08b63-uto-populates-delivery-form-firefox-retry1/trace.zip
    Usage:

        npx playwright show-trace test-results/checkout-flow-Module-7-—-C-08b63-uto-populates-delivery-form-firefox-retry1/trace.zip

    ────────────────────────────────────────────────────────────────────────────────────────────────

    Retry #2 ───────────────────────────────────────────────────────────────────────────────────────

    TimeoutError: locator.click: Timeout 15000ms exceeded.
    Call log:
      - waiting for locator('[data-testid="product-card"], .product-card, .plp-product-card__container').first()


       at helpers/ikea-helpers.js:86

      84 |   // Click on the first product card
      85 |   const productCard = page.locator('[data-testid="product-card"], .product-card, .plp-product-card__container').first();
    > 86 |   await productCard.click();
         |                     ^
      87 |   await page.waitForLoadState('domcontentloaded'); await page.waitForTimeout(3000);
      88 |
      89 |   // Click Add to Bag
        at addProductToCart (/home/runner/work/Wipro_Playwright_Capstone/Wipro_Playwright_Capstone/tests/helpers/ikea-helpers.js:86:21)
        at goToCheckout (/home/runner/work/Wipro_Playwright_Capstone/Wipro_Playwright_Capstone/tests/helpers/modules/checkout-flow.helper.js:16:3)
        at /home/runner/work/Wipro_Playwright_Capstone/Wipro_Playwright_Capstone/tests/checkout-flow.spec.js:58:5

    attachment #1: screenshot (image/png) ──────────────────────────────────────────────────────────
    test-results/checkout-flow-Module-7-—-C-08b63-uto-populates-delivery-form-firefox-retry2/test-failed-1.png
    ────────────────────────────────────────────────────────────────────────────────────────────────

    Error Context: test-results/checkout-flow-Module-7-—-C-08b63-uto-populates-delivery-form-firefox-retry2/error-context.md

  10) [firefox] › tests/checkout-flow.spec.js:73:7 › Module 7 — Checkout Flow › TC_CF_006 — Address form validates all required fields 

    TimeoutError: locator.click: Timeout 15000ms exceeded.
    Call log:
      - waiting for locator('[data-testid="product-card"], .product-card, .plp-product-card__container').first()


       at helpers/ikea-helpers.js:86

      84 |   // Click on the first product card
      85 |   const productCard = page.locator('[data-testid="product-card"], .product-card, .plp-product-card__container').first();
    > 86 |   await productCard.click();
         |                     ^
      87 |   await page.waitForLoadState('domcontentloaded'); await page.waitForTimeout(3000);
      88 |
      89 |   // Click Add to Bag
        at addProductToCart (/home/runner/work/Wipro_Playwright_Capstone/Wipro_Playwright_Capstone/tests/helpers/ikea-helpers.js:86:21)
        at goToCheckout (/home/runner/work/Wipro_Playwright_Capstone/Wipro_Playwright_Capstone/tests/helpers/modules/checkout-flow.helper.js:16:3)
        at /home/runner/work/Wipro_Playwright_Capstone/Wipro_Playwright_Capstone/tests/checkout-flow.spec.js:74:5

    attachment #1: screenshot (image/png) ──────────────────────────────────────────────────────────
    test-results/checkout-flow-Module-7-—-C-c51dc-lidates-all-required-fields-firefox/test-failed-1.png
    ────────────────────────────────────────────────────────────────────────────────────────────────

    Error Context: test-results/checkout-flow-Module-7-—-C-c51dc-lidates-all-required-fields-firefox/error-context.md

    Retry #1 ───────────────────────────────────────────────────────────────────────────────────────

    TimeoutError: locator.click: Timeout 15000ms exceeded.
    Call log:
      - waiting for locator('[data-testid="product-card"], .product-card, .plp-product-card__container').first()


       at helpers/ikea-helpers.js:86

      84 |   // Click on the first product card
      85 |   const productCard = page.locator('[data-testid="product-card"], .product-card, .plp-product-card__container').first();
    > 86 |   await productCard.click();
         |                     ^
      87 |   await page.waitForLoadState('domcontentloaded'); await page.waitForTimeout(3000);
      88 |
      89 |   // Click Add to Bag
        at addProductToCart (/home/runner/work/Wipro_Playwright_Capstone/Wipro_Playwright_Capstone/tests/helpers/ikea-helpers.js:86:21)
        at goToCheckout (/home/runner/work/Wipro_Playwright_Capstone/Wipro_Playwright_Capstone/tests/helpers/modules/checkout-flow.helper.js:16:3)
        at /home/runner/work/Wipro_Playwright_Capstone/Wipro_Playwright_Capstone/tests/checkout-flow.spec.js:74:5

    attachment #1: screenshot (image/png) ──────────────────────────────────────────────────────────
    test-results/checkout-flow-Module-7-—-C-c51dc-lidates-all-required-fields-firefox-retry1/test-failed-1.png
    ────────────────────────────────────────────────────────────────────────────────────────────────

    Error Context: test-results/checkout-flow-Module-7-—-C-c51dc-lidates-all-required-fields-firefox-retry1/error-context.md

    attachment #3: trace (application/zip) ─────────────────────────────────────────────────────────
    test-results/checkout-flow-Module-7-—-C-c51dc-lidates-all-required-fields-firefox-retry1/trace.zip
    Usage:

        npx playwright show-trace test-results/checkout-flow-Module-7-—-C-c51dc-lidates-all-required-fields-firefox-retry1/trace.zip

    ────────────────────────────────────────────────────────────────────────────────────────────────

    Retry #2 ───────────────────────────────────────────────────────────────────────────────────────

    TimeoutError: locator.click: Timeout 15000ms exceeded.
    Call log:
      - waiting for locator('[data-testid="product-card"], .product-card, .plp-product-card__container').first()


       at helpers/ikea-helpers.js:86

      84 |   // Click on the first product card
      85 |   const productCard = page.locator('[data-testid="product-card"], .product-card, .plp-product-card__container').first();
    > 86 |   await productCard.click();
         |                     ^
      87 |   await page.waitForLoadState('domcontentloaded'); await page.waitForTimeout(3000);
      88 |
      89 |   // Click Add to Bag
        at addProductToCart (/home/runner/work/Wipro_Playwright_Capstone/Wipro_Playwright_Capstone/tests/helpers/ikea-helpers.js:86:21)
        at goToCheckout (/home/runner/work/Wipro_Playwright_Capstone/Wipro_Playwright_Capstone/tests/helpers/modules/checkout-flow.helper.js:16:3)
        at /home/runner/work/Wipro_Playwright_Capstone/Wipro_Playwright_Capstone/tests/checkout-flow.spec.js:74:5

    attachment #1: screenshot (image/png) ──────────────────────────────────────────────────────────
    test-results/checkout-flow-Module-7-—-C-c51dc-lidates-all-required-fields-firefox-retry2/test-failed-1.png
    ────────────────────────────────────────────────────────────────────────────────────────────────

    Error Context: test-results/checkout-flow-Module-7-—-C-c51dc-lidates-all-required-fields-firefox-retry2/error-context.md

  11) [firefox] › tests/checkout-flow.spec.js:91:7 › Module 7 — Checkout Flow › TC_CF_007 — PIN code validates 6-digit format 

    TimeoutError: locator.click: Timeout 15000ms exceeded.
    Call log:
      - waiting for locator('[data-testid="product-card"], .product-card, .plp-product-card__container').first()


       at helpers/ikea-helpers.js:86

      84 |   // Click on the first product card
      85 |   const productCard = page.locator('[data-testid="product-card"], .product-card, .plp-product-card__container').first();
    > 86 |   await productCard.click();
         |                     ^
      87 |   await page.waitForLoadState('domcontentloaded'); await page.waitForTimeout(3000);
      88 |
      89 |   // Click Add to Bag
        at addProductToCart (/home/runner/work/Wipro_Playwright_Capstone/Wipro_Playwright_Capstone/tests/helpers/ikea-helpers.js:86:21)
        at goToCheckout (/home/runner/work/Wipro_Playwright_Capstone/Wipro_Playwright_Capstone/tests/helpers/modules/checkout-flow.helper.js:16:3)
        at /home/runner/work/Wipro_Playwright_Capstone/Wipro_Playwright_Capstone/tests/checkout-flow.spec.js:92:5

    attachment #1: screenshot (image/png) ──────────────────────────────────────────────────────────
    test-results/checkout-flow-Module-7-—-C-4effb-de-validates-6-digit-format-firefox/test-failed-1.png
    ────────────────────────────────────────────────────────────────────────────────────────────────

    Error Context: test-results/checkout-flow-Module-7-—-C-4effb-de-validates-6-digit-format-firefox/error-context.md

    Retry #1 ───────────────────────────────────────────────────────────────────────────────────────

    TimeoutError: locator.click: Timeout 15000ms exceeded.
    Call log:
      - waiting for locator('[data-testid="product-card"], .product-card, .plp-product-card__container').first()


       at helpers/ikea-helpers.js:86

      84 |   // Click on the first product card
      85 |   const productCard = page.locator('[data-testid="product-card"], .product-card, .plp-product-card__container').first();
    > 86 |   await productCard.click();
         |                     ^
      87 |   await page.waitForLoadState('domcontentloaded'); await page.waitForTimeout(3000);
      88 |
      89 |   // Click Add to Bag
        at addProductToCart (/home/runner/work/Wipro_Playwright_Capstone/Wipro_Playwright_Capstone/tests/helpers/ikea-helpers.js:86:21)
        at goToCheckout (/home/runner/work/Wipro_Playwright_Capstone/Wipro_Playwright_Capstone/tests/helpers/modules/checkout-flow.helper.js:16:3)
        at /home/runner/work/Wipro_Playwright_Capstone/Wipro_Playwright_Capstone/tests/checkout-flow.spec.js:92:5

    attachment #1: screenshot (image/png) ──────────────────────────────────────────────────────────
    test-results/checkout-flow-Module-7-—-C-4effb-de-validates-6-digit-format-firefox-retry1/test-failed-1.png
    ────────────────────────────────────────────────────────────────────────────────────────────────

    Error Context: test-results/checkout-flow-Module-7-—-C-4effb-de-validates-6-digit-format-firefox-retry1/error-context.md

    attachment #3: trace (application/zip) ─────────────────────────────────────────────────────────
    test-results/checkout-flow-Module-7-—-C-4effb-de-validates-6-digit-format-firefox-retry1/trace.zip
    Usage:

        npx playwright show-trace test-results/checkout-flow-Module-7-—-C-4effb-de-validates-6-digit-format-firefox-retry1/trace.zip

    ────────────────────────────────────────────────────────────────────────────────────────────────

    Retry #2 ───────────────────────────────────────────────────────────────────────────────────────

    TimeoutError: locator.click: Timeout 15000ms exceeded.
    Call log:
      - waiting for locator('[data-testid="product-card"], .product-card, .plp-product-card__container').first()


       at helpers/ikea-helpers.js:86

      84 |   // Click on the first product card
      85 |   const productCard = page.locator('[data-testid="product-card"], .product-card, .plp-product-card__container').first();
    > 86 |   await productCard.click();
         |                     ^
      87 |   await page.waitForLoadState('domcontentloaded'); await page.waitForTimeout(3000);
      88 |
      89 |   // Click Add to Bag
        at addProductToCart (/home/runner/work/Wipro_Playwright_Capstone/Wipro_Playwright_Capstone/tests/helpers/ikea-helpers.js:86:21)
        at goToCheckout (/home/runner/work/Wipro_Playwright_Capstone/Wipro_Playwright_Capstone/tests/helpers/modules/checkout-flow.helper.js:16:3)
        at /home/runner/work/Wipro_Playwright_Capstone/Wipro_Playwright_Capstone/tests/checkout-flow.spec.js:92:5

    attachment #1: screenshot (image/png) ──────────────────────────────────────────────────────────
    test-results/checkout-flow-Module-7-—-C-4effb-de-validates-6-digit-format-firefox-retry2/test-failed-1.png
    ────────────────────────────────────────────────────────────────────────────────────────────────

    Error Context: test-results/checkout-flow-Module-7-—-C-4effb-de-validates-6-digit-format-firefox-retry2/error-context.md

  12) [firefox] › tests/checkout-flow.spec.js:120:7 › Module 7 — Checkout Flow › TC_CF_008 — Phone number validates Indian mobile format 

    TimeoutError: locator.click: Timeout 15000ms exceeded.
    Call log:
      - waiting for locator('[data-testid="product-card"], .product-card, .plp-product-card__container').first()


       at helpers/ikea-helpers.js:86

      84 |   // Click on the first product card
      85 |   const productCard = page.locator('[data-testid="product-card"], .product-card, .plp-product-card__container').first();
    > 86 |   await productCard.click();
         |                     ^
      87 |   await page.waitForLoadState('domcontentloaded'); await page.waitForTimeout(3000);
      88 |
      89 |   // Click Add to Bag
        at addProductToCart (/home/runner/work/Wipro_Playwright_Capstone/Wipro_Playwright_Capstone/tests/helpers/ikea-helpers.js:86:21)
        at goToCheckout (/home/runner/work/Wipro_Playwright_Capstone/Wipro_Playwright_Capstone/tests/helpers/modules/checkout-flow.helper.js:16:3)
        at /home/runner/work/Wipro_Playwright_Capstone/Wipro_Playwright_Capstone/tests/checkout-flow.spec.js:121:5

    attachment #1: screenshot (image/png) ──────────────────────────────────────────────────────────
    test-results/checkout-flow-Module-7-—-C-f8508-idates-Indian-mobile-format-firefox/test-failed-1.png
    ────────────────────────────────────────────────────────────────────────────────────────────────

    Error Context: test-results/checkout-flow-Module-7-—-C-f8508-idates-Indian-mobile-format-firefox/error-context.md

    Retry #1 ───────────────────────────────────────────────────────────────────────────────────────

    TimeoutError: locator.click: Timeout 15000ms exceeded.
    Call log:
      - waiting for locator('[data-testid="product-card"], .product-card, .plp-product-card__container').first()


       at helpers/ikea-helpers.js:86

      84 |   // Click on the first product card
      85 |   const productCard = page.locator('[data-testid="product-card"], .product-card, .plp-product-card__container').first();
    > 86 |   await productCard.click();
         |                     ^
      87 |   await page.waitForLoadState('domcontentloaded'); await page.waitForTimeout(3000);
      88 |
      89 |   // Click Add to Bag
        at addProductToCart (/home/runner/work/Wipro_Playwright_Capstone/Wipro_Playwright_Capstone/tests/helpers/ikea-helpers.js:86:21)
        at goToCheckout (/home/runner/work/Wipro_Playwright_Capstone/Wipro_Playwright_Capstone/tests/helpers/modules/checkout-flow.helper.js:16:3)
        at /home/runner/work/Wipro_Playwright_Capstone/Wipro_Playwright_Capstone/tests/checkout-flow.spec.js:121:5

    attachment #1: screenshot (image/png) ──────────────────────────────────────────────────────────
    test-results/checkout-flow-Module-7-—-C-f8508-idates-Indian-mobile-format-firefox-retry1/test-failed-1.png
    ────────────────────────────────────────────────────────────────────────────────────────────────

    Error Context: test-results/checkout-flow-Module-7-—-C-f8508-idates-Indian-mobile-format-firefox-retry1/error-context.md

    attachment #3: trace (application/zip) ─────────────────────────────────────────────────────────
    test-results/checkout-flow-Module-7-—-C-f8508-idates-Indian-mobile-format-firefox-retry1/trace.zip
    Usage:

        npx playwright show-trace test-results/checkout-flow-Module-7-—-C-f8508-idates-Indian-mobile-format-firefox-retry1/trace.zip

    ────────────────────────────────────────────────────────────────────────────────────────────────

    Retry #2 ───────────────────────────────────────────────────────────────────────────────────────

    TimeoutError: locator.click: Timeout 15000ms exceeded.
    Call log:
      - waiting for locator('[data-testid="product-card"], .product-card, .plp-product-card__container').first()


       at helpers/ikea-helpers.js:86

      84 |   // Click on the first product card
      85 |   const productCard = page.locator('[data-testid="product-card"], .product-card, .plp-product-card__container').first();
    > 86 |   await productCard.click();
         |                     ^
      87 |   await page.waitForLoadState('domcontentloaded'); await page.waitForTimeout(3000);
      88 |
      89 |   // Click Add to Bag
        at addProductToCart (/home/runner/work/Wipro_Playwright_Capstone/Wipro_Playwright_Capstone/tests/helpers/ikea-helpers.js:86:21)
        at goToCheckout (/home/runner/work/Wipro_Playwright_Capstone/Wipro_Playwright_Capstone/tests/helpers/modules/checkout-flow.helper.js:16:3)
        at /home/runner/work/Wipro_Playwright_Capstone/Wipro_Playwright_Capstone/tests/checkout-flow.spec.js:121:5

    attachment #1: screenshot (image/png) ──────────────────────────────────────────────────────────
    test-results/checkout-flow-Module-7-—-C-f8508-idates-Indian-mobile-format-firefox-retry2/test-failed-1.png
    ────────────────────────────────────────────────────────────────────────────────────────────────

    Error Context: test-results/checkout-flow-Module-7-—-C-f8508-idates-Indian-mobile-format-firefox-retry2/error-context.md

  13) [firefox] › tests/checkout-flow.spec.js:140:7 › Module 7 — Checkout Flow › TC_CF_009 — Adding new address during checkout preserves cart 

    TimeoutError: locator.click: Timeout 15000ms exceeded.
    Call log:
      - waiting for locator('[data-testid="product-card"], .product-card, .plp-product-card__container').first()


       at helpers/ikea-helpers.js:86

      84 |   // Click on the first product card
      85 |   const productCard = page.locator('[data-testid="product-card"], .product-card, .plp-product-card__container').first();
    > 86 |   await productCard.click();
         |                     ^
      87 |   await page.waitForLoadState('domcontentloaded'); await page.waitForTimeout(3000);
      88 |
      89 |   // Click Add to Bag
        at addProductToCart (/home/runner/work/Wipro_Playwright_Capstone/Wipro_Playwright_Capstone/tests/helpers/ikea-helpers.js:86:21)
        at goToCheckout (/home/runner/work/Wipro_Playwright_Capstone/Wipro_Playwright_Capstone/tests/helpers/modules/checkout-flow.helper.js:16:3)
        at /home/runner/work/Wipro_Playwright_Capstone/Wipro_Playwright_Capstone/tests/checkout-flow.spec.js:141:5

    attachment #1: screenshot (image/png) ──────────────────────────────────────────────────────────
    test-results/checkout-flow-Module-7-—-C-e07fe-ing-checkout-preserves-cart-firefox/test-failed-1.png
    ────────────────────────────────────────────────────────────────────────────────────────────────

    Error Context: test-results/checkout-flow-Module-7-—-C-e07fe-ing-checkout-preserves-cart-firefox/error-context.md

    Retry #1 ───────────────────────────────────────────────────────────────────────────────────────

    TimeoutError: locator.click: Timeout 15000ms exceeded.
    Call log:
      - waiting for locator('[data-testid="product-card"], .product-card, .plp-product-card__container').first()


       at helpers/ikea-helpers.js:86

      84 |   // Click on the first product card
      85 |   const productCard = page.locator('[data-testid="product-card"], .product-card, .plp-product-card__container').first();
    > 86 |   await productCard.click();
         |                     ^
      87 |   await page.waitForLoadState('domcontentloaded'); await page.waitForTimeout(3000);
      88 |
      89 |   // Click Add to Bag
        at addProductToCart (/home/runner/work/Wipro_Playwright_Capstone/Wipro_Playwright_Capstone/tests/helpers/ikea-helpers.js:86:21)
        at goToCheckout (/home/runner/work/Wipro_Playwright_Capstone/Wipro_Playwright_Capstone/tests/helpers/modules/checkout-flow.helper.js:16:3)
        at /home/runner/work/Wipro_Playwright_Capstone/Wipro_Playwright_Capstone/tests/checkout-flow.spec.js:141:5

    attachment #1: screenshot (image/png) ──────────────────────────────────────────────────────────
    test-results/checkout-flow-Module-7-—-C-e07fe-ing-checkout-preserves-cart-firefox-retry1/test-failed-1.png
    ────────────────────────────────────────────────────────────────────────────────────────────────

    Error Context: test-results/checkout-flow-Module-7-—-C-e07fe-ing-checkout-preserves-cart-firefox-retry1/error-context.md

    attachment #3: trace (application/zip) ─────────────────────────────────────────────────────────
    test-results/checkout-flow-Module-7-—-C-e07fe-ing-checkout-preserves-cart-firefox-retry1/trace.zip
    Usage:

        npx playwright show-trace test-results/checkout-flow-Module-7-—-C-e07fe-ing-checkout-preserves-cart-firefox-retry1/trace.zip

    ────────────────────────────────────────────────────────────────────────────────────────────────

    Retry #2 ───────────────────────────────────────────────────────────────────────────────────────

    TimeoutError: locator.click: Timeout 15000ms exceeded.
    Call log:
      - waiting for locator('[data-testid="product-card"], .product-card, .plp-product-card__container').first()


       at helpers/ikea-helpers.js:86

      84 |   // Click on the first product card
      85 |   const productCard = page.locator('[data-testid="product-card"], .product-card, .plp-product-card__container').first();
    > 86 |   await productCard.click();
         |                     ^
      87 |   await page.waitForLoadState('domcontentloaded'); await page.waitForTimeout(3000);
      88 |
      89 |   // Click Add to Bag
        at addProductToCart (/home/runner/work/Wipro_Playwright_Capstone/Wipro_Playwright_Capstone/tests/helpers/ikea-helpers.js:86:21)
        at goToCheckout (/home/runner/work/Wipro_Playwright_Capstone/Wipro_Playwright_Capstone/tests/helpers/modules/checkout-flow.helper.js:16:3)
        at /home/runner/work/Wipro_Playwright_Capstone/Wipro_Playwright_Capstone/tests/checkout-flow.spec.js:141:5

    attachment #1: screenshot (image/png) ──────────────────────────────────────────────────────────
    test-results/checkout-flow-Module-7-—-C-e07fe-ing-checkout-preserves-cart-firefox-retry2/test-failed-1.png
    ────────────────────────────────────────────────────────────────────────────────────────────────

    Error Context: test-results/checkout-flow-Module-7-—-C-e07fe-ing-checkout-preserves-cart-firefox-retry2/error-context.md

  14) [firefox] › tests/checkout-flow.spec.js:157:7 › Module 7 — Checkout Flow › TC_CF_010 — Delivery method step shows shipping options 

    TimeoutError: locator.click: Timeout 15000ms exceeded.
    Call log:
      - waiting for locator('[data-testid="product-card"], .product-card, .plp-product-card__container').first()


       at helpers/ikea-helpers.js:86

      84 |   // Click on the first product card
      85 |   const productCard = page.locator('[data-testid="product-card"], .product-card, .plp-product-card__container').first();
    > 86 |   await productCard.click();
         |                     ^
      87 |   await page.waitForLoadState('domcontentloaded'); await page.waitForTimeout(3000);
      88 |
      89 |   // Click Add to Bag
        at addProductToCart (/home/runner/work/Wipro_Playwright_Capstone/Wipro_Playwright_Capstone/tests/helpers/ikea-helpers.js:86:21)
        at goToCheckout (/home/runner/work/Wipro_Playwright_Capstone/Wipro_Playwright_Capstone/tests/helpers/modules/checkout-flow.helper.js:16:3)
        at /home/runner/work/Wipro_Playwright_Capstone/Wipro_Playwright_Capstone/tests/checkout-flow.spec.js:158:5

    attachment #1: screenshot (image/png) ──────────────────────────────────────────────────────────
    test-results/checkout-flow-Module-7-—-C-ca087-step-shows-shipping-options-firefox/test-failed-1.png
    ────────────────────────────────────────────────────────────────────────────────────────────────

    Error Context: test-results/checkout-flow-Module-7-—-C-ca087-step-shows-shipping-options-firefox/error-context.md

    Retry #1 ───────────────────────────────────────────────────────────────────────────────────────

    TimeoutError: locator.click: Timeout 15000ms exceeded.
    Call log:
      - waiting for locator('[data-testid="product-card"], .product-card, .plp-product-card__container').first()


       at helpers/ikea-helpers.js:86

      84 |   // Click on the first product card
      85 |   const productCard = page.locator('[data-testid="product-card"], .product-card, .plp-product-card__container').first();
    > 86 |   await productCard.click();
         |                     ^
      87 |   await page.waitForLoadState('domcontentloaded'); await page.waitForTimeout(3000);
      88 |
      89 |   // Click Add to Bag
        at addProductToCart (/home/runner/work/Wipro_Playwright_Capstone/Wipro_Playwright_Capstone/tests/helpers/ikea-helpers.js:86:21)
        at goToCheckout (/home/runner/work/Wipro_Playwright_Capstone/Wipro_Playwright_Capstone/tests/helpers/modules/checkout-flow.helper.js:16:3)
        at /home/runner/work/Wipro_Playwright_Capstone/Wipro_Playwright_Capstone/tests/checkout-flow.spec.js:158:5

    attachment #1: screenshot (image/png) ──────────────────────────────────────────────────────────
    test-results/checkout-flow-Module-7-—-C-ca087-step-shows-shipping-options-firefox-retry1/test-failed-1.png
    ────────────────────────────────────────────────────────────────────────────────────────────────

    Error Context: test-results/checkout-flow-Module-7-—-C-ca087-step-shows-shipping-options-firefox-retry1/error-context.md

    attachment #3: trace (application/zip) ─────────────────────────────────────────────────────────
    test-results/checkout-flow-Module-7-—-C-ca087-step-shows-shipping-options-firefox-retry1/trace.zip
    Usage:

        npx playwright show-trace test-results/checkout-flow-Module-7-—-C-ca087-step-shows-shipping-options-firefox-retry1/trace.zip

    ────────────────────────────────────────────────────────────────────────────────────────────────

    Retry #2 ───────────────────────────────────────────────────────────────────────────────────────

    TimeoutError: locator.click: Timeout 15000ms exceeded.
    Call log:
      - waiting for locator('[data-testid="product-card"], .product-card, .plp-product-card__container').first()


       at helpers/ikea-helpers.js:86

      84 |   // Click on the first product card
      85 |   const productCard = page.locator('[data-testid="product-card"], .product-card, .plp-product-card__container').first();
    > 86 |   await productCard.click();
         |                     ^
      87 |   await page.waitForLoadState('domcontentloaded'); await page.waitForTimeout(3000);
      88 |
      89 |   // Click Add to Bag
        at addProductToCart (/home/runner/work/Wipro_Playwright_Capstone/Wipro_Playwright_Capstone/tests/helpers/ikea-helpers.js:86:21)
        at goToCheckout (/home/runner/work/Wipro_Playwright_Capstone/Wipro_Playwright_Capstone/tests/helpers/modules/checkout-flow.helper.js:16:3)
        at /home/runner/work/Wipro_Playwright_Capstone/Wipro_Playwright_Capstone/tests/checkout-flow.spec.js:158:5

    attachment #1: screenshot (image/png) ──────────────────────────────────────────────────────────
    test-results/checkout-flow-Module-7-—-C-ca087-step-shows-shipping-options-firefox-retry2/test-failed-1.png
    ────────────────────────────────────────────────────────────────────────────────────────────────

    Error Context: test-results/checkout-flow-Module-7-—-C-ca087-step-shows-shipping-options-firefox-retry2/error-context.md

  15) [firefox] › tests/checkout-flow.spec.js:169:7 › Module 7 — Checkout Flow › TC_CF_011 — Order summary reflects delivery charge 

    TimeoutError: locator.click: Timeout 15000ms exceeded.
    Call log:
      - waiting for locator('[data-testid="product-card"], .product-card, .plp-product-card__container').first()


       at helpers/ikea-helpers.js:86

      84 |   // Click on the first product card
      85 |   const productCard = page.locator('[data-testid="product-card"], .product-card, .plp-product-card__container').first();
    > 86 |   await productCard.click();
         |                     ^
      87 |   await page.waitForLoadState('domcontentloaded'); await page.waitForTimeout(3000);
      88 |
      89 |   // Click Add to Bag
        at addProductToCart (/home/runner/work/Wipro_Playwright_Capstone/Wipro_Playwright_Capstone/tests/helpers/ikea-helpers.js:86:21)
        at goToCheckout (/home/runner/work/Wipro_Playwright_Capstone/Wipro_Playwright_Capstone/tests/helpers/modules/checkout-flow.helper.js:16:3)
        at /home/runner/work/Wipro_Playwright_Capstone/Wipro_Playwright_Capstone/tests/checkout-flow.spec.js:170:5

    attachment #1: screenshot (image/png) ──────────────────────────────────────────────────────────
    test-results/checkout-flow-Module-7-—-C-3143a-ry-reflects-delivery-charge-firefox/test-failed-1.png
    ────────────────────────────────────────────────────────────────────────────────────────────────

    Error Context: test-results/checkout-flow-Module-7-—-C-3143a-ry-reflects-delivery-charge-firefox/error-context.md

    Retry #1 ───────────────────────────────────────────────────────────────────────────────────────

    TimeoutError: locator.click: Timeout 15000ms exceeded.
    Call log:
      - waiting for locator('[data-testid="product-card"], .product-card, .plp-product-card__container').first()


       at helpers/ikea-helpers.js:86

      84 |   // Click on the first product card
      85 |   const productCard = page.locator('[data-testid="product-card"], .product-card, .plp-product-card__container').first();
    > 86 |   await productCard.click();
         |                     ^
      87 |   await page.waitForLoadState('domcontentloaded'); await page.waitForTimeout(3000);
      88 |
      89 |   // Click Add to Bag
        at addProductToCart (/home/runner/work/Wipro_Playwright_Capstone/Wipro_Playwright_Capstone/tests/helpers/ikea-helpers.js:86:21)
        at goToCheckout (/home/runner/work/Wipro_Playwright_Capstone/Wipro_Playwright_Capstone/tests/helpers/modules/checkout-flow.helper.js:16:3)
        at /home/runner/work/Wipro_Playwright_Capstone/Wipro_Playwright_Capstone/tests/checkout-flow.spec.js:170:5

    attachment #1: screenshot (image/png) ──────────────────────────────────────────────────────────
    test-results/checkout-flow-Module-7-—-C-3143a-ry-reflects-delivery-charge-firefox-retry1/test-failed-1.png
    ────────────────────────────────────────────────────────────────────────────────────────────────

    Error Context: test-results/checkout-flow-Module-7-—-C-3143a-ry-reflects-delivery-charge-firefox-retry1/error-context.md

    attachment #3: trace (application/zip) ─────────────────────────────────────────────────────────
    test-results/checkout-flow-Module-7-—-C-3143a-ry-reflects-delivery-charge-firefox-retry1/trace.zip
    Usage:

        npx playwright show-trace test-results/checkout-flow-Module-7-—-C-3143a-ry-reflects-delivery-charge-firefox-retry1/trace.zip

    ────────────────────────────────────────────────────────────────────────────────────────────────

    Retry #2 ───────────────────────────────────────────────────────────────────────────────────────

    TimeoutError: locator.click: Timeout 15000ms exceeded.
    Call log:
      - waiting for locator('[data-testid="product-card"], .product-card, .plp-product-card__container').first()


       at helpers/ikea-helpers.js:86

      84 |   // Click on the first product card
      85 |   const productCard = page.locator('[data-testid="product-card"], .product-card, .plp-product-card__container').first();
    > 86 |   await productCard.click();
         |                     ^
      87 |   await page.waitForLoadState('domcontentloaded'); await page.waitForTimeout(3000);
      88 |
      89 |   // Click Add to Bag
        at addProductToCart (/home/runner/work/Wipro_Playwright_Capstone/Wipro_Playwright_Capstone/tests/helpers/ikea-helpers.js:86:21)
        at goToCheckout (/home/runner/work/Wipro_Playwright_Capstone/Wipro_Playwright_Capstone/tests/helpers/modules/checkout-flow.helper.js:16:3)
        at /home/runner/work/Wipro_Playwright_Capstone/Wipro_Playwright_Capstone/tests/checkout-flow.spec.js:170:5

    attachment #1: screenshot (image/png) ──────────────────────────────────────────────────────────
    test-results/checkout-flow-Module-7-—-C-3143a-ry-reflects-delivery-charge-firefox-retry2/test-failed-1.png
    ────────────────────────────────────────────────────────────────────────────────────────────────

    Error Context: test-results/checkout-flow-Module-7-—-C-3143a-ry-reflects-delivery-charge-firefox-retry2/error-context.md

  16) [firefox] › tests/checkout-flow.spec.js:176:7 › Module 7 — Checkout Flow › TC_CF_012 — Payment page shows accepted payment methods 

    TimeoutError: locator.click: Timeout 15000ms exceeded.
    Call log:
      - waiting for locator('[data-testid="product-card"], .product-card, .plp-product-card__container').first()


       at helpers/ikea-helpers.js:86

      84 |   // Click on the first product card
      85 |   const productCard = page.locator('[data-testid="product-card"], .product-card, .plp-product-card__container').first();
    > 86 |   await productCard.click();
         |                     ^
      87 |   await page.waitForLoadState('domcontentloaded'); await page.waitForTimeout(3000);
      88 |
      89 |   // Click Add to Bag
        at addProductToCart (/home/runner/work/Wipro_Playwright_Capstone/Wipro_Playwright_Capstone/tests/helpers/ikea-helpers.js:86:21)
        at goToCheckout (/home/runner/work/Wipro_Playwright_Capstone/Wipro_Playwright_Capstone/tests/helpers/modules/checkout-flow.helper.js:16:3)
        at /home/runner/work/Wipro_Playwright_Capstone/Wipro_Playwright_Capstone/tests/checkout-flow.spec.js:177:5

    attachment #1: screenshot (image/png) ──────────────────────────────────────────────────────────
    test-results/checkout-flow-Module-7-—-C-548dd-ws-accepted-payment-methods-firefox/test-failed-1.png
    ────────────────────────────────────────────────────────────────────────────────────────────────

    Error Context: test-results/checkout-flow-Module-7-—-C-548dd-ws-accepted-payment-methods-firefox/error-context.md

    Retry #1 ───────────────────────────────────────────────────────────────────────────────────────

    TimeoutError: locator.click: Timeout 15000ms exceeded.
    Call log:
      - waiting for locator('[data-testid="product-card"], .product-card, .plp-product-card__container').first()


       at helpers/ikea-helpers.js:86

      84 |   // Click on the first product card
      85 |   const productCard = page.locator('[data-testid="product-card"], .product-card, .plp-product-card__container').first();
    > 86 |   await productCard.click();
         |                     ^
      87 |   await page.waitForLoadState('domcontentloaded'); await page.waitForTimeout(3000);
      88 |
      89 |   // Click Add to Bag
        at addProductToCart (/home/runner/work/Wipro_Playwright_Capstone/Wipro_Playwright_Capstone/tests/helpers/ikea-helpers.js:86:21)
        at goToCheckout (/home/runner/work/Wipro_Playwright_Capstone/Wipro_Playwright_Capstone/tests/helpers/modules/checkout-flow.helper.js:16:3)
        at /home/runner/work/Wipro_Playwright_Capstone/Wipro_Playwright_Capstone/tests/checkout-flow.spec.js:177:5

    attachment #1: screenshot (image/png) ──────────────────────────────────────────────────────────
    test-results/checkout-flow-Module-7-—-C-548dd-ws-accepted-payment-methods-firefox-retry1/test-failed-1.png
    ────────────────────────────────────────────────────────────────────────────────────────────────

    Error Context: test-results/checkout-flow-Module-7-—-C-548dd-ws-accepted-payment-methods-firefox-retry1/error-context.md

    attachment #3: trace (application/zip) ─────────────────────────────────────────────────────────
    test-results/checkout-flow-Module-7-—-C-548dd-ws-accepted-payment-methods-firefox-retry1/trace.zip
    Usage:

        npx playwright show-trace test-results/checkout-flow-Module-7-—-C-548dd-ws-accepted-payment-methods-firefox-retry1/trace.zip

    ────────────────────────────────────────────────────────────────────────────────────────────────

    Retry #2 ───────────────────────────────────────────────────────────────────────────────────────

    TimeoutError: locator.click: Timeout 15000ms exceeded.
    Call log:
      - waiting for locator('[data-testid="product-card"], .product-card, .plp-product-card__container').first()


       at helpers/ikea-helpers.js:86

      84 |   // Click on the first product card
      85 |   const productCard = page.locator('[data-testid="product-card"], .product-card, .plp-product-card__container').first();
    > 86 |   await productCard.click();
         |                     ^
      87 |   await page.waitForLoadState('domcontentloaded'); await page.waitForTimeout(3000);
      88 |
      89 |   // Click Add to Bag
        at addProductToCart (/home/runner/work/Wipro_Playwright_Capstone/Wipro_Playwright_Capstone/tests/helpers/ikea-helpers.js:86:21)
        at goToCheckout (/home/runner/work/Wipro_Playwright_Capstone/Wipro_Playwright_Capstone/tests/helpers/modules/checkout-flow.helper.js:16:3)
        at /home/runner/work/Wipro_Playwright_Capstone/Wipro_Playwright_Capstone/tests/checkout-flow.spec.js:177:5

    attachment #1: screenshot (image/png) ──────────────────────────────────────────────────────────
    test-results/checkout-flow-Module-7-—-C-548dd-ws-accepted-payment-methods-firefox-retry2/test-failed-1.png
    ────────────────────────────────────────────────────────────────────────────────────────────────

    Error Context: test-results/checkout-flow-Module-7-—-C-548dd-ws-accepted-payment-methods-firefox-retry2/error-context.md

  17) [firefox] › tests/checkout-flow.spec.js:192:7 › Module 7 — Checkout Flow › TC_CF_013 — Card form accepts dummy test card data 

    TimeoutError: locator.click: Timeout 15000ms exceeded.
    Call log:
      - waiting for locator('[data-testid="product-card"], .product-card, .plp-product-card__container').first()


       at helpers/ikea-helpers.js:86

      84 |   // Click on the first product card
      85 |   const productCard = page.locator('[data-testid="product-card"], .product-card, .plp-product-card__container').first();
    > 86 |   await productCard.click();
         |                     ^
      87 |   await page.waitForLoadState('domcontentloaded'); await page.waitForTimeout(3000);
      88 |
      89 |   // Click Add to Bag
        at addProductToCart (/home/runner/work/Wipro_Playwright_Capstone/Wipro_Playwright_Capstone/tests/helpers/ikea-helpers.js:86:21)
        at goToCheckout (/home/runner/work/Wipro_Playwright_Capstone/Wipro_Playwright_Capstone/tests/helpers/modules/checkout-flow.helper.js:16:3)
        at /home/runner/work/Wipro_Playwright_Capstone/Wipro_Playwright_Capstone/tests/checkout-flow.spec.js:193:5

    attachment #1: screenshot (image/png) ──────────────────────────────────────────────────────────
    test-results/checkout-flow-Module-7-—-C-2cd8b-ccepts-dummy-test-card-data-firefox/test-failed-1.png
    ────────────────────────────────────────────────────────────────────────────────────────────────

    Error Context: test-results/checkout-flow-Module-7-—-C-2cd8b-ccepts-dummy-test-card-data-firefox/error-context.md

    Retry #1 ───────────────────────────────────────────────────────────────────────────────────────

    TimeoutError: locator.click: Timeout 15000ms exceeded.
    Call log:
      - waiting for locator('[data-testid="product-card"], .product-card, .plp-product-card__container').first()


       at helpers/ikea-helpers.js:86

      84 |   // Click on the first product card
      85 |   const productCard = page.locator('[data-testid="product-card"], .product-card, .plp-product-card__container').first();
    > 86 |   await productCard.click();
         |                     ^
      87 |   await page.waitForLoadState('domcontentloaded'); await page.waitForTimeout(3000);
      88 |
      89 |   // Click Add to Bag
        at addProductToCart (/home/runner/work/Wipro_Playwright_Capstone/Wipro_Playwright_Capstone/tests/helpers/ikea-helpers.js:86:21)
        at goToCheckout (/home/runner/work/Wipro_Playwright_Capstone/Wipro_Playwright_Capstone/tests/helpers/modules/checkout-flow.helper.js:16:3)
        at /home/runner/work/Wipro_Playwright_Capstone/Wipro_Playwright_Capstone/tests/checkout-flow.spec.js:193:5

    attachment #1: screenshot (image/png) ──────────────────────────────────────────────────────────
    test-results/checkout-flow-Module-7-—-C-2cd8b-ccepts-dummy-test-card-data-firefox-retry1/test-failed-1.png
    ────────────────────────────────────────────────────────────────────────────────────────────────

    Error Context: test-results/checkout-flow-Module-7-—-C-2cd8b-ccepts-dummy-test-card-data-firefox-retry1/error-context.md

    attachment #3: trace (application/zip) ─────────────────────────────────────────────────────────
    test-results/checkout-flow-Module-7-—-C-2cd8b-ccepts-dummy-test-card-data-firefox-retry1/trace.zip
    Usage:

        npx playwright show-trace test-results/checkout-flow-Module-7-—-C-2cd8b-ccepts-dummy-test-card-data-firefox-retry1/trace.zip

    ────────────────────────────────────────────────────────────────────────────────────────────────

    Retry #2 ───────────────────────────────────────────────────────────────────────────────────────

    TimeoutError: locator.click: Timeout 15000ms exceeded.
    Call log:
      - waiting for locator('[data-testid="product-card"], .product-card, .plp-product-card__container').first()


       at helpers/ikea-helpers.js:86

      84 |   // Click on the first product card
      85 |   const productCard = page.locator('[data-testid="product-card"], .product-card, .plp-product-card__container').first();
    > 86 |   await productCard.click();
         |                     ^
      87 |   await page.waitForLoadState('domcontentloaded'); await page.waitForTimeout(3000);
      88 |
      89 |   // Click Add to Bag
        at addProductToCart (/home/runner/work/Wipro_Playwright_Capstone/Wipro_Playwright_Capstone/tests/helpers/ikea-helpers.js:86:21)
        at goToCheckout (/home/runner/work/Wipro_Playwright_Capstone/Wipro_Playwright_Capstone/tests/helpers/modules/checkout-flow.helper.js:16:3)
        at /home/runner/work/Wipro_Playwright_Capstone/Wipro_Playwright_Capstone/tests/checkout-flow.spec.js:193:5

    attachment #1: screenshot (image/png) ──────────────────────────────────────────────────────────
    test-results/checkout-flow-Module-7-—-C-2cd8b-ccepts-dummy-test-card-data-firefox-retry2/test-failed-1.png
    ────────────────────────────────────────────────────────────────────────────────────────────────

    Error Context: test-results/checkout-flow-Module-7-—-C-2cd8b-ccepts-dummy-test-card-data-firefox-retry2/error-context.md

  18) [firefox] › tests/checkout-flow.spec.js:221:7 › Module 7 — Checkout Flow › TC_CF_014 — Card number field accepts only numeric input 

    TimeoutError: locator.click: Timeout 15000ms exceeded.
    Call log:
      - waiting for locator('[data-testid="product-card"], .product-card, .plp-product-card__container').first()


       at helpers/ikea-helpers.js:86

      84 |   // Click on the first product card
      85 |   const productCard = page.locator('[data-testid="product-card"], .product-card, .plp-product-card__container').first();
    > 86 |   await productCard.click();
         |                     ^
      87 |   await page.waitForLoadState('domcontentloaded'); await page.waitForTimeout(3000);
      88 |
      89 |   // Click Add to Bag
        at addProductToCart (/home/runner/work/Wipro_Playwright_Capstone/Wipro_Playwright_Capstone/tests/helpers/ikea-helpers.js:86:21)
        at goToCheckout (/home/runner/work/Wipro_Playwright_Capstone/Wipro_Playwright_Capstone/tests/helpers/modules/checkout-flow.helper.js:16:3)
        at /home/runner/work/Wipro_Playwright_Capstone/Wipro_Playwright_Capstone/tests/checkout-flow.spec.js:222:5

    attachment #1: screenshot (image/png) ──────────────────────────────────────────────────────────
    test-results/checkout-flow-Module-7-—-C-2128b--accepts-only-numeric-input-firefox/test-failed-1.png
    ────────────────────────────────────────────────────────────────────────────────────────────────

    Error Context: test-results/checkout-flow-Module-7-—-C-2128b--accepts-only-numeric-input-firefox/error-context.md

    Retry #1 ───────────────────────────────────────────────────────────────────────────────────────

    TimeoutError: locator.click: Timeout 15000ms exceeded.
    Call log:
      - waiting for locator('[data-testid="product-card"], .product-card, .plp-product-card__container').first()


       at helpers/ikea-helpers.js:86

      84 |   // Click on the first product card
      85 |   const productCard = page.locator('[data-testid="product-card"], .product-card, .plp-product-card__container').first();
    > 86 |   await productCard.click();
         |                     ^
      87 |   await page.waitForLoadState('domcontentloaded'); await page.waitForTimeout(3000);
      88 |
      89 |   // Click Add to Bag
        at addProductToCart (/home/runner/work/Wipro_Playwright_Capstone/Wipro_Playwright_Capstone/tests/helpers/ikea-helpers.js:86:21)
        at goToCheckout (/home/runner/work/Wipro_Playwright_Capstone/Wipro_Playwright_Capstone/tests/helpers/modules/checkout-flow.helper.js:16:3)
        at /home/runner/work/Wipro_Playwright_Capstone/Wipro_Playwright_Capstone/tests/checkout-flow.spec.js:222:5

    attachment #1: screenshot (image/png) ──────────────────────────────────────────────────────────
    test-results/checkout-flow-Module-7-—-C-2128b--accepts-only-numeric-input-firefox-retry1/test-failed-1.png
    ────────────────────────────────────────────────────────────────────────────────────────────────

    Error Context: test-results/checkout-flow-Module-7-—-C-2128b--accepts-only-numeric-input-firefox-retry1/error-context.md

    attachment #3: trace (application/zip) ─────────────────────────────────────────────────────────
    test-results/checkout-flow-Module-7-—-C-2128b--accepts-only-numeric-input-firefox-retry1/trace.zip
    Usage:

        npx playwright show-trace test-results/checkout-flow-Module-7-—-C-2128b--accepts-only-numeric-input-firefox-retry1/trace.zip

    ────────────────────────────────────────────────────────────────────────────────────────────────

    Retry #2 ───────────────────────────────────────────────────────────────────────────────────────

    TimeoutError: locator.click: Timeout 15000ms exceeded.
    Call log:
      - waiting for locator('[data-testid="product-card"], .product-card, .plp-product-card__container').first()


       at helpers/ikea-helpers.js:86

      84 |   // Click on the first product card
      85 |   const productCard = page.locator('[data-testid="product-card"], .product-card, .plp-product-card__container').first();
    > 86 |   await productCard.click();
         |                     ^
      87 |   await page.waitForLoadState('domcontentloaded'); await page.waitForTimeout(3000);
      88 |
      89 |   // Click Add to Bag
        at addProductToCart (/home/runner/work/Wipro_Playwright_Capstone/Wipro_Playwright_Capstone/tests/helpers/ikea-helpers.js:86:21)
        at goToCheckout (/home/runner/work/Wipro_Playwright_Capstone/Wipro_Playwright_Capstone/tests/helpers/modules/checkout-flow.helper.js:16:3)
        at /home/runner/work/Wipro_Playwright_Capstone/Wipro_Playwright_Capstone/tests/checkout-flow.spec.js:222:5

    attachment #1: screenshot (image/png) ──────────────────────────────────────────────────────────
    test-results/checkout-flow-Module-7-—-C-2128b--accepts-only-numeric-input-firefox-retry2/test-failed-1.png
    ────────────────────────────────────────────────────────────────────────────────────────────────

    Error Context: test-results/checkout-flow-Module-7-—-C-2128b--accepts-only-numeric-input-firefox-retry2/error-context.md

  19) [firefox] › tests/checkout-flow.spec.js:245:7 › Module 7 — Checkout Flow › TC_CF_015 — Checkout does not attempt real payment 

    TimeoutError: locator.click: Timeout 15000ms exceeded.
    Call log:
      - waiting for locator('[data-testid="product-card"], .product-card, .plp-product-card__container').first()


       at helpers/ikea-helpers.js:86

      84 |   // Click on the first product card
      85 |   const productCard = page.locator('[data-testid="product-card"], .product-card, .plp-product-card__container').first();
    > 86 |   await productCard.click();
         |                     ^
      87 |   await page.waitForLoadState('domcontentloaded'); await page.waitForTimeout(3000);
      88 |
      89 |   // Click Add to Bag
        at addProductToCart (/home/runner/work/Wipro_Playwright_Capstone/Wipro_Playwright_Capstone/tests/helpers/ikea-helpers.js:86:21)
        at goToCheckout (/home/runner/work/Wipro_Playwright_Capstone/Wipro_Playwright_Capstone/tests/helpers/modules/checkout-flow.helper.js:16:3)
        at /home/runner/work/Wipro_Playwright_Capstone/Wipro_Playwright_Capstone/tests/checkout-flow.spec.js:246:5

    attachment #1: screenshot (image/png) ──────────────────────────────────────────────────────────
    test-results/checkout-flow-Module-7-—-C-670b3-es-not-attempt-real-payment-firefox/test-failed-1.png
    ────────────────────────────────────────────────────────────────────────────────────────────────

    Error Context: test-results/checkout-flow-Module-7-—-C-670b3-es-not-attempt-real-payment-firefox/error-context.md

    Retry #1 ───────────────────────────────────────────────────────────────────────────────────────

    TimeoutError: locator.click: Timeout 15000ms exceeded.
    Call log:
      - waiting for locator('[data-testid="product-card"], .product-card, .plp-product-card__container').first()


       at helpers/ikea-helpers.js:86

      84 |   // Click on the first product card
      85 |   const productCard = page.locator('[data-testid="product-card"], .product-card, .plp-product-card__container').first();
    > 86 |   await productCard.click();
         |                     ^
      87 |   await page.waitForLoadState('domcontentloaded'); await page.waitForTimeout(3000);
      88 |
      89 |   // Click Add to Bag
        at addProductToCart (/home/runner/work/Wipro_Playwright_Capstone/Wipro_Playwright_Capstone/tests/helpers/ikea-helpers.js:86:21)
        at goToCheckout (/home/runner/work/Wipro_Playwright_Capstone/Wipro_Playwright_Capstone/tests/helpers/modules/checkout-flow.helper.js:16:3)
        at /home/runner/work/Wipro_Playwright_Capstone/Wipro_Playwright_Capstone/tests/checkout-flow.spec.js:246:5

    attachment #1: screenshot (image/png) ──────────────────────────────────────────────────────────
    test-results/checkout-flow-Module-7-—-C-670b3-es-not-attempt-real-payment-firefox-retry1/test-failed-1.png
    ────────────────────────────────────────────────────────────────────────────────────────────────

    Error Context: test-results/checkout-flow-Module-7-—-C-670b3-es-not-attempt-real-payment-firefox-retry1/error-context.md

    attachment #3: trace (application/zip) ─────────────────────────────────────────────────────────
    test-results/checkout-flow-Module-7-—-C-670b3-es-not-attempt-real-payment-firefox-retry1/trace.zip
    Usage:

        npx playwright show-trace test-results/checkout-flow-Module-7-—-C-670b3-es-not-attempt-real-payment-firefox-retry1/trace.zip

    ────────────────────────────────────────────────────────────────────────────────────────────────

    Retry #2 ───────────────────────────────────────────────────────────────────────────────────────

    TimeoutError: locator.click: Timeout 15000ms exceeded.
    Call log:
      - waiting for locator('[data-testid="product-card"], .product-card, .plp-product-card__container').first()


       at helpers/ikea-helpers.js:86

      84 |   // Click on the first product card
      85 |   const productCard = page.locator('[data-testid="product-card"], .product-card, .plp-product-card__container').first();
    > 86 |   await productCard.click();
         |                     ^
      87 |   await page.waitForLoadState('domcontentloaded'); await page.waitForTimeout(3000);
      88 |
      89 |   // Click Add to Bag
        at addProductToCart (/home/runner/work/Wipro_Playwright_Capstone/Wipro_Playwright_Capstone/tests/helpers/ikea-helpers.js:86:21)
        at goToCheckout (/home/runner/work/Wipro_Playwright_Capstone/Wipro_Playwright_Capstone/tests/helpers/modules/checkout-flow.helper.js:16:3)
        at /home/runner/work/Wipro_Playwright_Capstone/Wipro_Playwright_Capstone/tests/checkout-flow.spec.js:246:5

    attachment #1: screenshot (image/png) ──────────────────────────────────────────────────────────
    test-results/checkout-flow-Module-7-—-C-670b3-es-not-attempt-real-payment-firefox-retry2/test-failed-1.png
    ────────────────────────────────────────────────────────────────────────────────────────────────

    Error Context: test-results/checkout-flow-Module-7-—-C-670b3-es-not-attempt-real-payment-firefox-retry2/error-context.md

  20) [firefox] › tests/checkout-flow.spec.js:259:7 › Module 7 — Checkout Flow › TC_CF_016 — Order confirmation displays order reference ID 

    TimeoutError: locator.click: Timeout 15000ms exceeded.
    Call log:
      - waiting for locator('[data-testid="product-card"], .product-card, .plp-product-card__container').first()


       at helpers/ikea-helpers.js:86

      84 |   // Click on the first product card
      85 |   const productCard = page.locator('[data-testid="product-card"], .product-card, .plp-product-card__container').first();
    > 86 |   await productCard.click();
         |                     ^
      87 |   await page.waitForLoadState('domcontentloaded'); await page.waitForTimeout(3000);
      88 |
      89 |   // Click Add to Bag
        at addProductToCart (/home/runner/work/Wipro_Playwright_Capstone/Wipro_Playwright_Capstone/tests/helpers/ikea-helpers.js:86:21)
        at goToCheckout (/home/runner/work/Wipro_Playwright_Capstone/Wipro_Playwright_Capstone/tests/helpers/modules/checkout-flow.helper.js:16:3)
        at /home/runner/work/Wipro_Playwright_Capstone/Wipro_Playwright_Capstone/tests/checkout-flow.spec.js:261:5

    attachment #1: screenshot (image/png) ──────────────────────────────────────────────────────────
    test-results/checkout-flow-Module-7-—-C-4a44c-displays-order-reference-ID-firefox/test-failed-1.png
    ────────────────────────────────────────────────────────────────────────────────────────────────

    Error Context: test-results/checkout-flow-Module-7-—-C-4a44c-displays-order-reference-ID-firefox/error-context.md

    Retry #1 ───────────────────────────────────────────────────────────────────────────────────────

    TimeoutError: locator.click: Timeout 15000ms exceeded.
    Call log:
      - waiting for locator('[data-testid="product-card"], .product-card, .plp-product-card__container').first()


       at helpers/ikea-helpers.js:86

      84 |   // Click on the first product card
      85 |   const productCard = page.locator('[data-testid="product-card"], .product-card, .plp-product-card__container').first();
    > 86 |   await productCard.click();
         |                     ^
      87 |   await page.waitForLoadState('domcontentloaded'); await page.waitForTimeout(3000);
      88 |
      89 |   // Click Add to Bag
        at addProductToCart (/home/runner/work/Wipro_Playwright_Capstone/Wipro_Playwright_Capstone/tests/helpers/ikea-helpers.js:86:21)
        at goToCheckout (/home/runner/work/Wipro_Playwright_Capstone/Wipro_Playwright_Capstone/tests/helpers/modules/checkout-flow.helper.js:16:3)
        at /home/runner/work/Wipro_Playwright_Capstone/Wipro_Playwright_Capstone/tests/checkout-flow.spec.js:261:5

    attachment #1: screenshot (image/png) ──────────────────────────────────────────────────────────
    test-results/checkout-flow-Module-7-—-C-4a44c-displays-order-reference-ID-firefox-retry1/test-failed-1.png
    ────────────────────────────────────────────────────────────────────────────────────────────────

    Error Context: test-results/checkout-flow-Module-7-—-C-4a44c-displays-order-reference-ID-firefox-retry1/error-context.md

    attachment #3: trace (application/zip) ─────────────────────────────────────────────────────────
    test-results/checkout-flow-Module-7-—-C-4a44c-displays-order-reference-ID-firefox-retry1/trace.zip
    Usage:

        npx playwright show-trace test-results/checkout-flow-Module-7-—-C-4a44c-displays-order-reference-ID-firefox-retry1/trace.zip

    ────────────────────────────────────────────────────────────────────────────────────────────────

    Retry #2 ───────────────────────────────────────────────────────────────────────────────────────

    TimeoutError: locator.click: Timeout 15000ms exceeded.
    Call log:
      - waiting for locator('[data-testid="product-card"], .product-card, .plp-product-card__container').first()


       at helpers/ikea-helpers.js:86

      84 |   // Click on the first product card
      85 |   const productCard = page.locator('[data-testid="product-card"], .product-card, .plp-product-card__container').first();
    > 86 |   await productCard.click();
         |                     ^
      87 |   await page.waitForLoadState('domcontentloaded'); await page.waitForTimeout(3000);
      88 |
      89 |   // Click Add to Bag
        at addProductToCart (/home/runner/work/Wipro_Playwright_Capstone/Wipro_Playwright_Capstone/tests/helpers/ikea-helpers.js:86:21)
        at goToCheckout (/home/runner/work/Wipro_Playwright_Capstone/Wipro_Playwright_Capstone/tests/helpers/modules/checkout-flow.helper.js:16:3)
        at /home/runner/work/Wipro_Playwright_Capstone/Wipro_Playwright_Capstone/tests/checkout-flow.spec.js:261:5

    attachment #1: screenshot (image/png) ──────────────────────────────────────────────────────────
    test-results/checkout-flow-Module-7-—-C-4a44c-displays-order-reference-ID-firefox-retry2/test-failed-1.png
    ────────────────────────────────────────────────────────────────────────────────────────────────

    Error Context: test-results/checkout-flow-Module-7-—-C-4a44c-displays-order-reference-ID-firefox-retry2/error-context.md

  21) [firefox] › tests/checkout-flow.spec.js:280:7 › Module 7 — Checkout Flow › TC_CF_017 — Cart badge resets after successful order 

    TimeoutError: locator.click: Timeout 15000ms exceeded.
    Call log:
      - waiting for locator('[data-testid="product-card"], .product-card, .plp-product-card__container').first()


       at helpers/ikea-helpers.js:86

      84 |   // Click on the first product card
      85 |   const productCard = page.locator('[data-testid="product-card"], .product-card, .plp-product-card__container').first();
    > 86 |   await productCard.click();
         |                     ^
      87 |   await page.waitForLoadState('domcontentloaded'); await page.waitForTimeout(3000);
      88 |
      89 |   // Click Add to Bag
        at addProductToCart (/home/runner/work/Wipro_Playwright_Capstone/Wipro_Playwright_Capstone/tests/helpers/ikea-helpers.js:86:21)
        at goToCheckout (/home/runner/work/Wipro_Playwright_Capstone/Wipro_Playwright_Capstone/tests/helpers/modules/checkout-flow.helper.js:16:3)
        at /home/runner/work/Wipro_Playwright_Capstone/Wipro_Playwright_Capstone/tests/checkout-flow.spec.js:282:5

    attachment #1: screenshot (image/png) ──────────────────────────────────────────────────────────
    test-results/checkout-flow-Module-7-—-C-c67c4-sets-after-successful-order-firefox/test-failed-1.png
    ────────────────────────────────────────────────────────────────────────────────────────────────

    Error Context: test-results/checkout-flow-Module-7-—-C-c67c4-sets-after-successful-order-firefox/error-context.md

    Retry #1 ───────────────────────────────────────────────────────────────────────────────────────

    TimeoutError: locator.click: Timeout 15000ms exceeded.
    Call log:
      - waiting for locator('[data-testid="product-card"], .product-card, .plp-product-card__container').first()


       at helpers/ikea-helpers.js:86

      84 |   // Click on the first product card
      85 |   const productCard = page.locator('[data-testid="product-card"], .product-card, .plp-product-card__container').first();
    > 86 |   await productCard.click();
         |                     ^
      87 |   await page.waitForLoadState('domcontentloaded'); await page.waitForTimeout(3000);
      88 |
      89 |   // Click Add to Bag
        at addProductToCart (/home/runner/work/Wipro_Playwright_Capstone/Wipro_Playwright_Capstone/tests/helpers/ikea-helpers.js:86:21)
        at goToCheckout (/home/runner/work/Wipro_Playwright_Capstone/Wipro_Playwright_Capstone/tests/helpers/modules/checkout-flow.helper.js:16:3)
        at /home/runner/work/Wipro_Playwright_Capstone/Wipro_Playwright_Capstone/tests/checkout-flow.spec.js:282:5

    attachment #1: screenshot (image/png) ──────────────────────────────────────────────────────────
    test-results/checkout-flow-Module-7-—-C-c67c4-sets-after-successful-order-firefox-retry1/test-failed-1.png
    ────────────────────────────────────────────────────────────────────────────────────────────────

    Error Context: test-results/checkout-flow-Module-7-—-C-c67c4-sets-after-successful-order-firefox-retry1/error-context.md

    attachment #3: trace (application/zip) ─────────────────────────────────────────────────────────
    test-results/checkout-flow-Module-7-—-C-c67c4-sets-after-successful-order-firefox-retry1/trace.zip
    Usage:

        npx playwright show-trace test-results/checkout-flow-Module-7-—-C-c67c4-sets-after-successful-order-firefox-retry1/trace.zip

    ────────────────────────────────────────────────────────────────────────────────────────────────

    Retry #2 ───────────────────────────────────────────────────────────────────────────────────────

    TimeoutError: locator.click: Timeout 15000ms exceeded.
    Call log:
      - waiting for locator('[data-testid="product-card"], .product-card, .plp-product-card__container').first()


       at helpers/ikea-helpers.js:86

      84 |   // Click on the first product card
      85 |   const productCard = page.locator('[data-testid="product-card"], .product-card, .plp-product-card__container').first();
    > 86 |   await productCard.click();
         |                     ^
      87 |   await page.waitForLoadState('domcontentloaded'); await page.waitForTimeout(3000);
      88 |
      89 |   // Click Add to Bag
        at addProductToCart (/home/runner/work/Wipro_Playwright_Capstone/Wipro_Playwright_Capstone/tests/helpers/ikea-helpers.js:86:21)
        at goToCheckout (/home/runner/work/Wipro_Playwright_Capstone/Wipro_Playwright_Capstone/tests/helpers/modules/checkout-flow.helper.js:16:3)
        at /home/runner/work/Wipro_Playwright_Capstone/Wipro_Playwright_Capstone/tests/checkout-flow.spec.js:282:5

    attachment #1: screenshot (image/png) ──────────────────────────────────────────────────────────
    test-results/checkout-flow-Module-7-—-C-c67c4-sets-after-successful-order-firefox-retry2/test-failed-1.png
    ────────────────────────────────────────────────────────────────────────────────────────────────

    Error Context: test-results/checkout-flow-Module-7-—-C-c67c4-sets-after-successful-order-firefox-retry2/error-context.md

  22) [firefox] › tests/checkout-flow.spec.js:302:7 › Module 7 — Checkout Flow › TC_CF_018 — Order appears in account order history 

    TimeoutError: locator.click: Timeout 15000ms exceeded.
    Call log:
      - waiting for locator('[data-testid="product-card"], .product-card, .plp-product-card__container').first()


       at helpers/ikea-helpers.js:86

      84 |   // Click on the first product card
      85 |   const productCard = page.locator('[data-testid="product-card"], .product-card, .plp-product-card__container').first();
    > 86 |   await productCard.click();
         |                     ^
      87 |   await page.waitForLoadState('domcontentloaded'); await page.waitForTimeout(3000);
      88 |
      89 |   // Click Add to Bag
        at addProductToCart (/home/runner/work/Wipro_Playwright_Capstone/Wipro_Playwright_Capstone/tests/helpers/ikea-helpers.js:86:21)
        at goToCheckout (/home/runner/work/Wipro_Playwright_Capstone/Wipro_Playwright_Capstone/tests/helpers/modules/checkout-flow.helper.js:16:3)
        at /home/runner/work/Wipro_Playwright_Capstone/Wipro_Playwright_Capstone/tests/checkout-flow.spec.js:303:5

    attachment #1: screenshot (image/png) ──────────────────────────────────────────────────────────
    test-results/checkout-flow-Module-7-—-C-d98d2-rs-in-account-order-history-firefox/test-failed-1.png
    ────────────────────────────────────────────────────────────────────────────────────────────────

    Error Context: test-results/checkout-flow-Module-7-—-C-d98d2-rs-in-account-order-history-firefox/error-context.md

    Retry #1 ───────────────────────────────────────────────────────────────────────────────────────

    TimeoutError: locator.click: Timeout 15000ms exceeded.
    Call log:
      - waiting for locator('[data-testid="product-card"], .product-card, .plp-product-card__container').first()


       at helpers/ikea-helpers.js:86

      84 |   // Click on the first product card
      85 |   const productCard = page.locator('[data-testid="product-card"], .product-card, .plp-product-card__container').first();
    > 86 |   await productCard.click();
         |                     ^
      87 |   await page.waitForLoadState('domcontentloaded'); await page.waitForTimeout(3000);
      88 |
      89 |   // Click Add to Bag
        at addProductToCart (/home/runner/work/Wipro_Playwright_Capstone/Wipro_Playwright_Capstone/tests/helpers/ikea-helpers.js:86:21)
        at goToCheckout (/home/runner/work/Wipro_Playwright_Capstone/Wipro_Playwright_Capstone/tests/helpers/modules/checkout-flow.helper.js:16:3)
        at /home/runner/work/Wipro_Playwright_Capstone/Wipro_Playwright_Capstone/tests/checkout-flow.spec.js:303:5

    attachment #1: screenshot (image/png) ──────────────────────────────────────────────────────────
    test-results/checkout-flow-Module-7-—-C-d98d2-rs-in-account-order-history-firefox-retry1/test-failed-1.png
    ────────────────────────────────────────────────────────────────────────────────────────────────

    Error Context: test-results/checkout-flow-Module-7-—-C-d98d2-rs-in-account-order-history-firefox-retry1/error-context.md

    attachment #3: trace (application/zip) ─────────────────────────────────────────────────────────
    test-results/checkout-flow-Module-7-—-C-d98d2-rs-in-account-order-history-firefox-retry1/trace.zip
    Usage:

        npx playwright show-trace test-results/checkout-flow-Module-7-—-C-d98d2-rs-in-account-order-history-firefox-retry1/trace.zip

    ────────────────────────────────────────────────────────────────────────────────────────────────

    Retry #2 ───────────────────────────────────────────────────────────────────────────────────────

    TimeoutError: locator.click: Timeout 15000ms exceeded.
    Call log:
      - waiting for locator('[data-testid="product-card"], .product-card, .plp-product-card__container').first()


       at helpers/ikea-helpers.js:86

      84 |   // Click on the first product card
      85 |   const productCard = page.locator('[data-testid="product-card"], .product-card, .plp-product-card__container').first();
    > 86 |   await productCard.click();
         |                     ^
      87 |   await page.waitForLoadState('domcontentloaded'); await page.waitForTimeout(3000);
      88 |
      89 |   // Click Add to Bag
        at addProductToCart (/home/runner/work/Wipro_Playwright_Capstone/Wipro_Playwright_Capstone/tests/helpers/ikea-helpers.js:86:21)
        at goToCheckout (/home/runner/work/Wipro_Playwright_Capstone/Wipro_Playwright_Capstone/tests/helpers/modules/checkout-flow.helper.js:16:3)
        at /home/runner/work/Wipro_Playwright_Capstone/Wipro_Playwright_Capstone/tests/checkout-flow.spec.js:303:5

    attachment #1: screenshot (image/png) ──────────────────────────────────────────────────────────
    test-results/checkout-flow-Module-7-—-C-d98d2-rs-in-account-order-history-firefox-retry2/test-failed-1.png
    ────────────────────────────────────────────────────────────────────────────────────────────────

    Error Context: test-results/checkout-flow-Module-7-—-C-d98d2-rs-in-account-order-history-firefox-retry2/error-context.md

  22 failed
    [firefox] › tests/cart-management.spec.js:64:7 › Module 6 — Cart Management › TC_CM_004 — Updating quantity recalculates line total 
    [firefox] › tests/cart-management.spec.js:213:7 › Module 6 — Cart Management › TC_CM_011 — Price column is read-only 
    [firefox] › tests/cart-management.spec.js:239:7 › Module 6 — Cart Management › TC_CM_013 — Badge count accurate after multiple add/remove ops 
    [firefox] › tests/cart-management.spec.js:329:7 › Module 6 — Cart Management › TC_CM_016 — Proceed to Checkout button is present and enabled 
    [firefox] › tests/checkout-flow.spec.js:7:7 › Module 7 — Checkout Flow › TC_CF_001 — Proceed to Checkout navigates logged-in user to checkout 
    [firefox] › tests/checkout-flow.spec.js:14:7 › Module 7 — Checkout Flow › TC_CF_002 — Guest clicking checkout is prompted to login 
    [firefox] › tests/checkout-flow.spec.js:27:7 › Module 7 — Checkout Flow › TC_CF_003 — Checkout displays cart items with correct quantities and prices 
    [firefox] › tests/checkout-flow.spec.js:38:7 › Module 7 — Checkout Flow › TC_CF_004 — Order total matches cart subtotal 
    [firefox] › tests/checkout-flow.spec.js:57:7 › Module 7 — Checkout Flow › TC_CF_005 — Saved address auto-populates delivery form 
    [firefox] › tests/checkout-flow.spec.js:73:7 › Module 7 — Checkout Flow › TC_CF_006 — Address form validates all required fields 
    [firefox] › tests/checkout-flow.spec.js:91:7 › Module 7 — Checkout Flow › TC_CF_007 — PIN code validates 6-digit format 
    [firefox] › tests/checkout-flow.spec.js:120:7 › Module 7 — Checkout Flow › TC_CF_008 — Phone number validates Indian mobile format 
    [firefox] › tests/checkout-flow.spec.js:140:7 › Module 7 — Checkout Flow › TC_CF_009 — Adding new address during checkout preserves cart 
    [firefox] › tests/checkout-flow.spec.js:157:7 › Module 7 — Checkout Flow › TC_CF_010 — Delivery method step shows shipping options 
    [firefox] › tests/checkout-flow.spec.js:169:7 › Module 7 — Checkout Flow › TC_CF_011 — Order summary reflects delivery charge 
    [firefox] › tests/checkout-flow.spec.js:176:7 › Module 7 — Checkout Flow › TC_CF_012 — Payment page shows accepted payment methods 
    [firefox] › tests/checkout-flow.spec.js:192:7 › Module 7 — Checkout Flow › TC_CF_013 — Card form accepts dummy test card data 
    [firefox] › tests/checkout-flow.spec.js:221:7 › Module 7 — Checkout Flow › TC_CF_014 — Card number field accepts only numeric input 
    [firefox] › tests/checkout-flow.spec.js:245:7 › Module 7 — Checkout Flow › TC_CF_015 — Checkout does not attempt real payment 
    [firefox] › tests/checkout-flow.spec.js:259:7 › Module 7 — Checkout Flow › TC_CF_016 — Order confirmation displays order reference ID 
    [firefox] › tests/checkout-flow.spec.js:280:7 › Module 7 — Checkout Flow › TC_CF_017 — Cart badge resets after successful order 
    [firefox] › tests/checkout-flow.spec.js:302:7 › Module 7 — Checkout Flow › TC_CF_018 — Order appears in account order history 
  1 skipped
  9 passed (29.6m)
Error: Process completed with exit code 1.
Run npm run test:ci -- --shard=6/10

> wipro_capstone@1.0.0 test:ci
> playwright test --shard=6/10


Running 32 tests using 2 workers, shard 6 of 10
··············×·××F··×···F··········

  1) [firefox] › tests/product-details.spec.js:25:7 › Module 5 — Product Details › TC_PD_002 — Detail page price matches cart price after adding 

    TimeoutError: locator.textContent: Timeout 15000ms exceeded.
    Call log:
      - waiting for locator('[data-testid="cart-item-price"], [class*="item-price"], [class*="product-price"], [class*="price"], .pipcom-price').first()


      36 |     await page.waitForLoadState('domcontentloaded');
      37 |     const cartPrice = page.locator('[data-testid="cart-item-price"], [class*="item-price"], [class*="product-price"], [class*="price"], .pipcom-price').first();
    > 38 |     const cartPriceText = await cartPrice.textContent();
         |                                           ^
      39 |     expect(parsePriceText(cartPriceText || '0')).toBe(parsePriceText(detailPrice || '0'));
      40 |   });
      41 |
        at /home/runner/work/Wipro_Playwright_Capstone/Wipro_Playwright_Capstone/tests/product-details.spec.js:38:43

    attachment #1: screenshot (image/png) ──────────────────────────────────────────────────────────
    test-results/product-details-Module-5-—-564e6-hes-cart-price-after-adding-firefox/test-failed-1.png
    ────────────────────────────────────────────────────────────────────────────────────────────────

    Error Context: test-results/product-details-Module-5-—-564e6-hes-cart-price-after-adding-firefox/error-context.md

    Retry #1 ───────────────────────────────────────────────────────────────────────────────────────

    TimeoutError: locator.textContent: Timeout 15000ms exceeded.
    Call log:
      - waiting for locator('[data-testid="cart-item-price"], [class*="item-price"], [class*="product-price"], [class*="price"], .pipcom-price').first()


      36 |     await page.waitForLoadState('domcontentloaded');
      37 |     const cartPrice = page.locator('[data-testid="cart-item-price"], [class*="item-price"], [class*="product-price"], [class*="price"], .pipcom-price').first();
    > 38 |     const cartPriceText = await cartPrice.textContent();
         |                                           ^
      39 |     expect(parsePriceText(cartPriceText || '0')).toBe(parsePriceText(detailPrice || '0'));
      40 |   });
      41 |
        at /home/runner/work/Wipro_Playwright_Capstone/Wipro_Playwright_Capstone/tests/product-details.spec.js:38:43

    attachment #1: screenshot (image/png) ──────────────────────────────────────────────────────────
    test-results/product-details-Module-5-—-564e6-hes-cart-price-after-adding-firefox-retry1/test-failed-1.png
    ────────────────────────────────────────────────────────────────────────────────────────────────

    Error Context: test-results/product-details-Module-5-—-564e6-hes-cart-price-after-adding-firefox-retry1/error-context.md

    attachment #3: trace (application/zip) ─────────────────────────────────────────────────────────
    test-results/product-details-Module-5-—-564e6-hes-cart-price-after-adding-firefox-retry1/trace.zip
    Usage:

        npx playwright show-trace test-results/product-details-Module-5-—-564e6-hes-cart-price-after-adding-firefox-retry1/trace.zip

    ────────────────────────────────────────────────────────────────────────────────────────────────

    Retry #2 ───────────────────────────────────────────────────────────────────────────────────────

    TimeoutError: locator.textContent: Timeout 15000ms exceeded.
    Call log:
      - waiting for locator('[data-testid="cart-item-price"], [class*="item-price"], [class*="product-price"], [class*="price"], .pipcom-price').first()


      36 |     await page.waitForLoadState('domcontentloaded');
      37 |     const cartPrice = page.locator('[data-testid="cart-item-price"], [class*="item-price"], [class*="product-price"], [class*="price"], .pipcom-price').first();
    > 38 |     const cartPriceText = await cartPrice.textContent();
         |                                           ^
      39 |     expect(parsePriceText(cartPriceText || '0')).toBe(parsePriceText(detailPrice || '0'));
      40 |   });
      41 |
        at /home/runner/work/Wipro_Playwright_Capstone/Wipro_Playwright_Capstone/tests/product-details.spec.js:38:43

    attachment #1: screenshot (image/png) ──────────────────────────────────────────────────────────
    test-results/product-details-Module-5-—-564e6-hes-cart-price-after-adding-firefox-retry2/test-failed-1.png
    ────────────────────────────────────────────────────────────────────────────────────────────────

    Error Context: test-results/product-details-Module-5-—-564e6-hes-cart-price-after-adding-firefox-retry2/error-context.md

  2) [firefox] › tests/product-details.spec.js:71:7 › Module 5 — Product Details › TC_PD_004 — Add to Bag increments cart by selected quantity 

    TimeoutError: locator.textContent: Timeout 15000ms exceeded.
    Call log:
      - waiting for locator('input[type="number"], input[type="text"], select, [class*="quantity"] input, [class*="quantity"] select').first()


      115 |       
      116 |       const cartQty = page.locator('input[type="number"], input[type="text"], select, [class*="quantity"] input, [class*="quantity"] select').first();
    > 117 |       const val = await cartQty.inputValue().catch(() => cartQty.textContent());
          |                                                                  ^
      118 |       const digits = (val || '').replace(/\D/g, '');
      119 |       expect(parseInt(digits || '1', 10)).toBeGreaterThanOrEqual(1); // At least 1 item added successfully
      120 |     }
        at /home/runner/work/Wipro_Playwright_Capstone/Wipro_Playwright_Capstone/tests/product-details.spec.js:117:66
        at /home/runner/work/Wipro_Playwright_Capstone/Wipro_Playwright_Capstone/tests/product-details.spec.js:117:19

    attachment #1: screenshot (image/png) ──────────────────────────────────────────────────────────
    test-results/product-details-Module-5-—-e2e21-s-cart-by-selected-quantity-firefox/test-failed-1.png
    ────────────────────────────────────────────────────────────────────────────────────────────────

    Error Context: test-results/product-details-Module-5-—-e2e21-s-cart-by-selected-quantity-firefox/error-context.md

    Retry #1 ───────────────────────────────────────────────────────────────────────────────────────

    TimeoutError: locator.textContent: Timeout 15000ms exceeded.
    Call log:
      - waiting for locator('input[type="number"], input[type="text"], select, [class*="quantity"] input, [class*="quantity"] select').first()


      115 |       
      116 |       const cartQty = page.locator('input[type="number"], input[type="text"], select, [class*="quantity"] input, [class*="quantity"] select').first();
    > 117 |       const val = await cartQty.inputValue().catch(() => cartQty.textContent());
          |                                                                  ^
      118 |       const digits = (val || '').replace(/\D/g, '');
      119 |       expect(parseInt(digits || '1', 10)).toBeGreaterThanOrEqual(1); // At least 1 item added successfully
      120 |     }
        at /home/runner/work/Wipro_Playwright_Capstone/Wipro_Playwright_Capstone/tests/product-details.spec.js:117:66
        at /home/runner/work/Wipro_Playwright_Capstone/Wipro_Playwright_Capstone/tests/product-details.spec.js:117:19

    attachment #1: screenshot (image/png) ──────────────────────────────────────────────────────────
    test-results/product-details-Module-5-—-e2e21-s-cart-by-selected-quantity-firefox-retry1/test-failed-1.png
    ────────────────────────────────────────────────────────────────────────────────────────────────

    Error Context: test-results/product-details-Module-5-—-e2e21-s-cart-by-selected-quantity-firefox-retry1/error-context.md

    attachment #3: trace (application/zip) ─────────────────────────────────────────────────────────
    test-results/product-details-Module-5-—-e2e21-s-cart-by-selected-quantity-firefox-retry1/trace.zip
    Usage:

        npx playwright show-trace test-results/product-details-Module-5-—-e2e21-s-cart-by-selected-quantity-firefox-retry1/trace.zip

    ────────────────────────────────────────────────────────────────────────────────────────────────

    Retry #2 ───────────────────────────────────────────────────────────────────────────────────────

    TimeoutError: locator.textContent: Timeout 15000ms exceeded.
    Call log:
      - waiting for locator('input[type="number"], input[type="text"], select, [class*="quantity"] input, [class*="quantity"] select').first()


      115 |       
      116 |       const cartQty = page.locator('input[type="number"], input[type="text"], select, [class*="quantity"] input, [class*="quantity"] select').first();
    > 117 |       const val = await cartQty.inputValue().catch(() => cartQty.textContent());
          |                                                                  ^
      118 |       const digits = (val || '').replace(/\D/g, '');
      119 |       expect(parseInt(digits || '1', 10)).toBeGreaterThanOrEqual(1); // At least 1 item added successfully
      120 |     }
        at /home/runner/work/Wipro_Playwright_Capstone/Wipro_Playwright_Capstone/tests/product-details.spec.js:117:66
        at /home/runner/work/Wipro_Playwright_Capstone/Wipro_Playwright_Capstone/tests/product-details.spec.js:117:19

    attachment #1: screenshot (image/png) ──────────────────────────────────────────────────────────
    test-results/product-details-Module-5-—-e2e21-s-cart-by-selected-quantity-firefox-retry2/test-failed-1.png
    ────────────────────────────────────────────────────────────────────────────────────────────────

    Error Context: test-results/product-details-Module-5-—-e2e21-s-cart-by-selected-quantity-firefox-retry2/error-context.md

  2 failed
    [firefox] › tests/product-details.spec.js:25:7 › Module 5 — Product Details › TC_PD_002 — Detail page price matches cart price after adding 
    [firefox] › tests/product-details.spec.js:71:7 › Module 5 — Product Details › TC_PD_004 — Add to Bag increments cart by selected quantity 
  30 passed (8.8m)
Error: Process completed with exit code 1.
Run npm run test:ci -- --shard=7/10

> wipro_capstone@1.0.0 test:ci
> playwright test --shard=7/10


Running 32 tests using 2 workers, shard 7 of 10
······················°·······°·
  2 skipped
  30 passed (8.3m)
  Run npm run test:ci -- --shard=8/10

> wipro_capstone@1.0.0 test:ci
> playwright test --shard=8/10


Running 32 tests using 2 workers, shard 8 of 10
·······Navigating to category: /in/en/cat/sofas-fu003/
·Navigating to category: /in/en/cat/sofas-fu003/
·Navigating to category: /in/en/cat/sofas-fu003/
Navigating to category: /in/en/cat/sofas-fu003/
Navigating to category: /in/en/cat/beds-bm003/
×Navigating to category: /in/en/cat/sofas-fu003/
×Navigating to category: /in/en/cat/sofas-fu003/
Navigating to category: /in/en/cat/sofas-fu003/
Navigating to category: /in/en/cat/beds-bm003/
×Navigating to category: /in/en/cat/sofas-fu003/
×Navigating to category: /in/en/cat/sofas-fu003/
Navigating to category: /in/en/cat/sofas-fu003/
Navigating to category: /in/en/cat/beds-bm003/
FNavigating to category: /in/en/cat/sofas-fu003/
TNavigating to category: /in/en/cat/sofas-fu003/
·×Navigating to category: /in/en/cat/sofas-fu003/
Navigating to category: /in/en/cat/sofas-fu003/
·×·Navigating to category: /in/en/cat/sofas-fu003/
Navigating to category: /in/en/cat/sofas-fu003/
FNavigating to category: /in/en/cat/sofas-fu003/
·Navigating to category: /in/en/cat/sofas-fu003/
··Navigating to category: /in/en/cat/sofas-fu003/
Navigating to category: /in/en/cat/sofas-fu003/
·Navigating to category: /in/en/cat/sofas-fu003/
×Navigating to category: /in/en/cat/sofas-fu003/
×Navigating to category: /in/en/cat/sofas-fu003/
×Navigating to category: /in/en/cat/sofas-fu003/
×Navigating to category: /in/en/cat/sofas-fu003/
FNavigating to category: /in/en/cat/sofas-fu003/
FNavigating to login page...
Navigating to category: /in/en/cat/sofas-fu003/
°Navigating to category: /in/en/cat/sofas-fu003/
·Navigating to category: /in/en/cat/sofas-fu003/
×Navigating to category: /in/en/cat/sofas-fu003/
·×Navigating to category: /in/en/cat/sofas-fu003/
×F××F××F××F××F×F××××FF

  1) [webkit] › tests/cart-management.spec.js:26:7 › Module 6 — Cart Management › TC_CM_002 — Adding same product twice merges into qty 2 

    TimeoutError: locator.textContent: Timeout 15000ms exceeded.
    Call log:
      - waiting for locator('input[type="number"], input[type="text"], [data-testid="quantity-input"], select, [class*="quantity"] input').first()


      37 |       qtyVal = await qtyEl.inputValue();
      38 |     } catch {
    > 39 |       qtyVal = await qtyEl.textContent() || '1';
         |                            ^
      40 |     }
      41 |     const digits = qtyVal.replace(/\D/g, '');
      42 |     expect(parseInt(digits || '1', 10)).toBe(2);
        at /home/runner/work/Wipro_Playwright_Capstone/Wipro_Playwright_Capstone/tests/cart-management.spec.js:39:28

    attachment #1: screenshot (image/png) ──────────────────────────────────────────────────────────
    test-results/cart-management-Module-6-—-e743d-uct-twice-merges-into-qty-2-webkit/test-failed-1.png
    ────────────────────────────────────────────────────────────────────────────────────────────────

    Error Context: test-results/cart-management-Module-6-—-e743d-uct-twice-merges-into-qty-2-webkit/error-context.md

    Retry #1 ───────────────────────────────────────────────────────────────────────────────────────

    Test timeout of 120000ms exceeded.

    Error: locator.textContent: Test timeout of 120000ms exceeded.
    Call log:
      - waiting for locator('input[type="number"], input[type="text"], [data-testid="quantity-input"], select, [class*="quantity"] input').first()


      37 |       qtyVal = await qtyEl.inputValue();
      38 |     } catch {
    > 39 |       qtyVal = await qtyEl.textContent() || '1';
         |                            ^
      40 |     }
      41 |     const digits = qtyVal.replace(/\D/g, '');
      42 |     expect(parseInt(digits || '1', 10)).toBe(2);
        at /home/runner/work/Wipro_Playwright_Capstone/Wipro_Playwright_Capstone/tests/cart-management.spec.js:39:28

    attachment #1: screenshot (image/png) ──────────────────────────────────────────────────────────
    test-results/cart-management-Module-6-—-e743d-uct-twice-merges-into-qty-2-webkit-retry1/test-failed-1.png
    ────────────────────────────────────────────────────────────────────────────────────────────────

    Error Context: test-results/cart-management-Module-6-—-e743d-uct-twice-merges-into-qty-2-webkit-retry1/error-context.md

    attachment #3: trace (application/zip) ─────────────────────────────────────────────────────────
    test-results/cart-management-Module-6-—-e743d-uct-twice-merges-into-qty-2-webkit-retry1/trace.zip
    Usage:

        npx playwright show-trace test-results/cart-management-Module-6-—-e743d-uct-twice-merges-into-qty-2-webkit-retry1/trace.zip

    ────────────────────────────────────────────────────────────────────────────────────────────────

    Retry #2 ───────────────────────────────────────────────────────────────────────────────────────

    Test timeout of 120000ms exceeded.

    Error: locator.textContent: Target page, context or browser has been closed

      37 |       qtyVal = await qtyEl.inputValue();
      38 |     } catch {
    > 39 |       qtyVal = await qtyEl.textContent() || '1';
         |                            ^
      40 |     }
      41 |     const digits = qtyVal.replace(/\D/g, '');
      42 |     expect(parseInt(digits || '1', 10)).toBe(2);
        at /home/runner/work/Wipro_Playwright_Capstone/Wipro_Playwright_Capstone/tests/cart-management.spec.js:39:28

    attachment #1: screenshot (image/png) ──────────────────────────────────────────────────────────
    test-results/cart-management-Module-6-—-e743d-uct-twice-merges-into-qty-2-webkit-retry2/test-failed-1.png
    ────────────────────────────────────────────────────────────────────────────────────────────────

    Error Context: test-results/cart-management-Module-6-—-e743d-uct-twice-merges-into-qty-2-webkit-retry2/error-context.md

  2) [webkit] › tests/cart-management.spec.js:45:7 › Module 6 — Cart Management › TC_CM_003 — Cart displays correct name, unit price, quantity, line total 

    Error: expect(received).toBeGreaterThanOrEqual(expected)

    Expected: >= 1
    Received:    0

      50 |     const rows = page.locator(PRODUCT_ROWS_SELECTOR);
      51 |     const count = await rows.count();
    > 52 |     expect(count).toBeGreaterThanOrEqual(1);
         |                   ^
      53 |
      54 |     for (let i = 0; i < Math.min(count, 2); i++) {
      55 |       const row = rows.nth(i);
        at /home/runner/work/Wipro_Playwright_Capstone/Wipro_Playwright_Capstone/tests/cart-management.spec.js:52:19

    attachment #1: screenshot (image/png) ──────────────────────────────────────────────────────────
    test-results/cart-management-Module-6-—-8c2dc-t-price-quantity-line-total-webkit/test-failed-1.png
    ────────────────────────────────────────────────────────────────────────────────────────────────

    Error Context: test-results/cart-management-Module-6-—-8c2dc-t-price-quantity-line-total-webkit/error-context.md

    Retry #1 ───────────────────────────────────────────────────────────────────────────────────────

    Test timeout of 120000ms exceeded.

    Error: page.waitForTimeout: Test timeout of 120000ms exceeded.

       at helpers/modules/cart-management.helper.js:49

      47 |   await baseDismissCookieAndPopups(page);
      48 |   await page.waitForLoadState('domcontentloaded').catch(() => {});
    > 49 |   await page.waitForTimeout(3000);
         |              ^
      50 | }
      51 |
      52 | /**
        at navigateToCart (/home/runner/work/Wipro_Playwright_Capstone/Wipro_Playwright_Capstone/tests/helpers/modules/cart-management.helper.js:49:14)
        at /home/runner/work/Wipro_Playwright_Capstone/Wipro_Playwright_Capstone/tests/cart-management.spec.js:48:5

    attachment #1: screenshot (image/png) ──────────────────────────────────────────────────────────
    test-results/cart-management-Module-6-—-8c2dc-t-price-quantity-line-total-webkit-retry1/test-failed-1.png
    ────────────────────────────────────────────────────────────────────────────────────────────────

    Error Context: test-results/cart-management-Module-6-—-8c2dc-t-price-quantity-line-total-webkit-retry1/error-context.md

    attachment #3: trace (application/zip) ─────────────────────────────────────────────────────────
    test-results/cart-management-Module-6-—-8c2dc-t-price-quantity-line-total-webkit-retry1/trace.zip
    Usage:

        npx playwright show-trace test-results/cart-management-Module-6-—-8c2dc-t-price-quantity-line-total-webkit-retry1/trace.zip

    ────────────────────────────────────────────────────────────────────────────────────────────────

    Retry #2 ───────────────────────────────────────────────────────────────────────────────────────

    Error: expect(received).toBeGreaterThanOrEqual(expected)

    Expected: >= 1
    Received:    0

      50 |     const rows = page.locator(PRODUCT_ROWS_SELECTOR);
      51 |     const count = await rows.count();
    > 52 |     expect(count).toBeGreaterThanOrEqual(1);
         |                   ^
      53 |
      54 |     for (let i = 0; i < Math.min(count, 2); i++) {
      55 |       const row = rows.nth(i);
        at /home/runner/work/Wipro_Playwright_Capstone/Wipro_Playwright_Capstone/tests/cart-management.spec.js:52:19

    attachment #1: screenshot (image/png) ──────────────────────────────────────────────────────────
    test-results/cart-management-Module-6-—-8c2dc-t-price-quantity-line-total-webkit-retry2/test-failed-1.png
    ────────────────────────────────────────────────────────────────────────────────────────────────

    Error Context: test-results/cart-management-Module-6-—-8c2dc-t-price-quantity-line-total-webkit-retry2/error-context.md

  3) [webkit] › tests/cart-management.spec.js:64:7 › Module 6 — Cart Management › TC_CM_004 — Updating quantity recalculates line total 

    TimeoutError: locator.textContent: Timeout 15000ms exceeded.
    Call log:
      - waiting for locator('[class*="price-module__price"], .cart-ingka-price-module__price, [data-testid="cart-item-price"], [class*="price"]').first()


      67 |
      68 |     const priceEl = page.locator('[class*="price-module__price"], .cart-ingka-price-module__price, [data-testid="cart-item-price"], [class*="price"]').first();
    > 69 |     const unitPrice = parsePriceText(await priceEl.textContent() || '0');
         |                                                    ^
      70 |
      71 |     // Change quantity to 4
      72 |     const qtyInput = page.locator('input[type="number"], input[type="text"], [data-testid="quantity-input"]').first();
        at /home/runner/work/Wipro_Playwright_Capstone/Wipro_Playwright_Capstone/tests/cart-management.spec.js:69:52

    attachment #1: screenshot (image/png) ──────────────────────────────────────────────────────────
    test-results/cart-management-Module-6-—-c3f89-ity-recalculates-line-total-webkit/test-failed-1.png
    ────────────────────────────────────────────────────────────────────────────────────────────────

    Error Context: test-results/cart-management-Module-6-—-c3f89-ity-recalculates-line-total-webkit/error-context.md

    Retry #1 ───────────────────────────────────────────────────────────────────────────────────────

    TimeoutError: locator.textContent: Timeout 15000ms exceeded.
    Call log:
      - waiting for locator('[class*="price-module__price"], .cart-ingka-price-module__price, [data-testid="cart-item-price"], [class*="price"]').first()


      67 |
      68 |     const priceEl = page.locator('[class*="price-module__price"], .cart-ingka-price-module__price, [data-testid="cart-item-price"], [class*="price"]').first();
    > 69 |     const unitPrice = parsePriceText(await priceEl.textContent() || '0');
         |                                                    ^
      70 |
      71 |     // Change quantity to 4
      72 |     const qtyInput = page.locator('input[type="number"], input[type="text"], [data-testid="quantity-input"]').first();
        at /home/runner/work/Wipro_Playwright_Capstone/Wipro_Playwright_Capstone/tests/cart-management.spec.js:69:52

    attachment #1: screenshot (image/png) ──────────────────────────────────────────────────────────
    test-results/cart-management-Module-6-—-c3f89-ity-recalculates-line-total-webkit-retry1/test-failed-1.png
    ────────────────────────────────────────────────────────────────────────────────────────────────

    Error Context: test-results/cart-management-Module-6-—-c3f89-ity-recalculates-line-total-webkit-retry1/error-context.md

    attachment #3: trace (application/zip) ─────────────────────────────────────────────────────────
    test-results/cart-management-Module-6-—-c3f89-ity-recalculates-line-total-webkit-retry1/trace.zip
    Usage:

        npx playwright show-trace test-results/cart-management-Module-6-—-c3f89-ity-recalculates-line-total-webkit-retry1/trace.zip

    ────────────────────────────────────────────────────────────────────────────────────────────────

    Retry #2 ───────────────────────────────────────────────────────────────────────────────────────

    TimeoutError: locator.textContent: Timeout 15000ms exceeded.
    Call log:
      - waiting for locator('[class*="price-module__price"], .cart-ingka-price-module__price, [data-testid="cart-item-price"], [class*="price"]').first()


      67 |
      68 |     const priceEl = page.locator('[class*="price-module__price"], .cart-ingka-price-module__price, [data-testid="cart-item-price"], [class*="price"]').first();
    > 69 |     const unitPrice = parsePriceText(await priceEl.textContent() || '0');
         |                                                    ^
      70 |
      71 |     // Change quantity to 4
      72 |     const qtyInput = page.locator('input[type="number"], input[type="text"], [data-testid="quantity-input"]').first();
        at /home/runner/work/Wipro_Playwright_Capstone/Wipro_Playwright_Capstone/tests/cart-management.spec.js:69:52

    attachment #1: screenshot (image/png) ──────────────────────────────────────────────────────────
    test-results/cart-management-Module-6-—-c3f89-ity-recalculates-line-total-webkit-retry2/test-failed-1.png
    ────────────────────────────────────────────────────────────────────────────────────────────────

    Error Context: test-results/cart-management-Module-6-—-c3f89-ity-recalculates-line-total-webkit-retry2/error-context.md

  4) [webkit] › tests/cart-management.spec.js:213:7 › Module 6 — Cart Management › TC_CM_011 — Price column is read-only 

    TimeoutError: locator.evaluate: Timeout 15000ms exceeded.
    Call log:
      - waiting for locator('[class*="price-module__price"], .cart-ingka-price-module__price, [data-testid="cart-item-price"], [class*="price"]').first()


      216 |     
      217 |     const priceEl = page.locator('[class*="price-module__price"], .cart-ingka-price-module__price, [data-testid="cart-item-price"], [class*="price"]').first();
    > 218 |     const tag = await priceEl.evaluate(el => el.tagName.toLowerCase());
          |                               ^
      219 |     // Price must not be an input/editable field
      220 |     expect(['input', 'textarea']).not.toContain(tag);
      221 |     const contentEditable = await priceEl.getAttribute('contenteditable');
        at /home/runner/work/Wipro_Playwright_Capstone/Wipro_Playwright_Capstone/tests/cart-management.spec.js:218:31

    attachment #1: screenshot (image/png) ──────────────────────────────────────────────────────────
    test-results/cart-management-Module-6-—-641a0-—-Price-column-is-read-only-webkit/test-failed-1.png
    ────────────────────────────────────────────────────────────────────────────────────────────────

    Error Context: test-results/cart-management-Module-6-—-641a0-—-Price-column-is-read-only-webkit/error-context.md

    Retry #1 ───────────────────────────────────────────────────────────────────────────────────────

    TimeoutError: locator.evaluate: Timeout 15000ms exceeded.
    Call log:
      - waiting for locator('[class*="price-module__price"], .cart-ingka-price-module__price, [data-testid="cart-item-price"], [class*="price"]').first()


      216 |     
      217 |     const priceEl = page.locator('[class*="price-module__price"], .cart-ingka-price-module__price, [data-testid="cart-item-price"], [class*="price"]').first();
    > 218 |     const tag = await priceEl.evaluate(el => el.tagName.toLowerCase());
          |                               ^
      219 |     // Price must not be an input/editable field
      220 |     expect(['input', 'textarea']).not.toContain(tag);
      221 |     const contentEditable = await priceEl.getAttribute('contenteditable');
        at /home/runner/work/Wipro_Playwright_Capstone/Wipro_Playwright_Capstone/tests/cart-management.spec.js:218:31

    attachment #1: screenshot (image/png) ──────────────────────────────────────────────────────────
    test-results/cart-management-Module-6-—-641a0-—-Price-column-is-read-only-webkit-retry1/test-failed-1.png
    ────────────────────────────────────────────────────────────────────────────────────────────────

    Error Context: test-results/cart-management-Module-6-—-641a0-—-Price-column-is-read-only-webkit-retry1/error-context.md

    attachment #3: trace (application/zip) ─────────────────────────────────────────────────────────
    test-results/cart-management-Module-6-—-641a0-—-Price-column-is-read-only-webkit-retry1/trace.zip
    Usage:

        npx playwright show-trace test-results/cart-management-Module-6-—-641a0-—-Price-column-is-read-only-webkit-retry1/trace.zip

    ────────────────────────────────────────────────────────────────────────────────────────────────

    Retry #2 ───────────────────────────────────────────────────────────────────────────────────────

    TimeoutError: locator.evaluate: Timeout 15000ms exceeded.
    Call log:
      - waiting for locator('[class*="price-module__price"], .cart-ingka-price-module__price, [data-testid="cart-item-price"], [class*="price"]').first()


      216 |     
      217 |     const priceEl = page.locator('[class*="price-module__price"], .cart-ingka-price-module__price, [data-testid="cart-item-price"], [class*="price"]').first();
    > 218 |     const tag = await priceEl.evaluate(el => el.tagName.toLowerCase());
          |                               ^
      219 |     // Price must not be an input/editable field
      220 |     expect(['input', 'textarea']).not.toContain(tag);
      221 |     const contentEditable = await priceEl.getAttribute('contenteditable');
        at /home/runner/work/Wipro_Playwright_Capstone/Wipro_Playwright_Capstone/tests/cart-management.spec.js:218:31

    attachment #1: screenshot (image/png) ──────────────────────────────────────────────────────────
    test-results/cart-management-Module-6-—-641a0-—-Price-column-is-read-only-webkit-retry2/test-failed-1.png
    ────────────────────────────────────────────────────────────────────────────────────────────────

    Error Context: test-results/cart-management-Module-6-—-641a0-—-Price-column-is-read-only-webkit-retry2/error-context.md

  5) [webkit] › tests/cart-management.spec.js:239:7 › Module 6 — Cart Management › TC_CM_013 — Badge count accurate after multiple add/remove ops 

    Error: expect(received).toBeGreaterThanOrEqual(expected)

    Expected: >= 1
    Received:    0

      242 |     await page.waitForTimeout(3000);
      243 |     const afterAdd = await getCartBadgeCount(page);
    > 244 |     expect(afterAdd).toBeGreaterThanOrEqual(1);
          |                      ^
      245 |     
      246 |     await navigateToCart(page);
      247 |     
        at /home/runner/work/Wipro_Playwright_Capstone/Wipro_Playwright_Capstone/tests/cart-management.spec.js:244:22

    attachment #1: screenshot (image/png) ──────────────────────────────────────────────────────────
    test-results/cart-management-Module-6-—-8ed59-ter-multiple-add-remove-ops-webkit/test-failed-1.png
    ────────────────────────────────────────────────────────────────────────────────────────────────

    Error Context: test-results/cart-management-Module-6-—-8ed59-ter-multiple-add-remove-ops-webkit/error-context.md

    Retry #1 ───────────────────────────────────────────────────────────────────────────────────────

    Error: expect(received).toBeGreaterThanOrEqual(expected)

    Expected: >= 1
    Received:    0

      242 |     await page.waitForTimeout(3000);
      243 |     const afterAdd = await getCartBadgeCount(page);
    > 244 |     expect(afterAdd).toBeGreaterThanOrEqual(1);
          |                      ^
      245 |     
      246 |     await navigateToCart(page);
      247 |     
        at /home/runner/work/Wipro_Playwright_Capstone/Wipro_Playwright_Capstone/tests/cart-management.spec.js:244:22

    attachment #1: screenshot (image/png) ──────────────────────────────────────────────────────────
    test-results/cart-management-Module-6-—-8ed59-ter-multiple-add-remove-ops-webkit-retry1/test-failed-1.png
    ────────────────────────────────────────────────────────────────────────────────────────────────

    Error Context: test-results/cart-management-Module-6-—-8ed59-ter-multiple-add-remove-ops-webkit-retry1/error-context.md

    attachment #3: trace (application/zip) ─────────────────────────────────────────────────────────
    test-results/cart-management-Module-6-—-8ed59-ter-multiple-add-remove-ops-webkit-retry1/trace.zip
    Usage:

        npx playwright show-trace test-results/cart-management-Module-6-—-8ed59-ter-multiple-add-remove-ops-webkit-retry1/trace.zip

    ────────────────────────────────────────────────────────────────────────────────────────────────

    Retry #2 ───────────────────────────────────────────────────────────────────────────────────────

    Error: expect(received).toBeGreaterThanOrEqual(expected)

    Expected: >= 1
    Received:    0

      242 |     await page.waitForTimeout(3000);
      243 |     const afterAdd = await getCartBadgeCount(page);
    > 244 |     expect(afterAdd).toBeGreaterThanOrEqual(1);
          |                      ^
      245 |     
      246 |     await navigateToCart(page);
      247 |     
        at /home/runner/work/Wipro_Playwright_Capstone/Wipro_Playwright_Capstone/tests/cart-management.spec.js:244:22

    attachment #1: screenshot (image/png) ──────────────────────────────────────────────────────────
    test-results/cart-management-Module-6-—-8ed59-ter-multiple-add-remove-ops-webkit-retry2/test-failed-1.png
    ────────────────────────────────────────────────────────────────────────────────────────────────

    Error Context: test-results/cart-management-Module-6-—-8ed59-ter-multiple-add-remove-ops-webkit-retry2/error-context.md

  6) [webkit] › tests/cart-management.spec.js:329:7 › Module 6 — Cart Management › TC_CM_016 — Proceed to Checkout button is present and enabled 

    Error: expect(locator).toBeVisible() failed

    Locator: getByRole('button', { name: /proceed to checkout|checkout|continue to checkout/i }).first()
    Expected: visible
    Timeout: 10000ms
    Error: element(s) not found

    Call log:
      - Expect "toBeVisible" with timeout 10000ms
      - waiting for getByRole('button', { name: /proceed to checkout|checkout|continue to checkout/i }).first()


      335 |       || page.locator('[class*="checkout"] button, button:has-text("checkout"), button:has-text("continue")').first();
      336 |       
    > 337 |     await expect(checkoutBtn).toBeVisible({ timeout: 10000 });
          |                               ^
      338 |     await expect(checkoutBtn).toBeEnabled();
      339 |   });
      340 |
        at /home/runner/work/Wipro_Playwright_Capstone/Wipro_Playwright_Capstone/tests/cart-management.spec.js:337:31

    attachment #1: screenshot (image/png) ──────────────────────────────────────────────────────────
    test-results/cart-management-Module-6-—-8e18e-tton-is-present-and-enabled-webkit/test-failed-1.png
    ────────────────────────────────────────────────────────────────────────────────────────────────

    Error Context: test-results/cart-management-Module-6-—-8e18e-tton-is-present-and-enabled-webkit/error-context.md

    Retry #1 ───────────────────────────────────────────────────────────────────────────────────────

    Error: expect(locator).toBeVisible() failed

    Locator: getByRole('button', { name: /proceed to checkout|checkout|continue to checkout/i }).first()
    Expected: visible
    Timeout: 10000ms
    Error: element(s) not found

    Call log:
      - Expect "toBeVisible" with timeout 10000ms
      - waiting for getByRole('button', { name: /proceed to checkout|checkout|continue to checkout/i }).first()


      335 |       || page.locator('[class*="checkout"] button, button:has-text("checkout"), button:has-text("continue")').first();
      336 |       
    > 337 |     await expect(checkoutBtn).toBeVisible({ timeout: 10000 });
          |                               ^
      338 |     await expect(checkoutBtn).toBeEnabled();
      339 |   });
      340 |
        at /home/runner/work/Wipro_Playwright_Capstone/Wipro_Playwright_Capstone/tests/cart-management.spec.js:337:31

    attachment #1: screenshot (image/png) ──────────────────────────────────────────────────────────
    test-results/cart-management-Module-6-—-8e18e-tton-is-present-and-enabled-webkit-retry1/test-failed-1.png
    ────────────────────────────────────────────────────────────────────────────────────────────────

    Error Context: test-results/cart-management-Module-6-—-8e18e-tton-is-present-and-enabled-webkit-retry1/error-context.md

    attachment #3: trace (application/zip) ─────────────────────────────────────────────────────────
    test-results/cart-management-Module-6-—-8e18e-tton-is-present-and-enabled-webkit-retry1/trace.zip
    Usage:

        npx playwright show-trace test-results/cart-management-Module-6-—-8e18e-tton-is-present-and-enabled-webkit-retry1/trace.zip

    ────────────────────────────────────────────────────────────────────────────────────────────────

    Retry #2 ───────────────────────────────────────────────────────────────────────────────────────

    Error: expect(locator).toBeVisible() failed

    Locator: getByRole('button', { name: /proceed to checkout|checkout|continue to checkout/i }).first()
    Expected: visible
    Timeout: 10000ms
    Error: element(s) not found

    Call log:
      - Expect "toBeVisible" with timeout 10000ms
      - waiting for getByRole('button', { name: /proceed to checkout|checkout|continue to checkout/i }).first()


      335 |       || page.locator('[class*="checkout"] button, button:has-text("checkout"), button:has-text("continue")').first();
      336 |       
    > 337 |     await expect(checkoutBtn).toBeVisible({ timeout: 10000 });
          |                               ^
      338 |     await expect(checkoutBtn).toBeEnabled();
      339 |   });
      340 |
        at /home/runner/work/Wipro_Playwright_Capstone/Wipro_Playwright_Capstone/tests/cart-management.spec.js:337:31

    attachment #1: screenshot (image/png) ──────────────────────────────────────────────────────────
    test-results/cart-management-Module-6-—-8e18e-tton-is-present-and-enabled-webkit-retry2/test-failed-1.png
    ────────────────────────────────────────────────────────────────────────────────────────────────

    Error Context: test-results/cart-management-Module-6-—-8e18e-tton-is-present-and-enabled-webkit-retry2/error-context.md

  7) [webkit] › tests/checkout-flow.spec.js:7:7 › Module 7 — Checkout Flow › TC_CF_001 — Proceed to Checkout navigates logged-in user to checkout 

    TimeoutError: locator.click: Timeout 15000ms exceeded.
    Call log:
      - waiting for locator('[data-testid="product-card"], .product-card, .plp-product-card__container').first()


       at helpers/ikea-helpers.js:86

      84 |   // Click on the first product card
      85 |   const productCard = page.locator('[data-testid="product-card"], .product-card, .plp-product-card__container').first();
    > 86 |   await productCard.click();
         |                     ^
      87 |   await page.waitForLoadState('domcontentloaded'); await page.waitForTimeout(3000);
      88 |
      89 |   // Click Add to Bag
        at addProductToCart (/home/runner/work/Wipro_Playwright_Capstone/Wipro_Playwright_Capstone/tests/helpers/ikea-helpers.js:86:21)
        at goToCheckout (/home/runner/work/Wipro_Playwright_Capstone/Wipro_Playwright_Capstone/tests/helpers/modules/checkout-flow.helper.js:16:3)
        at /home/runner/work/Wipro_Playwright_Capstone/Wipro_Playwright_Capstone/tests/checkout-flow.spec.js:8:5

    attachment #1: screenshot (image/png) ──────────────────────────────────────────────────────────
    test-results/checkout-flow-Module-7-—-C-0199a--logged-in-user-to-checkout-webkit/test-failed-1.png
    ────────────────────────────────────────────────────────────────────────────────────────────────

    Error Context: test-results/checkout-flow-Module-7-—-C-0199a--logged-in-user-to-checkout-webkit/error-context.md

    Retry #1 ───────────────────────────────────────────────────────────────────────────────────────

    TimeoutError: locator.click: Timeout 15000ms exceeded.
    Call log:
      - waiting for locator('[data-testid="product-card"], .product-card, .plp-product-card__container').first()


       at helpers/ikea-helpers.js:86

      84 |   // Click on the first product card
      85 |   const productCard = page.locator('[data-testid="product-card"], .product-card, .plp-product-card__container').first();
    > 86 |   await productCard.click();
         |                     ^
      87 |   await page.waitForLoadState('domcontentloaded'); await page.waitForTimeout(3000);
      88 |
      89 |   // Click Add to Bag
        at addProductToCart (/home/runner/work/Wipro_Playwright_Capstone/Wipro_Playwright_Capstone/tests/helpers/ikea-helpers.js:86:21)
        at goToCheckout (/home/runner/work/Wipro_Playwright_Capstone/Wipro_Playwright_Capstone/tests/helpers/modules/checkout-flow.helper.js:16:3)
        at /home/runner/work/Wipro_Playwright_Capstone/Wipro_Playwright_Capstone/tests/checkout-flow.spec.js:8:5

    attachment #1: screenshot (image/png) ──────────────────────────────────────────────────────────
    test-results/checkout-flow-Module-7-—-C-0199a--logged-in-user-to-checkout-webkit-retry1/test-failed-1.png
    ────────────────────────────────────────────────────────────────────────────────────────────────

    Error Context: test-results/checkout-flow-Module-7-—-C-0199a--logged-in-user-to-checkout-webkit-retry1/error-context.md

    attachment #3: trace (application/zip) ─────────────────────────────────────────────────────────
    test-results/checkout-flow-Module-7-—-C-0199a--logged-in-user-to-checkout-webkit-retry1/trace.zip
    Usage:

        npx playwright show-trace test-results/checkout-flow-Module-7-—-C-0199a--logged-in-user-to-checkout-webkit-retry1/trace.zip

    ────────────────────────────────────────────────────────────────────────────────────────────────

    Retry #2 ───────────────────────────────────────────────────────────────────────────────────────

    TimeoutError: locator.click: Timeout 15000ms exceeded.
    Call log:
      - waiting for locator('[data-testid="product-card"], .product-card, .plp-product-card__container').first()


       at helpers/ikea-helpers.js:86

      84 |   // Click on the first product card
      85 |   const productCard = page.locator('[data-testid="product-card"], .product-card, .plp-product-card__container').first();
    > 86 |   await productCard.click();
         |                     ^
      87 |   await page.waitForLoadState('domcontentloaded'); await page.waitForTimeout(3000);
      88 |
      89 |   // Click Add to Bag
        at addProductToCart (/home/runner/work/Wipro_Playwright_Capstone/Wipro_Playwright_Capstone/tests/helpers/ikea-helpers.js:86:21)
        at goToCheckout (/home/runner/work/Wipro_Playwright_Capstone/Wipro_Playwright_Capstone/tests/helpers/modules/checkout-flow.helper.js:16:3)
        at /home/runner/work/Wipro_Playwright_Capstone/Wipro_Playwright_Capstone/tests/checkout-flow.spec.js:8:5

    attachment #1: screenshot (image/png) ──────────────────────────────────────────────────────────
    test-results/checkout-flow-Module-7-—-C-0199a--logged-in-user-to-checkout-webkit-retry2/test-failed-1.png
    ────────────────────────────────────────────────────────────────────────────────────────────────

    Error Context: test-results/checkout-flow-Module-7-—-C-0199a--logged-in-user-to-checkout-webkit-retry2/error-context.md

  8) [webkit] › tests/checkout-flow.spec.js:14:7 › Module 7 — Checkout Flow › TC_CF_002 — Guest clicking checkout is prompted to login 

    TimeoutError: locator.click: Timeout 15000ms exceeded.
    Call log:
      - waiting for locator('[data-testid="product-card"], .product-card, .plp-product-card__container').first()


       at helpers/ikea-helpers.js:86

      84 |   // Click on the first product card
      85 |   const productCard = page.locator('[data-testid="product-card"], .product-card, .plp-product-card__container').first();
    > 86 |   await productCard.click();
         |                     ^
      87 |   await page.waitForLoadState('domcontentloaded'); await page.waitForTimeout(3000);
      88 |
      89 |   // Click Add to Bag
        at addProductToCart (/home/runner/work/Wipro_Playwright_Capstone/Wipro_Playwright_Capstone/tests/helpers/ikea-helpers.js:86:21)
        at /home/runner/work/Wipro_Playwright_Capstone/Wipro_Playwright_Capstone/tests/checkout-flow.spec.js:17:5

    attachment #1: screenshot (image/png) ──────────────────────────────────────────────────────────
    test-results/checkout-flow-Module-7-—-C-535ab-eckout-is-prompted-to-login-webkit/test-failed-1.png
    ────────────────────────────────────────────────────────────────────────────────────────────────

    Error Context: test-results/checkout-flow-Module-7-—-C-535ab-eckout-is-prompted-to-login-webkit/error-context.md

    Retry #1 ───────────────────────────────────────────────────────────────────────────────────────

    TimeoutError: locator.click: Timeout 15000ms exceeded.
    Call log:
      - waiting for locator('[data-testid="product-card"], .product-card, .plp-product-card__container').first()


       at helpers/ikea-helpers.js:86

      84 |   // Click on the first product card
      85 |   const productCard = page.locator('[data-testid="product-card"], .product-card, .plp-product-card__container').first();
    > 86 |   await productCard.click();
         |                     ^
      87 |   await page.waitForLoadState('domcontentloaded'); await page.waitForTimeout(3000);
      88 |
      89 |   // Click Add to Bag
        at addProductToCart (/home/runner/work/Wipro_Playwright_Capstone/Wipro_Playwright_Capstone/tests/helpers/ikea-helpers.js:86:21)
        at /home/runner/work/Wipro_Playwright_Capstone/Wipro_Playwright_Capstone/tests/checkout-flow.spec.js:17:5

    attachment #1: screenshot (image/png) ──────────────────────────────────────────────────────────
    test-results/checkout-flow-Module-7-—-C-535ab-eckout-is-prompted-to-login-webkit-retry1/test-failed-1.png
    ────────────────────────────────────────────────────────────────────────────────────────────────

    Error Context: test-results/checkout-flow-Module-7-—-C-535ab-eckout-is-prompted-to-login-webkit-retry1/error-context.md

    attachment #3: trace (application/zip) ─────────────────────────────────────────────────────────
    test-results/checkout-flow-Module-7-—-C-535ab-eckout-is-prompted-to-login-webkit-retry1/trace.zip
    Usage:

        npx playwright show-trace test-results/checkout-flow-Module-7-—-C-535ab-eckout-is-prompted-to-login-webkit-retry1/trace.zip

    ────────────────────────────────────────────────────────────────────────────────────────────────

    Retry #2 ───────────────────────────────────────────────────────────────────────────────────────

    TimeoutError: locator.click: Timeout 15000ms exceeded.
    Call log:
      - waiting for locator('[data-testid="product-card"], .product-card, .plp-product-card__container').first()


       at helpers/ikea-helpers.js:86

      84 |   // Click on the first product card
      85 |   const productCard = page.locator('[data-testid="product-card"], .product-card, .plp-product-card__container').first();
    > 86 |   await productCard.click();
         |                     ^
      87 |   await page.waitForLoadState('domcontentloaded'); await page.waitForTimeout(3000);
      88 |
      89 |   // Click Add to Bag
        at addProductToCart (/home/runner/work/Wipro_Playwright_Capstone/Wipro_Playwright_Capstone/tests/helpers/ikea-helpers.js:86:21)
        at /home/runner/work/Wipro_Playwright_Capstone/Wipro_Playwright_Capstone/tests/checkout-flow.spec.js:17:5

    attachment #1: screenshot (image/png) ──────────────────────────────────────────────────────────
    test-results/checkout-flow-Module-7-—-C-535ab-eckout-is-prompted-to-login-webkit-retry2/test-failed-1.png
    ────────────────────────────────────────────────────────────────────────────────────────────────

    Error Context: test-results/checkout-flow-Module-7-—-C-535ab-eckout-is-prompted-to-login-webkit-retry2/error-context.md

  9) [webkit] › tests/checkout-flow.spec.js:27:7 › Module 7 — Checkout Flow › TC_CF_003 — Checkout displays cart items with correct quantities and prices 

    TimeoutError: locator.click: Timeout 15000ms exceeded.
    Call log:
      - waiting for locator('[data-testid="product-card"], .product-card, .plp-product-card__container').first()


       at helpers/ikea-helpers.js:86

      84 |   // Click on the first product card
      85 |   const productCard = page.locator('[data-testid="product-card"], .product-card, .plp-product-card__container').first();
    > 86 |   await productCard.click();
         |                     ^
      87 |   await page.waitForLoadState('domcontentloaded'); await page.waitForTimeout(3000);
      88 |
      89 |   // Click Add to Bag
        at addProductToCart (/home/runner/work/Wipro_Playwright_Capstone/Wipro_Playwright_Capstone/tests/helpers/ikea-helpers.js:86:21)
        at goToCheckout (/home/runner/work/Wipro_Playwright_Capstone/Wipro_Playwright_Capstone/tests/helpers/modules/checkout-flow.helper.js:16:3)
        at /home/runner/work/Wipro_Playwright_Capstone/Wipro_Playwright_Capstone/tests/checkout-flow.spec.js:28:5

    attachment #1: screenshot (image/png) ──────────────────────────────────────────────────────────
    test-results/checkout-flow-Module-7-—-C-4f8d3-rrect-quantities-and-prices-webkit/test-failed-1.png
    ────────────────────────────────────────────────────────────────────────────────────────────────

    Error Context: test-results/checkout-flow-Module-7-—-C-4f8d3-rrect-quantities-and-prices-webkit/error-context.md

    Retry #1 ───────────────────────────────────────────────────────────────────────────────────────

    TimeoutError: locator.click: Timeout 15000ms exceeded.
    Call log:
      - waiting for locator('[data-testid="product-card"], .product-card, .plp-product-card__container').first()


       at helpers/ikea-helpers.js:86

      84 |   // Click on the first product card
      85 |   const productCard = page.locator('[data-testid="product-card"], .product-card, .plp-product-card__container').first();
    > 86 |   await productCard.click();
         |                     ^
      87 |   await page.waitForLoadState('domcontentloaded'); await page.waitForTimeout(3000);
      88 |
      89 |   // Click Add to Bag
        at addProductToCart (/home/runner/work/Wipro_Playwright_Capstone/Wipro_Playwright_Capstone/tests/helpers/ikea-helpers.js:86:21)
        at goToCheckout (/home/runner/work/Wipro_Playwright_Capstone/Wipro_Playwright_Capstone/tests/helpers/modules/checkout-flow.helper.js:16:3)
        at /home/runner/work/Wipro_Playwright_Capstone/Wipro_Playwright_Capstone/tests/checkout-flow.spec.js:28:5

    attachment #1: screenshot (image/png) ──────────────────────────────────────────────────────────
    test-results/checkout-flow-Module-7-—-C-4f8d3-rrect-quantities-and-prices-webkit-retry1/test-failed-1.png
    ────────────────────────────────────────────────────────────────────────────────────────────────

    Error Context: test-results/checkout-flow-Module-7-—-C-4f8d3-rrect-quantities-and-prices-webkit-retry1/error-context.md

    attachment #3: trace (application/zip) ─────────────────────────────────────────────────────────
    test-results/checkout-flow-Module-7-—-C-4f8d3-rrect-quantities-and-prices-webkit-retry1/trace.zip
    Usage:

        npx playwright show-trace test-results/checkout-flow-Module-7-—-C-4f8d3-rrect-quantities-and-prices-webkit-retry1/trace.zip

    ────────────────────────────────────────────────────────────────────────────────────────────────

    Retry #2 ───────────────────────────────────────────────────────────────────────────────────────

    TimeoutError: locator.click: Timeout 15000ms exceeded.
    Call log:
      - waiting for locator('[data-testid="product-card"], .product-card, .plp-product-card__container').first()


       at helpers/ikea-helpers.js:86

      84 |   // Click on the first product card
      85 |   const productCard = page.locator('[data-testid="product-card"], .product-card, .plp-product-card__container').first();
    > 86 |   await productCard.click();
         |                     ^
      87 |   await page.waitForLoadState('domcontentloaded'); await page.waitForTimeout(3000);
      88 |
      89 |   // Click Add to Bag
        at addProductToCart (/home/runner/work/Wipro_Playwright_Capstone/Wipro_Playwright_Capstone/tests/helpers/ikea-helpers.js:86:21)
        at goToCheckout (/home/runner/work/Wipro_Playwright_Capstone/Wipro_Playwright_Capstone/tests/helpers/modules/checkout-flow.helper.js:16:3)
        at /home/runner/work/Wipro_Playwright_Capstone/Wipro_Playwright_Capstone/tests/checkout-flow.spec.js:28:5

    attachment #1: screenshot (image/png) ──────────────────────────────────────────────────────────
    test-results/checkout-flow-Module-7-—-C-4f8d3-rrect-quantities-and-prices-webkit-retry2/test-failed-1.png
    ────────────────────────────────────────────────────────────────────────────────────────────────

    Error Context: test-results/checkout-flow-Module-7-—-C-4f8d3-rrect-quantities-and-prices-webkit-retry2/error-context.md

  10) [webkit] › tests/checkout-flow.spec.js:38:7 › Module 7 — Checkout Flow › TC_CF_004 — Order total matches cart subtotal 

    TimeoutError: locator.click: Timeout 15000ms exceeded.
    Call log:
      - waiting for locator('[data-testid="product-card"], .product-card, .plp-product-card__container').first()


       at helpers/ikea-helpers.js:86

      84 |   // Click on the first product card
      85 |   const productCard = page.locator('[data-testid="product-card"], .product-card, .plp-product-card__container').first();
    > 86 |   await productCard.click();
         |                     ^
      87 |   await page.waitForLoadState('domcontentloaded'); await page.waitForTimeout(3000);
      88 |
      89 |   // Click Add to Bag
        at addProductToCart (/home/runner/work/Wipro_Playwright_Capstone/Wipro_Playwright_Capstone/tests/helpers/ikea-helpers.js:86:21)
        at /home/runner/work/Wipro_Playwright_Capstone/Wipro_Playwright_Capstone/tests/checkout-flow.spec.js:40:5

    attachment #1: screenshot (image/png) ──────────────────────────────────────────────────────────
    test-results/checkout-flow-Module-7-—-C-da4f9-total-matches-cart-subtotal-webkit/test-failed-1.png
    ────────────────────────────────────────────────────────────────────────────────────────────────

    Error Context: test-results/checkout-flow-Module-7-—-C-da4f9-total-matches-cart-subtotal-webkit/error-context.md

    Retry #1 ───────────────────────────────────────────────────────────────────────────────────────

    TimeoutError: locator.click: Timeout 15000ms exceeded.
    Call log:
      - waiting for locator('[data-testid="product-card"], .product-card, .plp-product-card__container').first()


       at helpers/ikea-helpers.js:86

      84 |   // Click on the first product card
      85 |   const productCard = page.locator('[data-testid="product-card"], .product-card, .plp-product-card__container').first();
    > 86 |   await productCard.click();
         |                     ^
      87 |   await page.waitForLoadState('domcontentloaded'); await page.waitForTimeout(3000);
      88 |
      89 |   // Click Add to Bag
        at addProductToCart (/home/runner/work/Wipro_Playwright_Capstone/Wipro_Playwright_Capstone/tests/helpers/ikea-helpers.js:86:21)
        at /home/runner/work/Wipro_Playwright_Capstone/Wipro_Playwright_Capstone/tests/checkout-flow.spec.js:40:5

    attachment #1: screenshot (image/png) ──────────────────────────────────────────────────────────
    test-results/checkout-flow-Module-7-—-C-da4f9-total-matches-cart-subtotal-webkit-retry1/test-failed-1.png
    ────────────────────────────────────────────────────────────────────────────────────────────────

    Error Context: test-results/checkout-flow-Module-7-—-C-da4f9-total-matches-cart-subtotal-webkit-retry1/error-context.md

    attachment #3: trace (application/zip) ─────────────────────────────────────────────────────────
    test-results/checkout-flow-Module-7-—-C-da4f9-total-matches-cart-subtotal-webkit-retry1/trace.zip
    Usage:

        npx playwright show-trace test-results/checkout-flow-Module-7-—-C-da4f9-total-matches-cart-subtotal-webkit-retry1/trace.zip

    ────────────────────────────────────────────────────────────────────────────────────────────────

    Retry #2 ───────────────────────────────────────────────────────────────────────────────────────

    TimeoutError: locator.click: Timeout 15000ms exceeded.
    Call log:
      - waiting for locator('[data-testid="product-card"], .product-card, .plp-product-card__container').first()


       at helpers/ikea-helpers.js:86

      84 |   // Click on the first product card
      85 |   const productCard = page.locator('[data-testid="product-card"], .product-card, .plp-product-card__container').first();
    > 86 |   await productCard.click();
         |                     ^
      87 |   await page.waitForLoadState('domcontentloaded'); await page.waitForTimeout(3000);
      88 |
      89 |   // Click Add to Bag
        at addProductToCart (/home/runner/work/Wipro_Playwright_Capstone/Wipro_Playwright_Capstone/tests/helpers/ikea-helpers.js:86:21)
        at /home/runner/work/Wipro_Playwright_Capstone/Wipro_Playwright_Capstone/tests/checkout-flow.spec.js:40:5

    attachment #1: screenshot (image/png) ──────────────────────────────────────────────────────────
    test-results/checkout-flow-Module-7-—-C-da4f9-total-matches-cart-subtotal-webkit-retry2/test-failed-1.png
    ────────────────────────────────────────────────────────────────────────────────────────────────

    Error Context: test-results/checkout-flow-Module-7-—-C-da4f9-total-matches-cart-subtotal-webkit-retry2/error-context.md

  11) [webkit] › tests/checkout-flow.spec.js:57:7 › Module 7 — Checkout Flow › TC_CF_005 — Saved address auto-populates delivery form 

    TimeoutError: locator.click: Timeout 15000ms exceeded.
    Call log:
      - waiting for locator('[data-testid="product-card"], .product-card, .plp-product-card__container').first()


       at helpers/ikea-helpers.js:86

      84 |   // Click on the first product card
      85 |   const productCard = page.locator('[data-testid="product-card"], .product-card, .plp-product-card__container').first();
    > 86 |   await productCard.click();
         |                     ^
      87 |   await page.waitForLoadState('domcontentloaded'); await page.waitForTimeout(3000);
      88 |
      89 |   // Click Add to Bag
        at addProductToCart (/home/runner/work/Wipro_Playwright_Capstone/Wipro_Playwright_Capstone/tests/helpers/ikea-helpers.js:86:21)
        at goToCheckout (/home/runner/work/Wipro_Playwright_Capstone/Wipro_Playwright_Capstone/tests/helpers/modules/checkout-flow.helper.js:16:3)
        at /home/runner/work/Wipro_Playwright_Capstone/Wipro_Playwright_Capstone/tests/checkout-flow.spec.js:58:5

    attachment #1: screenshot (image/png) ──────────────────────────────────────────────────────────
    test-results/checkout-flow-Module-7-—-C-08b63-uto-populates-delivery-form-webkit/test-failed-1.png
    ────────────────────────────────────────────────────────────────────────────────────────────────

    Error Context: test-results/checkout-flow-Module-7-—-C-08b63-uto-populates-delivery-form-webkit/error-context.md

    Retry #1 ───────────────────────────────────────────────────────────────────────────────────────

    TimeoutError: locator.click: Timeout 15000ms exceeded.
    Call log:
      - waiting for locator('[data-testid="product-card"], .product-card, .plp-product-card__container').first()


       at helpers/ikea-helpers.js:86

      84 |   // Click on the first product card
      85 |   const productCard = page.locator('[data-testid="product-card"], .product-card, .plp-product-card__container').first();
    > 86 |   await productCard.click();
         |                     ^
      87 |   await page.waitForLoadState('domcontentloaded'); await page.waitForTimeout(3000);
      88 |
      89 |   // Click Add to Bag
        at addProductToCart (/home/runner/work/Wipro_Playwright_Capstone/Wipro_Playwright_Capstone/tests/helpers/ikea-helpers.js:86:21)
        at goToCheckout (/home/runner/work/Wipro_Playwright_Capstone/Wipro_Playwright_Capstone/tests/helpers/modules/checkout-flow.helper.js:16:3)
        at /home/runner/work/Wipro_Playwright_Capstone/Wipro_Playwright_Capstone/tests/checkout-flow.spec.js:58:5

    attachment #1: screenshot (image/png) ──────────────────────────────────────────────────────────
    test-results/checkout-flow-Module-7-—-C-08b63-uto-populates-delivery-form-webkit-retry1/test-failed-1.png
    ────────────────────────────────────────────────────────────────────────────────────────────────

    Error Context: test-results/checkout-flow-Module-7-—-C-08b63-uto-populates-delivery-form-webkit-retry1/error-context.md

    attachment #3: trace (application/zip) ─────────────────────────────────────────────────────────
    test-results/checkout-flow-Module-7-—-C-08b63-uto-populates-delivery-form-webkit-retry1/trace.zip
    Usage:

        npx playwright show-trace test-results/checkout-flow-Module-7-—-C-08b63-uto-populates-delivery-form-webkit-retry1/trace.zip

    ────────────────────────────────────────────────────────────────────────────────────────────────

    Retry #2 ───────────────────────────────────────────────────────────────────────────────────────

    TimeoutError: locator.click: Timeout 15000ms exceeded.
    Call log:
      - waiting for locator('[data-testid="product-card"], .product-card, .plp-product-card__container').first()


       at helpers/ikea-helpers.js:86

      84 |   // Click on the first product card
      85 |   const productCard = page.locator('[data-testid="product-card"], .product-card, .plp-product-card__container').first();
    > 86 |   await productCard.click();
         |                     ^
      87 |   await page.waitForLoadState('domcontentloaded'); await page.waitForTimeout(3000);
      88 |
      89 |   // Click Add to Bag
        at addProductToCart (/home/runner/work/Wipro_Playwright_Capstone/Wipro_Playwright_Capstone/tests/helpers/ikea-helpers.js:86:21)
        at goToCheckout (/home/runner/work/Wipro_Playwright_Capstone/Wipro_Playwright_Capstone/tests/helpers/modules/checkout-flow.helper.js:16:3)
        at /home/runner/work/Wipro_Playwright_Capstone/Wipro_Playwright_Capstone/tests/checkout-flow.spec.js:58:5

    attachment #1: screenshot (image/png) ──────────────────────────────────────────────────────────
    test-results/checkout-flow-Module-7-—-C-08b63-uto-populates-delivery-form-webkit-retry2/test-failed-1.png
    ────────────────────────────────────────────────────────────────────────────────────────────────

    Error Context: test-results/checkout-flow-Module-7-—-C-08b63-uto-populates-delivery-form-webkit-retry2/error-context.md

  12) [webkit] › tests/checkout-flow.spec.js:73:7 › Module 7 — Checkout Flow › TC_CF_006 — Address form validates all required fields 

    TimeoutError: locator.click: Timeout 15000ms exceeded.
    Call log:
      - waiting for locator('[data-testid="product-card"], .product-card, .plp-product-card__container').first()


       at helpers/ikea-helpers.js:86

      84 |   // Click on the first product card
      85 |   const productCard = page.locator('[data-testid="product-card"], .product-card, .plp-product-card__container').first();
    > 86 |   await productCard.click();
         |                     ^
      87 |   await page.waitForLoadState('domcontentloaded'); await page.waitForTimeout(3000);
      88 |
      89 |   // Click Add to Bag
        at addProductToCart (/home/runner/work/Wipro_Playwright_Capstone/Wipro_Playwright_Capstone/tests/helpers/ikea-helpers.js:86:21)
        at goToCheckout (/home/runner/work/Wipro_Playwright_Capstone/Wipro_Playwright_Capstone/tests/helpers/modules/checkout-flow.helper.js:16:3)
        at /home/runner/work/Wipro_Playwright_Capstone/Wipro_Playwright_Capstone/tests/checkout-flow.spec.js:74:5

    attachment #1: screenshot (image/png) ──────────────────────────────────────────────────────────
    test-results/checkout-flow-Module-7-—-C-c51dc-lidates-all-required-fields-webkit/test-failed-1.png
    ────────────────────────────────────────────────────────────────────────────────────────────────

    Error Context: test-results/checkout-flow-Module-7-—-C-c51dc-lidates-all-required-fields-webkit/error-context.md

    Retry #1 ───────────────────────────────────────────────────────────────────────────────────────

    TimeoutError: locator.click: Timeout 15000ms exceeded.
    Call log:
      - waiting for locator('[data-testid="product-card"], .product-card, .plp-product-card__container').first()


       at helpers/ikea-helpers.js:86

      84 |   // Click on the first product card
      85 |   const productCard = page.locator('[data-testid="product-card"], .product-card, .plp-product-card__container').first();
    > 86 |   await productCard.click();
         |                     ^
      87 |   await page.waitForLoadState('domcontentloaded'); await page.waitForTimeout(3000);
      88 |
      89 |   // Click Add to Bag
        at addProductToCart (/home/runner/work/Wipro_Playwright_Capstone/Wipro_Playwright_Capstone/tests/helpers/ikea-helpers.js:86:21)
        at goToCheckout (/home/runner/work/Wipro_Playwright_Capstone/Wipro_Playwright_Capstone/tests/helpers/modules/checkout-flow.helper.js:16:3)
        at /home/runner/work/Wipro_Playwright_Capstone/Wipro_Playwright_Capstone/tests/checkout-flow.spec.js:74:5

    attachment #1: screenshot (image/png) ──────────────────────────────────────────────────────────
    test-results/checkout-flow-Module-7-—-C-c51dc-lidates-all-required-fields-webkit-retry1/test-failed-1.png
    ────────────────────────────────────────────────────────────────────────────────────────────────

    Error Context: test-results/checkout-flow-Module-7-—-C-c51dc-lidates-all-required-fields-webkit-retry1/error-context.md

    attachment #3: trace (application/zip) ─────────────────────────────────────────────────────────
    test-results/checkout-flow-Module-7-—-C-c51dc-lidates-all-required-fields-webkit-retry1/trace.zip
    Usage:

        npx playwright show-trace test-results/checkout-flow-Module-7-—-C-c51dc-lidates-all-required-fields-webkit-retry1/trace.zip

    ────────────────────────────────────────────────────────────────────────────────────────────────

    Retry #2 ───────────────────────────────────────────────────────────────────────────────────────

    TimeoutError: locator.click: Timeout 15000ms exceeded.
    Call log:
      - waiting for locator('[data-testid="product-card"], .product-card, .plp-product-card__container').first()


       at helpers/ikea-helpers.js:86

      84 |   // Click on the first product card
      85 |   const productCard = page.locator('[data-testid="product-card"], .product-card, .plp-product-card__container').first();
    > 86 |   await productCard.click();
         |                     ^
      87 |   await page.waitForLoadState('domcontentloaded'); await page.waitForTimeout(3000);
      88 |
      89 |   // Click Add to Bag
        at addProductToCart (/home/runner/work/Wipro_Playwright_Capstone/Wipro_Playwright_Capstone/tests/helpers/ikea-helpers.js:86:21)
        at goToCheckout (/home/runner/work/Wipro_Playwright_Capstone/Wipro_Playwright_Capstone/tests/helpers/modules/checkout-flow.helper.js:16:3)
        at /home/runner/work/Wipro_Playwright_Capstone/Wipro_Playwright_Capstone/tests/checkout-flow.spec.js:74:5

    attachment #1: screenshot (image/png) ──────────────────────────────────────────────────────────
    test-results/checkout-flow-Module-7-—-C-c51dc-lidates-all-required-fields-webkit-retry2/test-failed-1.png
    ────────────────────────────────────────────────────────────────────────────────────────────────

    Error Context: test-results/checkout-flow-Module-7-—-C-c51dc-lidates-all-required-fields-webkit-retry2/error-context.md

  13) [webkit] › tests/checkout-flow.spec.js:91:7 › Module 7 — Checkout Flow › TC_CF_007 — PIN code validates 6-digit format 

    TimeoutError: locator.click: Timeout 15000ms exceeded.
    Call log:
      - waiting for locator('[data-testid="product-card"], .product-card, .plp-product-card__container').first()


       at helpers/ikea-helpers.js:86

      84 |   // Click on the first product card
      85 |   const productCard = page.locator('[data-testid="product-card"], .product-card, .plp-product-card__container').first();
    > 86 |   await productCard.click();
         |                     ^
      87 |   await page.waitForLoadState('domcontentloaded'); await page.waitForTimeout(3000);
      88 |
      89 |   // Click Add to Bag
        at addProductToCart (/home/runner/work/Wipro_Playwright_Capstone/Wipro_Playwright_Capstone/tests/helpers/ikea-helpers.js:86:21)
        at goToCheckout (/home/runner/work/Wipro_Playwright_Capstone/Wipro_Playwright_Capstone/tests/helpers/modules/checkout-flow.helper.js:16:3)
        at /home/runner/work/Wipro_Playwright_Capstone/Wipro_Playwright_Capstone/tests/checkout-flow.spec.js:92:5

    attachment #1: screenshot (image/png) ──────────────────────────────────────────────────────────
    test-results/checkout-flow-Module-7-—-C-4effb-de-validates-6-digit-format-webkit/test-failed-1.png
    ────────────────────────────────────────────────────────────────────────────────────────────────

    Error Context: test-results/checkout-flow-Module-7-—-C-4effb-de-validates-6-digit-format-webkit/error-context.md

    Retry #1 ───────────────────────────────────────────────────────────────────────────────────────

    TimeoutError: locator.click: Timeout 15000ms exceeded.
    Call log:
      - waiting for locator('[data-testid="product-card"], .product-card, .plp-product-card__container').first()


       at helpers/ikea-helpers.js:86

      84 |   // Click on the first product card
      85 |   const productCard = page.locator('[data-testid="product-card"], .product-card, .plp-product-card__container').first();
    > 86 |   await productCard.click();
         |                     ^
      87 |   await page.waitForLoadState('domcontentloaded'); await page.waitForTimeout(3000);
      88 |
      89 |   // Click Add to Bag
        at addProductToCart (/home/runner/work/Wipro_Playwright_Capstone/Wipro_Playwright_Capstone/tests/helpers/ikea-helpers.js:86:21)
        at goToCheckout (/home/runner/work/Wipro_Playwright_Capstone/Wipro_Playwright_Capstone/tests/helpers/modules/checkout-flow.helper.js:16:3)
        at /home/runner/work/Wipro_Playwright_Capstone/Wipro_Playwright_Capstone/tests/checkout-flow.spec.js:92:5

    attachment #1: screenshot (image/png) ──────────────────────────────────────────────────────────
    test-results/checkout-flow-Module-7-—-C-4effb-de-validates-6-digit-format-webkit-retry1/test-failed-1.png
    ────────────────────────────────────────────────────────────────────────────────────────────────

    Error Context: test-results/checkout-flow-Module-7-—-C-4effb-de-validates-6-digit-format-webkit-retry1/error-context.md

    attachment #3: trace (application/zip) ─────────────────────────────────────────────────────────
    test-results/checkout-flow-Module-7-—-C-4effb-de-validates-6-digit-format-webkit-retry1/trace.zip
    Usage:

        npx playwright show-trace test-results/checkout-flow-Module-7-—-C-4effb-de-validates-6-digit-format-webkit-retry1/trace.zip

    ────────────────────────────────────────────────────────────────────────────────────────────────

    Retry #2 ───────────────────────────────────────────────────────────────────────────────────────

    TimeoutError: locator.click: Timeout 15000ms exceeded.
    Call log:
      - waiting for locator('[data-testid="product-card"], .product-card, .plp-product-card__container').first()


       at helpers/ikea-helpers.js:86

      84 |   // Click on the first product card
      85 |   const productCard = page.locator('[data-testid="product-card"], .product-card, .plp-product-card__container').first();
    > 86 |   await productCard.click();
         |                     ^
      87 |   await page.waitForLoadState('domcontentloaded'); await page.waitForTimeout(3000);
      88 |
      89 |   // Click Add to Bag
        at addProductToCart (/home/runner/work/Wipro_Playwright_Capstone/Wipro_Playwright_Capstone/tests/helpers/ikea-helpers.js:86:21)
        at goToCheckout (/home/runner/work/Wipro_Playwright_Capstone/Wipro_Playwright_Capstone/tests/helpers/modules/checkout-flow.helper.js:16:3)
        at /home/runner/work/Wipro_Playwright_Capstone/Wipro_Playwright_Capstone/tests/checkout-flow.spec.js:92:5

    attachment #1: screenshot (image/png) ──────────────────────────────────────────────────────────
    test-results/checkout-flow-Module-7-—-C-4effb-de-validates-6-digit-format-webkit-retry2/test-failed-1.png
    ────────────────────────────────────────────────────────────────────────────────────────────────

    Error Context: test-results/checkout-flow-Module-7-—-C-4effb-de-validates-6-digit-format-webkit-retry2/error-context.md

  13 failed
    [webkit] › tests/cart-management.spec.js:26:7 › Module 6 — Cart Management › TC_CM_002 — Adding same product twice merges into qty 2 
    [webkit] › tests/cart-management.spec.js:45:7 › Module 6 — Cart Management › TC_CM_003 — Cart displays correct name, unit price, quantity, line total 
    [webkit] › tests/cart-management.spec.js:64:7 › Module 6 — Cart Management › TC_CM_004 — Updating quantity recalculates line total 
    [webkit] › tests/cart-management.spec.js:213:7 › Module 6 — Cart Management › TC_CM_011 — Price column is read-only 
    [webkit] › tests/cart-management.spec.js:239:7 › Module 6 — Cart Management › TC_CM_013 — Badge count accurate after multiple add/remove ops 
    [webkit] › tests/cart-management.spec.js:329:7 › Module 6 — Cart Management › TC_CM_016 — Proceed to Checkout button is present and enabled 
    [webkit] › tests/checkout-flow.spec.js:7:7 › Module 7 — Checkout Flow › TC_CF_001 — Proceed to Checkout navigates logged-in user to checkout 
    [webkit] › tests/checkout-flow.spec.js:14:7 › Module 7 — Checkout Flow › TC_CF_002 — Guest clicking checkout is prompted to login 
    [webkit] › tests/checkout-flow.spec.js:27:7 › Module 7 — Checkout Flow › TC_CF_003 — Checkout displays cart items with correct quantities and prices 
    [webkit] › tests/checkout-flow.spec.js:38:7 › Module 7 — Checkout Flow › TC_CF_004 — Order total matches cart subtotal 
    [webkit] › tests/checkout-flow.spec.js:57:7 › Module 7 — Checkout Flow › TC_CF_005 — Saved address auto-populates delivery form 
    [webkit] › tests/checkout-flow.spec.js:73:7 › Module 7 — Checkout Flow › TC_CF_006 — Address form validates all required fields 
    [webkit] › tests/checkout-flow.spec.js:91:7 › Module 7 — Checkout Flow › TC_CF_007 — PIN code validates 6-digit format 
  1 skipped
  18 passed (31.4m)
Error: Process completed with exit code 1.
Run npm run test:ci -- --shard=9/10

> wipro_capstone@1.0.0 test:ci
> playwright test --shard=9/10


Running 32 tests using 2 workers, shard 9 of 10
××××FF××××FF××××FF××××FF××××FF×··×·F···········×·××F×··F··

  1) [webkit] › tests/checkout-flow.spec.js:120:7 › Module 7 — Checkout Flow › TC_CF_008 — Phone number validates Indian mobile format 

    TimeoutError: locator.click: Timeout 15000ms exceeded.
    Call log:
      - waiting for locator('[data-testid="product-card"], .product-card, .plp-product-card__container').first()


       at helpers/ikea-helpers.js:86

      84 |   // Click on the first product card
      85 |   const productCard = page.locator('[data-testid="product-card"], .product-card, .plp-product-card__container').first();
    > 86 |   await productCard.click();
         |                     ^
      87 |   await page.waitForLoadState('domcontentloaded'); await page.waitForTimeout(3000);
      88 |
      89 |   // Click Add to Bag
        at addProductToCart (/home/runner/work/Wipro_Playwright_Capstone/Wipro_Playwright_Capstone/tests/helpers/ikea-helpers.js:86:21)
        at goToCheckout (/home/runner/work/Wipro_Playwright_Capstone/Wipro_Playwright_Capstone/tests/helpers/modules/checkout-flow.helper.js:16:3)
        at /home/runner/work/Wipro_Playwright_Capstone/Wipro_Playwright_Capstone/tests/checkout-flow.spec.js:121:5

    attachment #1: screenshot (image/png) ──────────────────────────────────────────────────────────
    test-results/checkout-flow-Module-7-—-C-f8508-idates-Indian-mobile-format-webkit/test-failed-1.png
    ────────────────────────────────────────────────────────────────────────────────────────────────

    Error Context: test-results/checkout-flow-Module-7-—-C-f8508-idates-Indian-mobile-format-webkit/error-context.md

    Retry #1 ───────────────────────────────────────────────────────────────────────────────────────

    TimeoutError: locator.click: Timeout 15000ms exceeded.
    Call log:
      - waiting for locator('[data-testid="product-card"], .product-card, .plp-product-card__container').first()


       at helpers/ikea-helpers.js:86

      84 |   // Click on the first product card
      85 |   const productCard = page.locator('[data-testid="product-card"], .product-card, .plp-product-card__container').first();
    > 86 |   await productCard.click();
         |                     ^
      87 |   await page.waitForLoadState('domcontentloaded'); await page.waitForTimeout(3000);
      88 |
      89 |   // Click Add to Bag
        at addProductToCart (/home/runner/work/Wipro_Playwright_Capstone/Wipro_Playwright_Capstone/tests/helpers/ikea-helpers.js:86:21)
        at goToCheckout (/home/runner/work/Wipro_Playwright_Capstone/Wipro_Playwright_Capstone/tests/helpers/modules/checkout-flow.helper.js:16:3)
        at /home/runner/work/Wipro_Playwright_Capstone/Wipro_Playwright_Capstone/tests/checkout-flow.spec.js:121:5

    attachment #1: screenshot (image/png) ──────────────────────────────────────────────────────────
    test-results/checkout-flow-Module-7-—-C-f8508-idates-Indian-mobile-format-webkit-retry1/test-failed-1.png
    ────────────────────────────────────────────────────────────────────────────────────────────────

    Error Context: test-results/checkout-flow-Module-7-—-C-f8508-idates-Indian-mobile-format-webkit-retry1/error-context.md

    attachment #3: trace (application/zip) ─────────────────────────────────────────────────────────
    test-results/checkout-flow-Module-7-—-C-f8508-idates-Indian-mobile-format-webkit-retry1/trace.zip
    Usage:

        npx playwright show-trace test-results/checkout-flow-Module-7-—-C-f8508-idates-Indian-mobile-format-webkit-retry1/trace.zip

    ────────────────────────────────────────────────────────────────────────────────────────────────

    Retry #2 ───────────────────────────────────────────────────────────────────────────────────────

    TimeoutError: locator.click: Timeout 15000ms exceeded.
    Call log:
      - waiting for locator('[data-testid="product-card"], .product-card, .plp-product-card__container').first()


       at helpers/ikea-helpers.js:86

      84 |   // Click on the first product card
      85 |   const productCard = page.locator('[data-testid="product-card"], .product-card, .plp-product-card__container').first();
    > 86 |   await productCard.click();
         |                     ^
      87 |   await page.waitForLoadState('domcontentloaded'); await page.waitForTimeout(3000);
      88 |
      89 |   // Click Add to Bag
        at addProductToCart (/home/runner/work/Wipro_Playwright_Capstone/Wipro_Playwright_Capstone/tests/helpers/ikea-helpers.js:86:21)
        at goToCheckout (/home/runner/work/Wipro_Playwright_Capstone/Wipro_Playwright_Capstone/tests/helpers/modules/checkout-flow.helper.js:16:3)
        at /home/runner/work/Wipro_Playwright_Capstone/Wipro_Playwright_Capstone/tests/checkout-flow.spec.js:121:5

    attachment #1: screenshot (image/png) ──────────────────────────────────────────────────────────
    test-results/checkout-flow-Module-7-—-C-f8508-idates-Indian-mobile-format-webkit-retry2/test-failed-1.png
    ────────────────────────────────────────────────────────────────────────────────────────────────

    Error Context: test-results/checkout-flow-Module-7-—-C-f8508-idates-Indian-mobile-format-webkit-retry2/error-context.md

  2) [webkit] › tests/checkout-flow.spec.js:140:7 › Module 7 — Checkout Flow › TC_CF_009 — Adding new address during checkout preserves cart 

    TimeoutError: locator.click: Timeout 15000ms exceeded.
    Call log:
      - waiting for locator('[data-testid="product-card"], .product-card, .plp-product-card__container').first()


       at helpers/ikea-helpers.js:86

      84 |   // Click on the first product card
      85 |   const productCard = page.locator('[data-testid="product-card"], .product-card, .plp-product-card__container').first();
    > 86 |   await productCard.click();
         |                     ^
      87 |   await page.waitForLoadState('domcontentloaded'); await page.waitForTimeout(3000);
      88 |
      89 |   // Click Add to Bag
        at addProductToCart (/home/runner/work/Wipro_Playwright_Capstone/Wipro_Playwright_Capstone/tests/helpers/ikea-helpers.js:86:21)
        at goToCheckout (/home/runner/work/Wipro_Playwright_Capstone/Wipro_Playwright_Capstone/tests/helpers/modules/checkout-flow.helper.js:16:3)
        at /home/runner/work/Wipro_Playwright_Capstone/Wipro_Playwright_Capstone/tests/checkout-flow.spec.js:141:5

    attachment #1: screenshot (image/png) ──────────────────────────────────────────────────────────
    test-results/checkout-flow-Module-7-—-C-e07fe-ing-checkout-preserves-cart-webkit/test-failed-1.png
    ────────────────────────────────────────────────────────────────────────────────────────────────

    Error Context: test-results/checkout-flow-Module-7-—-C-e07fe-ing-checkout-preserves-cart-webkit/error-context.md

    Retry #1 ───────────────────────────────────────────────────────────────────────────────────────

    TimeoutError: locator.click: Timeout 15000ms exceeded.
    Call log:
      - waiting for locator('[data-testid="product-card"], .product-card, .plp-product-card__container').first()


       at helpers/ikea-helpers.js:86

      84 |   // Click on the first product card
      85 |   const productCard = page.locator('[data-testid="product-card"], .product-card, .plp-product-card__container').first();
    > 86 |   await productCard.click();
         |                     ^
      87 |   await page.waitForLoadState('domcontentloaded'); await page.waitForTimeout(3000);
      88 |
      89 |   // Click Add to Bag
        at addProductToCart (/home/runner/work/Wipro_Playwright_Capstone/Wipro_Playwright_Capstone/tests/helpers/ikea-helpers.js:86:21)
        at goToCheckout (/home/runner/work/Wipro_Playwright_Capstone/Wipro_Playwright_Capstone/tests/helpers/modules/checkout-flow.helper.js:16:3)
        at /home/runner/work/Wipro_Playwright_Capstone/Wipro_Playwright_Capstone/tests/checkout-flow.spec.js:141:5

    attachment #1: screenshot (image/png) ──────────────────────────────────────────────────────────
    test-results/checkout-flow-Module-7-—-C-e07fe-ing-checkout-preserves-cart-webkit-retry1/test-failed-1.png
    ────────────────────────────────────────────────────────────────────────────────────────────────

    Error Context: test-results/checkout-flow-Module-7-—-C-e07fe-ing-checkout-preserves-cart-webkit-retry1/error-context.md

    attachment #3: trace (application/zip) ─────────────────────────────────────────────────────────
    test-results/checkout-flow-Module-7-—-C-e07fe-ing-checkout-preserves-cart-webkit-retry1/trace.zip
    Usage:

        npx playwright show-trace test-results/checkout-flow-Module-7-—-C-e07fe-ing-checkout-preserves-cart-webkit-retry1/trace.zip

    ────────────────────────────────────────────────────────────────────────────────────────────────

    Retry #2 ───────────────────────────────────────────────────────────────────────────────────────

    TimeoutError: locator.click: Timeout 15000ms exceeded.
    Call log:
      - waiting for locator('[data-testid="product-card"], .product-card, .plp-product-card__container').first()


       at helpers/ikea-helpers.js:86

      84 |   // Click on the first product card
      85 |   const productCard = page.locator('[data-testid="product-card"], .product-card, .plp-product-card__container').first();
    > 86 |   await productCard.click();
         |                     ^
      87 |   await page.waitForLoadState('domcontentloaded'); await page.waitForTimeout(3000);
      88 |
      89 |   // Click Add to Bag
        at addProductToCart (/home/runner/work/Wipro_Playwright_Capstone/Wipro_Playwright_Capstone/tests/helpers/ikea-helpers.js:86:21)
        at goToCheckout (/home/runner/work/Wipro_Playwright_Capstone/Wipro_Playwright_Capstone/tests/helpers/modules/checkout-flow.helper.js:16:3)
        at /home/runner/work/Wipro_Playwright_Capstone/Wipro_Playwright_Capstone/tests/checkout-flow.spec.js:141:5

    attachment #1: screenshot (image/png) ──────────────────────────────────────────────────────────
    test-results/checkout-flow-Module-7-—-C-e07fe-ing-checkout-preserves-cart-webkit-retry2/test-failed-1.png
    ────────────────────────────────────────────────────────────────────────────────────────────────

    Error Context: test-results/checkout-flow-Module-7-—-C-e07fe-ing-checkout-preserves-cart-webkit-retry2/error-context.md

  3) [webkit] › tests/checkout-flow.spec.js:157:7 › Module 7 — Checkout Flow › TC_CF_010 — Delivery method step shows shipping options 

    TimeoutError: locator.click: Timeout 15000ms exceeded.
    Call log:
      - waiting for locator('[data-testid="product-card"], .product-card, .plp-product-card__container').first()


       at helpers/ikea-helpers.js:86

      84 |   // Click on the first product card
      85 |   const productCard = page.locator('[data-testid="product-card"], .product-card, .plp-product-card__container').first();
    > 86 |   await productCard.click();
         |                     ^
      87 |   await page.waitForLoadState('domcontentloaded'); await page.waitForTimeout(3000);
      88 |
      89 |   // Click Add to Bag
        at addProductToCart (/home/runner/work/Wipro_Playwright_Capstone/Wipro_Playwright_Capstone/tests/helpers/ikea-helpers.js:86:21)
        at goToCheckout (/home/runner/work/Wipro_Playwright_Capstone/Wipro_Playwright_Capstone/tests/helpers/modules/checkout-flow.helper.js:16:3)
        at /home/runner/work/Wipro_Playwright_Capstone/Wipro_Playwright_Capstone/tests/checkout-flow.spec.js:158:5

    attachment #1: screenshot (image/png) ──────────────────────────────────────────────────────────
    test-results/checkout-flow-Module-7-—-C-ca087-step-shows-shipping-options-webkit/test-failed-1.png
    ────────────────────────────────────────────────────────────────────────────────────────────────

    Error Context: test-results/checkout-flow-Module-7-—-C-ca087-step-shows-shipping-options-webkit/error-context.md

    Retry #1 ───────────────────────────────────────────────────────────────────────────────────────

    TimeoutError: locator.click: Timeout 15000ms exceeded.
    Call log:
      - waiting for locator('[data-testid="product-card"], .product-card, .plp-product-card__container').first()


       at helpers/ikea-helpers.js:86

      84 |   // Click on the first product card
      85 |   const productCard = page.locator('[data-testid="product-card"], .product-card, .plp-product-card__container').first();
    > 86 |   await productCard.click();
         |                     ^
      87 |   await page.waitForLoadState('domcontentloaded'); await page.waitForTimeout(3000);
      88 |
      89 |   // Click Add to Bag
        at addProductToCart (/home/runner/work/Wipro_Playwright_Capstone/Wipro_Playwright_Capstone/tests/helpers/ikea-helpers.js:86:21)
        at goToCheckout (/home/runner/work/Wipro_Playwright_Capstone/Wipro_Playwright_Capstone/tests/helpers/modules/checkout-flow.helper.js:16:3)
        at /home/runner/work/Wipro_Playwright_Capstone/Wipro_Playwright_Capstone/tests/checkout-flow.spec.js:158:5

    attachment #1: screenshot (image/png) ──────────────────────────────────────────────────────────
    test-results/checkout-flow-Module-7-—-C-ca087-step-shows-shipping-options-webkit-retry1/test-failed-1.png
    ────────────────────────────────────────────────────────────────────────────────────────────────

    Error Context: test-results/checkout-flow-Module-7-—-C-ca087-step-shows-shipping-options-webkit-retry1/error-context.md

    attachment #3: trace (application/zip) ─────────────────────────────────────────────────────────
    test-results/checkout-flow-Module-7-—-C-ca087-step-shows-shipping-options-webkit-retry1/trace.zip
    Usage:

        npx playwright show-trace test-results/checkout-flow-Module-7-—-C-ca087-step-shows-shipping-options-webkit-retry1/trace.zip

    ────────────────────────────────────────────────────────────────────────────────────────────────

    Retry #2 ───────────────────────────────────────────────────────────────────────────────────────

    TimeoutError: locator.click: Timeout 15000ms exceeded.
    Call log:
      - waiting for locator('[data-testid="product-card"], .product-card, .plp-product-card__container').first()


       at helpers/ikea-helpers.js:86

      84 |   // Click on the first product card
      85 |   const productCard = page.locator('[data-testid="product-card"], .product-card, .plp-product-card__container').first();
    > 86 |   await productCard.click();
         |                     ^
      87 |   await page.waitForLoadState('domcontentloaded'); await page.waitForTimeout(3000);
      88 |
      89 |   // Click Add to Bag
        at addProductToCart (/home/runner/work/Wipro_Playwright_Capstone/Wipro_Playwright_Capstone/tests/helpers/ikea-helpers.js:86:21)
        at goToCheckout (/home/runner/work/Wipro_Playwright_Capstone/Wipro_Playwright_Capstone/tests/helpers/modules/checkout-flow.helper.js:16:3)
        at /home/runner/work/Wipro_Playwright_Capstone/Wipro_Playwright_Capstone/tests/checkout-flow.spec.js:158:5

    attachment #1: screenshot (image/png) ──────────────────────────────────────────────────────────
    test-results/checkout-flow-Module-7-—-C-ca087-step-shows-shipping-options-webkit-retry2/test-failed-1.png
    ────────────────────────────────────────────────────────────────────────────────────────────────

    Error Context: test-results/checkout-flow-Module-7-—-C-ca087-step-shows-shipping-options-webkit-retry2/error-context.md

  4) [webkit] › tests/checkout-flow.spec.js:169:7 › Module 7 — Checkout Flow › TC_CF_011 — Order summary reflects delivery charge 

    TimeoutError: locator.click: Timeout 15000ms exceeded.
    Call log:
      - waiting for locator('[data-testid="product-card"], .product-card, .plp-product-card__container').first()


       at helpers/ikea-helpers.js:86

      84 |   // Click on the first product card
      85 |   const productCard = page.locator('[data-testid="product-card"], .product-card, .plp-product-card__container').first();
    > 86 |   await productCard.click();
         |                     ^
      87 |   await page.waitForLoadState('domcontentloaded'); await page.waitForTimeout(3000);
      88 |
      89 |   // Click Add to Bag
        at addProductToCart (/home/runner/work/Wipro_Playwright_Capstone/Wipro_Playwright_Capstone/tests/helpers/ikea-helpers.js:86:21)
        at goToCheckout (/home/runner/work/Wipro_Playwright_Capstone/Wipro_Playwright_Capstone/tests/helpers/modules/checkout-flow.helper.js:16:3)
        at /home/runner/work/Wipro_Playwright_Capstone/Wipro_Playwright_Capstone/tests/checkout-flow.spec.js:170:5

    attachment #1: screenshot (image/png) ──────────────────────────────────────────────────────────
    test-results/checkout-flow-Module-7-—-C-3143a-ry-reflects-delivery-charge-webkit/test-failed-1.png
    ────────────────────────────────────────────────────────────────────────────────────────────────

    Error Context: test-results/checkout-flow-Module-7-—-C-3143a-ry-reflects-delivery-charge-webkit/error-context.md

    Retry #1 ───────────────────────────────────────────────────────────────────────────────────────

    TimeoutError: locator.click: Timeout 15000ms exceeded.
    Call log:
      - waiting for locator('[data-testid="product-card"], .product-card, .plp-product-card__container').first()


       at helpers/ikea-helpers.js:86

      84 |   // Click on the first product card
      85 |   const productCard = page.locator('[data-testid="product-card"], .product-card, .plp-product-card__container').first();
    > 86 |   await productCard.click();
         |                     ^
      87 |   await page.waitForLoadState('domcontentloaded'); await page.waitForTimeout(3000);
      88 |
      89 |   // Click Add to Bag
        at addProductToCart (/home/runner/work/Wipro_Playwright_Capstone/Wipro_Playwright_Capstone/tests/helpers/ikea-helpers.js:86:21)
        at goToCheckout (/home/runner/work/Wipro_Playwright_Capstone/Wipro_Playwright_Capstone/tests/helpers/modules/checkout-flow.helper.js:16:3)
        at /home/runner/work/Wipro_Playwright_Capstone/Wipro_Playwright_Capstone/tests/checkout-flow.spec.js:170:5

    attachment #1: screenshot (image/png) ──────────────────────────────────────────────────────────
    test-results/checkout-flow-Module-7-—-C-3143a-ry-reflects-delivery-charge-webkit-retry1/test-failed-1.png
    ────────────────────────────────────────────────────────────────────────────────────────────────

    Error Context: test-results/checkout-flow-Module-7-—-C-3143a-ry-reflects-delivery-charge-webkit-retry1/error-context.md

    attachment #3: trace (application/zip) ─────────────────────────────────────────────────────────
    test-results/checkout-flow-Module-7-—-C-3143a-ry-reflects-delivery-charge-webkit-retry1/trace.zip
    Usage:

        npx playwright show-trace test-results/checkout-flow-Module-7-—-C-3143a-ry-reflects-delivery-charge-webkit-retry1/trace.zip

    ────────────────────────────────────────────────────────────────────────────────────────────────

    Retry #2 ───────────────────────────────────────────────────────────────────────────────────────

    TimeoutError: locator.click: Timeout 15000ms exceeded.
    Call log:
      - waiting for locator('[data-testid="product-card"], .product-card, .plp-product-card__container').first()


       at helpers/ikea-helpers.js:86

      84 |   // Click on the first product card
      85 |   const productCard = page.locator('[data-testid="product-card"], .product-card, .plp-product-card__container').first();
    > 86 |   await productCard.click();
         |                     ^
      87 |   await page.waitForLoadState('domcontentloaded'); await page.waitForTimeout(3000);
      88 |
      89 |   // Click Add to Bag
        at addProductToCart (/home/runner/work/Wipro_Playwright_Capstone/Wipro_Playwright_Capstone/tests/helpers/ikea-helpers.js:86:21)
        at goToCheckout (/home/runner/work/Wipro_Playwright_Capstone/Wipro_Playwright_Capstone/tests/helpers/modules/checkout-flow.helper.js:16:3)
        at /home/runner/work/Wipro_Playwright_Capstone/Wipro_Playwright_Capstone/tests/checkout-flow.spec.js:170:5

    attachment #1: screenshot (image/png) ──────────────────────────────────────────────────────────
    test-results/checkout-flow-Module-7-—-C-3143a-ry-reflects-delivery-charge-webkit-retry2/test-failed-1.png
    ────────────────────────────────────────────────────────────────────────────────────────────────

    Error Context: test-results/checkout-flow-Module-7-—-C-3143a-ry-reflects-delivery-charge-webkit-retry2/error-context.md

  5) [webkit] › tests/checkout-flow.spec.js:176:7 › Module 7 — Checkout Flow › TC_CF_012 — Payment page shows accepted payment methods 

    TimeoutError: locator.click: Timeout 15000ms exceeded.
    Call log:
      - waiting for locator('[data-testid="product-card"], .product-card, .plp-product-card__container').first()


       at helpers/ikea-helpers.js:86

      84 |   // Click on the first product card
      85 |   const productCard = page.locator('[data-testid="product-card"], .product-card, .plp-product-card__container').first();
    > 86 |   await productCard.click();
         |                     ^
      87 |   await page.waitForLoadState('domcontentloaded'); await page.waitForTimeout(3000);
      88 |
      89 |   // Click Add to Bag
        at addProductToCart (/home/runner/work/Wipro_Playwright_Capstone/Wipro_Playwright_Capstone/tests/helpers/ikea-helpers.js:86:21)
        at goToCheckout (/home/runner/work/Wipro_Playwright_Capstone/Wipro_Playwright_Capstone/tests/helpers/modules/checkout-flow.helper.js:16:3)
        at /home/runner/work/Wipro_Playwright_Capstone/Wipro_Playwright_Capstone/tests/checkout-flow.spec.js:177:5

    attachment #1: screenshot (image/png) ──────────────────────────────────────────────────────────
    test-results/checkout-flow-Module-7-—-C-548dd-ws-accepted-payment-methods-webkit/test-failed-1.png
    ────────────────────────────────────────────────────────────────────────────────────────────────

    Error Context: test-results/checkout-flow-Module-7-—-C-548dd-ws-accepted-payment-methods-webkit/error-context.md

    Retry #1 ───────────────────────────────────────────────────────────────────────────────────────

    TimeoutError: locator.click: Timeout 15000ms exceeded.
    Call log:
      - waiting for locator('[data-testid="product-card"], .product-card, .plp-product-card__container').first()


       at helpers/ikea-helpers.js:86

      84 |   // Click on the first product card
      85 |   const productCard = page.locator('[data-testid="product-card"], .product-card, .plp-product-card__container').first();
    > 86 |   await productCard.click();
         |                     ^
      87 |   await page.waitForLoadState('domcontentloaded'); await page.waitForTimeout(3000);
      88 |
      89 |   // Click Add to Bag
        at addProductToCart (/home/runner/work/Wipro_Playwright_Capstone/Wipro_Playwright_Capstone/tests/helpers/ikea-helpers.js:86:21)
        at goToCheckout (/home/runner/work/Wipro_Playwright_Capstone/Wipro_Playwright_Capstone/tests/helpers/modules/checkout-flow.helper.js:16:3)
        at /home/runner/work/Wipro_Playwright_Capstone/Wipro_Playwright_Capstone/tests/checkout-flow.spec.js:177:5

    attachment #1: screenshot (image/png) ──────────────────────────────────────────────────────────
    test-results/checkout-flow-Module-7-—-C-548dd-ws-accepted-payment-methods-webkit-retry1/test-failed-1.png
    ────────────────────────────────────────────────────────────────────────────────────────────────

    Error Context: test-results/checkout-flow-Module-7-—-C-548dd-ws-accepted-payment-methods-webkit-retry1/error-context.md

    attachment #3: trace (application/zip) ─────────────────────────────────────────────────────────
    test-results/checkout-flow-Module-7-—-C-548dd-ws-accepted-payment-methods-webkit-retry1/trace.zip
    Usage:

        npx playwright show-trace test-results/checkout-flow-Module-7-—-C-548dd-ws-accepted-payment-methods-webkit-retry1/trace.zip

    ────────────────────────────────────────────────────────────────────────────────────────────────

    Retry #2 ───────────────────────────────────────────────────────────────────────────────────────

    TimeoutError: locator.click: Timeout 15000ms exceeded.
    Call log:
      - waiting for locator('[data-testid="product-card"], .product-card, .plp-product-card__container').first()


       at helpers/ikea-helpers.js:86

      84 |   // Click on the first product card
      85 |   const productCard = page.locator('[data-testid="product-card"], .product-card, .plp-product-card__container').first();
    > 86 |   await productCard.click();
         |                     ^
      87 |   await page.waitForLoadState('domcontentloaded'); await page.waitForTimeout(3000);
      88 |
      89 |   // Click Add to Bag
        at addProductToCart (/home/runner/work/Wipro_Playwright_Capstone/Wipro_Playwright_Capstone/tests/helpers/ikea-helpers.js:86:21)
        at goToCheckout (/home/runner/work/Wipro_Playwright_Capstone/Wipro_Playwright_Capstone/tests/helpers/modules/checkout-flow.helper.js:16:3)
        at /home/runner/work/Wipro_Playwright_Capstone/Wipro_Playwright_Capstone/tests/checkout-flow.spec.js:177:5

    attachment #1: screenshot (image/png) ──────────────────────────────────────────────────────────
    test-results/checkout-flow-Module-7-—-C-548dd-ws-accepted-payment-methods-webkit-retry2/test-failed-1.png
    ────────────────────────────────────────────────────────────────────────────────────────────────

    Error Context: test-results/checkout-flow-Module-7-—-C-548dd-ws-accepted-payment-methods-webkit-retry2/error-context.md

  6) [webkit] › tests/checkout-flow.spec.js:192:7 › Module 7 — Checkout Flow › TC_CF_013 — Card form accepts dummy test card data 

    TimeoutError: locator.click: Timeout 15000ms exceeded.
    Call log:
      - waiting for locator('[data-testid="product-card"], .product-card, .plp-product-card__container').first()


       at helpers/ikea-helpers.js:86

      84 |   // Click on the first product card
      85 |   const productCard = page.locator('[data-testid="product-card"], .product-card, .plp-product-card__container').first();
    > 86 |   await productCard.click();
         |                     ^
      87 |   await page.waitForLoadState('domcontentloaded'); await page.waitForTimeout(3000);
      88 |
      89 |   // Click Add to Bag
        at addProductToCart (/home/runner/work/Wipro_Playwright_Capstone/Wipro_Playwright_Capstone/tests/helpers/ikea-helpers.js:86:21)
        at goToCheckout (/home/runner/work/Wipro_Playwright_Capstone/Wipro_Playwright_Capstone/tests/helpers/modules/checkout-flow.helper.js:16:3)
        at /home/runner/work/Wipro_Playwright_Capstone/Wipro_Playwright_Capstone/tests/checkout-flow.spec.js:193:5

    attachment #1: screenshot (image/png) ──────────────────────────────────────────────────────────
    test-results/checkout-flow-Module-7-—-C-2cd8b-ccepts-dummy-test-card-data-webkit/test-failed-1.png
    ────────────────────────────────────────────────────────────────────────────────────────────────

    Error Context: test-results/checkout-flow-Module-7-—-C-2cd8b-ccepts-dummy-test-card-data-webkit/error-context.md

    Retry #1 ───────────────────────────────────────────────────────────────────────────────────────

    TimeoutError: locator.click: Timeout 15000ms exceeded.
    Call log:
      - waiting for locator('[data-testid="product-card"], .product-card, .plp-product-card__container').first()


       at helpers/ikea-helpers.js:86

      84 |   // Click on the first product card
      85 |   const productCard = page.locator('[data-testid="product-card"], .product-card, .plp-product-card__container').first();
    > 86 |   await productCard.click();
         |                     ^
      87 |   await page.waitForLoadState('domcontentloaded'); await page.waitForTimeout(3000);
      88 |
      89 |   // Click Add to Bag
        at addProductToCart (/home/runner/work/Wipro_Playwright_Capstone/Wipro_Playwright_Capstone/tests/helpers/ikea-helpers.js:86:21)
        at goToCheckout (/home/runner/work/Wipro_Playwright_Capstone/Wipro_Playwright_Capstone/tests/helpers/modules/checkout-flow.helper.js:16:3)
        at /home/runner/work/Wipro_Playwright_Capstone/Wipro_Playwright_Capstone/tests/checkout-flow.spec.js:193:5

    attachment #1: screenshot (image/png) ──────────────────────────────────────────────────────────
    test-results/checkout-flow-Module-7-—-C-2cd8b-ccepts-dummy-test-card-data-webkit-retry1/test-failed-1.png
    ────────────────────────────────────────────────────────────────────────────────────────────────

    Error Context: test-results/checkout-flow-Module-7-—-C-2cd8b-ccepts-dummy-test-card-data-webkit-retry1/error-context.md

    attachment #3: trace (application/zip) ─────────────────────────────────────────────────────────
    test-results/checkout-flow-Module-7-—-C-2cd8b-ccepts-dummy-test-card-data-webkit-retry1/trace.zip
    Usage:

        npx playwright show-trace test-results/checkout-flow-Module-7-—-C-2cd8b-ccepts-dummy-test-card-data-webkit-retry1/trace.zip

    ────────────────────────────────────────────────────────────────────────────────────────────────

    Retry #2 ───────────────────────────────────────────────────────────────────────────────────────

    TimeoutError: locator.click: Timeout 15000ms exceeded.
    Call log:
      - waiting for locator('[data-testid="product-card"], .product-card, .plp-product-card__container').first()


       at helpers/ikea-helpers.js:86

      84 |   // Click on the first product card
      85 |   const productCard = page.locator('[data-testid="product-card"], .product-card, .plp-product-card__container').first();
    > 86 |   await productCard.click();
         |                     ^
      87 |   await page.waitForLoadState('domcontentloaded'); await page.waitForTimeout(3000);
      88 |
      89 |   // Click Add to Bag
        at addProductToCart (/home/runner/work/Wipro_Playwright_Capstone/Wipro_Playwright_Capstone/tests/helpers/ikea-helpers.js:86:21)
        at goToCheckout (/home/runner/work/Wipro_Playwright_Capstone/Wipro_Playwright_Capstone/tests/helpers/modules/checkout-flow.helper.js:16:3)
        at /home/runner/work/Wipro_Playwright_Capstone/Wipro_Playwright_Capstone/tests/checkout-flow.spec.js:193:5

    attachment #1: screenshot (image/png) ──────────────────────────────────────────────────────────
    test-results/checkout-flow-Module-7-—-C-2cd8b-ccepts-dummy-test-card-data-webkit-retry2/test-failed-1.png
    ────────────────────────────────────────────────────────────────────────────────────────────────

    Error Context: test-results/checkout-flow-Module-7-—-C-2cd8b-ccepts-dummy-test-card-data-webkit-retry2/error-context.md

  7) [webkit] › tests/checkout-flow.spec.js:221:7 › Module 7 — Checkout Flow › TC_CF_014 — Card number field accepts only numeric input 

    TimeoutError: locator.click: Timeout 15000ms exceeded.
    Call log:
      - waiting for locator('[data-testid="product-card"], .product-card, .plp-product-card__container').first()


       at helpers/ikea-helpers.js:86

      84 |   // Click on the first product card
      85 |   const productCard = page.locator('[data-testid="product-card"], .product-card, .plp-product-card__container').first();
    > 86 |   await productCard.click();
         |                     ^
      87 |   await page.waitForLoadState('domcontentloaded'); await page.waitForTimeout(3000);
      88 |
      89 |   // Click Add to Bag
        at addProductToCart (/home/runner/work/Wipro_Playwright_Capstone/Wipro_Playwright_Capstone/tests/helpers/ikea-helpers.js:86:21)
        at goToCheckout (/home/runner/work/Wipro_Playwright_Capstone/Wipro_Playwright_Capstone/tests/helpers/modules/checkout-flow.helper.js:16:3)
        at /home/runner/work/Wipro_Playwright_Capstone/Wipro_Playwright_Capstone/tests/checkout-flow.spec.js:222:5

    attachment #1: screenshot (image/png) ──────────────────────────────────────────────────────────
    test-results/checkout-flow-Module-7-—-C-2128b--accepts-only-numeric-input-webkit/test-failed-1.png
    ────────────────────────────────────────────────────────────────────────────────────────────────

    Error Context: test-results/checkout-flow-Module-7-—-C-2128b--accepts-only-numeric-input-webkit/error-context.md

    Retry #1 ───────────────────────────────────────────────────────────────────────────────────────

    TimeoutError: locator.click: Timeout 15000ms exceeded.
    Call log:
      - waiting for locator('[data-testid="product-card"], .product-card, .plp-product-card__container').first()


       at helpers/ikea-helpers.js:86

      84 |   // Click on the first product card
      85 |   const productCard = page.locator('[data-testid="product-card"], .product-card, .plp-product-card__container').first();
    > 86 |   await productCard.click();
         |                     ^
      87 |   await page.waitForLoadState('domcontentloaded'); await page.waitForTimeout(3000);
      88 |
      89 |   // Click Add to Bag
        at addProductToCart (/home/runner/work/Wipro_Playwright_Capstone/Wipro_Playwright_Capstone/tests/helpers/ikea-helpers.js:86:21)
        at goToCheckout (/home/runner/work/Wipro_Playwright_Capstone/Wipro_Playwright_Capstone/tests/helpers/modules/checkout-flow.helper.js:16:3)
        at /home/runner/work/Wipro_Playwright_Capstone/Wipro_Playwright_Capstone/tests/checkout-flow.spec.js:222:5

    attachment #1: screenshot (image/png) ──────────────────────────────────────────────────────────
    test-results/checkout-flow-Module-7-—-C-2128b--accepts-only-numeric-input-webkit-retry1/test-failed-1.png
    ────────────────────────────────────────────────────────────────────────────────────────────────

    Error Context: test-results/checkout-flow-Module-7-—-C-2128b--accepts-only-numeric-input-webkit-retry1/error-context.md

    attachment #3: trace (application/zip) ─────────────────────────────────────────────────────────
    test-results/checkout-flow-Module-7-—-C-2128b--accepts-only-numeric-input-webkit-retry1/trace.zip
    Usage:

        npx playwright show-trace test-results/checkout-flow-Module-7-—-C-2128b--accepts-only-numeric-input-webkit-retry1/trace.zip

    ────────────────────────────────────────────────────────────────────────────────────────────────

    Retry #2 ───────────────────────────────────────────────────────────────────────────────────────

    TimeoutError: locator.click: Timeout 15000ms exceeded.
    Call log:
      - waiting for locator('[data-testid="product-card"], .product-card, .plp-product-card__container').first()


       at helpers/ikea-helpers.js:86

      84 |   // Click on the first product card
      85 |   const productCard = page.locator('[data-testid="product-card"], .product-card, .plp-product-card__container').first();
    > 86 |   await productCard.click();
         |                     ^
      87 |   await page.waitForLoadState('domcontentloaded'); await page.waitForTimeout(3000);
      88 |
      89 |   // Click Add to Bag
        at addProductToCart (/home/runner/work/Wipro_Playwright_Capstone/Wipro_Playwright_Capstone/tests/helpers/ikea-helpers.js:86:21)
        at goToCheckout (/home/runner/work/Wipro_Playwright_Capstone/Wipro_Playwright_Capstone/tests/helpers/modules/checkout-flow.helper.js:16:3)
        at /home/runner/work/Wipro_Playwright_Capstone/Wipro_Playwright_Capstone/tests/checkout-flow.spec.js:222:5

    attachment #1: screenshot (image/png) ──────────────────────────────────────────────────────────
    test-results/checkout-flow-Module-7-—-C-2128b--accepts-only-numeric-input-webkit-retry2/test-failed-1.png
    ────────────────────────────────────────────────────────────────────────────────────────────────

    Error Context: test-results/checkout-flow-Module-7-—-C-2128b--accepts-only-numeric-input-webkit-retry2/error-context.md

  8) [webkit] › tests/checkout-flow.spec.js:245:7 › Module 7 — Checkout Flow › TC_CF_015 — Checkout does not attempt real payment 

    TimeoutError: locator.click: Timeout 15000ms exceeded.
    Call log:
      - waiting for locator('[data-testid="product-card"], .product-card, .plp-product-card__container').first()


       at helpers/ikea-helpers.js:86

      84 |   // Click on the first product card
      85 |   const productCard = page.locator('[data-testid="product-card"], .product-card, .plp-product-card__container').first();
    > 86 |   await productCard.click();
         |                     ^
      87 |   await page.waitForLoadState('domcontentloaded'); await page.waitForTimeout(3000);
      88 |
      89 |   // Click Add to Bag
        at addProductToCart (/home/runner/work/Wipro_Playwright_Capstone/Wipro_Playwright_Capstone/tests/helpers/ikea-helpers.js:86:21)
        at goToCheckout (/home/runner/work/Wipro_Playwright_Capstone/Wipro_Playwright_Capstone/tests/helpers/modules/checkout-flow.helper.js:16:3)
        at /home/runner/work/Wipro_Playwright_Capstone/Wipro_Playwright_Capstone/tests/checkout-flow.spec.js:246:5

    attachment #1: screenshot (image/png) ──────────────────────────────────────────────────────────
    test-results/checkout-flow-Module-7-—-C-670b3-es-not-attempt-real-payment-webkit/test-failed-1.png
    ────────────────────────────────────────────────────────────────────────────────────────────────

    Error Context: test-results/checkout-flow-Module-7-—-C-670b3-es-not-attempt-real-payment-webkit/error-context.md

    Retry #1 ───────────────────────────────────────────────────────────────────────────────────────

    TimeoutError: locator.click: Timeout 15000ms exceeded.
    Call log:
      - waiting for locator('[data-testid="product-card"], .product-card, .plp-product-card__container').first()


       at helpers/ikea-helpers.js:86

      84 |   // Click on the first product card
      85 |   const productCard = page.locator('[data-testid="product-card"], .product-card, .plp-product-card__container').first();
    > 86 |   await productCard.click();
         |                     ^
      87 |   await page.waitForLoadState('domcontentloaded'); await page.waitForTimeout(3000);
      88 |
      89 |   // Click Add to Bag
        at addProductToCart (/home/runner/work/Wipro_Playwright_Capstone/Wipro_Playwright_Capstone/tests/helpers/ikea-helpers.js:86:21)
        at goToCheckout (/home/runner/work/Wipro_Playwright_Capstone/Wipro_Playwright_Capstone/tests/helpers/modules/checkout-flow.helper.js:16:3)
        at /home/runner/work/Wipro_Playwright_Capstone/Wipro_Playwright_Capstone/tests/checkout-flow.spec.js:246:5

    attachment #1: screenshot (image/png) ──────────────────────────────────────────────────────────
    test-results/checkout-flow-Module-7-—-C-670b3-es-not-attempt-real-payment-webkit-retry1/test-failed-1.png
    ────────────────────────────────────────────────────────────────────────────────────────────────

    Error Context: test-results/checkout-flow-Module-7-—-C-670b3-es-not-attempt-real-payment-webkit-retry1/error-context.md

    attachment #3: trace (application/zip) ─────────────────────────────────────────────────────────
    test-results/checkout-flow-Module-7-—-C-670b3-es-not-attempt-real-payment-webkit-retry1/trace.zip
    Usage:

        npx playwright show-trace test-results/checkout-flow-Module-7-—-C-670b3-es-not-attempt-real-payment-webkit-retry1/trace.zip

    ────────────────────────────────────────────────────────────────────────────────────────────────

    Retry #2 ───────────────────────────────────────────────────────────────────────────────────────

    TimeoutError: locator.click: Timeout 15000ms exceeded.
    Call log:
      - waiting for locator('[data-testid="product-card"], .product-card, .plp-product-card__container').first()


       at helpers/ikea-helpers.js:86

      84 |   // Click on the first product card
      85 |   const productCard = page.locator('[data-testid="product-card"], .product-card, .plp-product-card__container').first();
    > 86 |   await productCard.click();
         |                     ^
      87 |   await page.waitForLoadState('domcontentloaded'); await page.waitForTimeout(3000);
      88 |
      89 |   // Click Add to Bag
        at addProductToCart (/home/runner/work/Wipro_Playwright_Capstone/Wipro_Playwright_Capstone/tests/helpers/ikea-helpers.js:86:21)
        at goToCheckout (/home/runner/work/Wipro_Playwright_Capstone/Wipro_Playwright_Capstone/tests/helpers/modules/checkout-flow.helper.js:16:3)
        at /home/runner/work/Wipro_Playwright_Capstone/Wipro_Playwright_Capstone/tests/checkout-flow.spec.js:246:5

    attachment #1: screenshot (image/png) ──────────────────────────────────────────────────────────
    test-results/checkout-flow-Module-7-—-C-670b3-es-not-attempt-real-payment-webkit-retry2/test-failed-1.png
    ────────────────────────────────────────────────────────────────────────────────────────────────

    Error Context: test-results/checkout-flow-Module-7-—-C-670b3-es-not-attempt-real-payment-webkit-retry2/error-context.md

  9) [webkit] › tests/checkout-flow.spec.js:259:7 › Module 7 — Checkout Flow › TC_CF_016 — Order confirmation displays order reference ID 

    TimeoutError: locator.click: Timeout 15000ms exceeded.
    Call log:
      - waiting for locator('[data-testid="product-card"], .product-card, .plp-product-card__container').first()


       at helpers/ikea-helpers.js:86

      84 |   // Click on the first product card
      85 |   const productCard = page.locator('[data-testid="product-card"], .product-card, .plp-product-card__container').first();
    > 86 |   await productCard.click();
         |                     ^
      87 |   await page.waitForLoadState('domcontentloaded'); await page.waitForTimeout(3000);
      88 |
      89 |   // Click Add to Bag
        at addProductToCart (/home/runner/work/Wipro_Playwright_Capstone/Wipro_Playwright_Capstone/tests/helpers/ikea-helpers.js:86:21)
        at goToCheckout (/home/runner/work/Wipro_Playwright_Capstone/Wipro_Playwright_Capstone/tests/helpers/modules/checkout-flow.helper.js:16:3)
        at /home/runner/work/Wipro_Playwright_Capstone/Wipro_Playwright_Capstone/tests/checkout-flow.spec.js:261:5

    attachment #1: screenshot (image/png) ──────────────────────────────────────────────────────────
    test-results/checkout-flow-Module-7-—-C-4a44c-displays-order-reference-ID-webkit/test-failed-1.png
    ────────────────────────────────────────────────────────────────────────────────────────────────

    Error Context: test-results/checkout-flow-Module-7-—-C-4a44c-displays-order-reference-ID-webkit/error-context.md

    Retry #1 ───────────────────────────────────────────────────────────────────────────────────────

    TimeoutError: locator.click: Timeout 15000ms exceeded.
    Call log:
      - waiting for locator('[data-testid="product-card"], .product-card, .plp-product-card__container').first()


       at helpers/ikea-helpers.js:86

      84 |   // Click on the first product card
      85 |   const productCard = page.locator('[data-testid="product-card"], .product-card, .plp-product-card__container').first();
    > 86 |   await productCard.click();
         |                     ^
      87 |   await page.waitForLoadState('domcontentloaded'); await page.waitForTimeout(3000);
      88 |
      89 |   // Click Add to Bag
        at addProductToCart (/home/runner/work/Wipro_Playwright_Capstone/Wipro_Playwright_Capstone/tests/helpers/ikea-helpers.js:86:21)
        at goToCheckout (/home/runner/work/Wipro_Playwright_Capstone/Wipro_Playwright_Capstone/tests/helpers/modules/checkout-flow.helper.js:16:3)
        at /home/runner/work/Wipro_Playwright_Capstone/Wipro_Playwright_Capstone/tests/checkout-flow.spec.js:261:5

    attachment #1: screenshot (image/png) ──────────────────────────────────────────────────────────
    test-results/checkout-flow-Module-7-—-C-4a44c-displays-order-reference-ID-webkit-retry1/test-failed-1.png
    ────────────────────────────────────────────────────────────────────────────────────────────────

    Error Context: test-results/checkout-flow-Module-7-—-C-4a44c-displays-order-reference-ID-webkit-retry1/error-context.md

    attachment #3: trace (application/zip) ─────────────────────────────────────────────────────────
    test-results/checkout-flow-Module-7-—-C-4a44c-displays-order-reference-ID-webkit-retry1/trace.zip
    Usage:

        npx playwright show-trace test-results/checkout-flow-Module-7-—-C-4a44c-displays-order-reference-ID-webkit-retry1/trace.zip

    ────────────────────────────────────────────────────────────────────────────────────────────────

    Retry #2 ───────────────────────────────────────────────────────────────────────────────────────

    TimeoutError: locator.click: Timeout 15000ms exceeded.
    Call log:
      - waiting for locator('[data-testid="product-card"], .product-card, .plp-product-card__container').first()


       at helpers/ikea-helpers.js:86

      84 |   // Click on the first product card
      85 |   const productCard = page.locator('[data-testid="product-card"], .product-card, .plp-product-card__container').first();
    > 86 |   await productCard.click();
         |                     ^
      87 |   await page.waitForLoadState('domcontentloaded'); await page.waitForTimeout(3000);
      88 |
      89 |   // Click Add to Bag
        at addProductToCart (/home/runner/work/Wipro_Playwright_Capstone/Wipro_Playwright_Capstone/tests/helpers/ikea-helpers.js:86:21)
        at goToCheckout (/home/runner/work/Wipro_Playwright_Capstone/Wipro_Playwright_Capstone/tests/helpers/modules/checkout-flow.helper.js:16:3)
        at /home/runner/work/Wipro_Playwright_Capstone/Wipro_Playwright_Capstone/tests/checkout-flow.spec.js:261:5

    attachment #1: screenshot (image/png) ──────────────────────────────────────────────────────────
    test-results/checkout-flow-Module-7-—-C-4a44c-displays-order-reference-ID-webkit-retry2/test-failed-1.png
    ────────────────────────────────────────────────────────────────────────────────────────────────

    Error Context: test-results/checkout-flow-Module-7-—-C-4a44c-displays-order-reference-ID-webkit-retry2/error-context.md

  10) [webkit] › tests/checkout-flow.spec.js:280:7 › Module 7 — Checkout Flow › TC_CF_017 — Cart badge resets after successful order 

    TimeoutError: locator.click: Timeout 15000ms exceeded.
    Call log:
      - waiting for locator('[data-testid="product-card"], .product-card, .plp-product-card__container').first()


       at helpers/ikea-helpers.js:86

      84 |   // Click on the first product card
      85 |   const productCard = page.locator('[data-testid="product-card"], .product-card, .plp-product-card__container').first();
    > 86 |   await productCard.click();
         |                     ^
      87 |   await page.waitForLoadState('domcontentloaded'); await page.waitForTimeout(3000);
      88 |
      89 |   // Click Add to Bag
        at addProductToCart (/home/runner/work/Wipro_Playwright_Capstone/Wipro_Playwright_Capstone/tests/helpers/ikea-helpers.js:86:21)
        at goToCheckout (/home/runner/work/Wipro_Playwright_Capstone/Wipro_Playwright_Capstone/tests/helpers/modules/checkout-flow.helper.js:16:3)
        at /home/runner/work/Wipro_Playwright_Capstone/Wipro_Playwright_Capstone/tests/checkout-flow.spec.js:282:5

    attachment #1: screenshot (image/png) ──────────────────────────────────────────────────────────
    test-results/checkout-flow-Module-7-—-C-c67c4-sets-after-successful-order-webkit/test-failed-1.png
    ────────────────────────────────────────────────────────────────────────────────────────────────

    Error Context: test-results/checkout-flow-Module-7-—-C-c67c4-sets-after-successful-order-webkit/error-context.md

    Retry #1 ───────────────────────────────────────────────────────────────────────────────────────

    TimeoutError: locator.click: Timeout 15000ms exceeded.
    Call log:
      - waiting for locator('[data-testid="product-card"], .product-card, .plp-product-card__container').first()


       at helpers/ikea-helpers.js:86

      84 |   // Click on the first product card
      85 |   const productCard = page.locator('[data-testid="product-card"], .product-card, .plp-product-card__container').first();
    > 86 |   await productCard.click();
         |                     ^
      87 |   await page.waitForLoadState('domcontentloaded'); await page.waitForTimeout(3000);
      88 |
      89 |   // Click Add to Bag
        at addProductToCart (/home/runner/work/Wipro_Playwright_Capstone/Wipro_Playwright_Capstone/tests/helpers/ikea-helpers.js:86:21)
        at goToCheckout (/home/runner/work/Wipro_Playwright_Capstone/Wipro_Playwright_Capstone/tests/helpers/modules/checkout-flow.helper.js:16:3)
        at /home/runner/work/Wipro_Playwright_Capstone/Wipro_Playwright_Capstone/tests/checkout-flow.spec.js:282:5

    attachment #1: screenshot (image/png) ──────────────────────────────────────────────────────────
    test-results/checkout-flow-Module-7-—-C-c67c4-sets-after-successful-order-webkit-retry1/test-failed-1.png
    ────────────────────────────────────────────────────────────────────────────────────────────────

    Error Context: test-results/checkout-flow-Module-7-—-C-c67c4-sets-after-successful-order-webkit-retry1/error-context.md

    attachment #3: trace (application/zip) ─────────────────────────────────────────────────────────
    test-results/checkout-flow-Module-7-—-C-c67c4-sets-after-successful-order-webkit-retry1/trace.zip
    Usage:

        npx playwright show-trace test-results/checkout-flow-Module-7-—-C-c67c4-sets-after-successful-order-webkit-retry1/trace.zip

    ────────────────────────────────────────────────────────────────────────────────────────────────

    Retry #2 ───────────────────────────────────────────────────────────────────────────────────────

    TimeoutError: locator.click: Timeout 15000ms exceeded.
    Call log:
      - waiting for locator('[data-testid="product-card"], .product-card, .plp-product-card__container').first()


       at helpers/ikea-helpers.js:86

      84 |   // Click on the first product card
      85 |   const productCard = page.locator('[data-testid="product-card"], .product-card, .plp-product-card__container').first();
    > 86 |   await productCard.click();
         |                     ^
      87 |   await page.waitForLoadState('domcontentloaded'); await page.waitForTimeout(3000);
      88 |
      89 |   // Click Add to Bag
        at addProductToCart (/home/runner/work/Wipro_Playwright_Capstone/Wipro_Playwright_Capstone/tests/helpers/ikea-helpers.js:86:21)
        at goToCheckout (/home/runner/work/Wipro_Playwright_Capstone/Wipro_Playwright_Capstone/tests/helpers/modules/checkout-flow.helper.js:16:3)
        at /home/runner/work/Wipro_Playwright_Capstone/Wipro_Playwright_Capstone/tests/checkout-flow.spec.js:282:5

    attachment #1: screenshot (image/png) ──────────────────────────────────────────────────────────
    test-results/checkout-flow-Module-7-—-C-c67c4-sets-after-successful-order-webkit-retry2/test-failed-1.png
    ────────────────────────────────────────────────────────────────────────────────────────────────

    Error Context: test-results/checkout-flow-Module-7-—-C-c67c4-sets-after-successful-order-webkit-retry2/error-context.md

  11) [webkit] › tests/checkout-flow.spec.js:302:7 › Module 7 — Checkout Flow › TC_CF_018 — Order appears in account order history 

    TimeoutError: locator.click: Timeout 15000ms exceeded.
    Call log:
      - waiting for locator('[data-testid="product-card"], .product-card, .plp-product-card__container').first()


       at helpers/ikea-helpers.js:86

      84 |   // Click on the first product card
      85 |   const productCard = page.locator('[data-testid="product-card"], .product-card, .plp-product-card__container').first();
    > 86 |   await productCard.click();
         |                     ^
      87 |   await page.waitForLoadState('domcontentloaded'); await page.waitForTimeout(3000);
      88 |
      89 |   // Click Add to Bag
        at addProductToCart (/home/runner/work/Wipro_Playwright_Capstone/Wipro_Playwright_Capstone/tests/helpers/ikea-helpers.js:86:21)
        at goToCheckout (/home/runner/work/Wipro_Playwright_Capstone/Wipro_Playwright_Capstone/tests/helpers/modules/checkout-flow.helper.js:16:3)
        at /home/runner/work/Wipro_Playwright_Capstone/Wipro_Playwright_Capstone/tests/checkout-flow.spec.js:303:5

    attachment #1: screenshot (image/png) ──────────────────────────────────────────────────────────
    test-results/checkout-flow-Module-7-—-C-d98d2-rs-in-account-order-history-webkit/test-failed-1.png
    ────────────────────────────────────────────────────────────────────────────────────────────────

    Error Context: test-results/checkout-flow-Module-7-—-C-d98d2-rs-in-account-order-history-webkit/error-context.md

    Retry #1 ───────────────────────────────────────────────────────────────────────────────────────

    TimeoutError: locator.click: Timeout 15000ms exceeded.
    Call log:
      - waiting for locator('[data-testid="product-card"], .product-card, .plp-product-card__container').first()


       at helpers/ikea-helpers.js:86

      84 |   // Click on the first product card
      85 |   const productCard = page.locator('[data-testid="product-card"], .product-card, .plp-product-card__container').first();
    > 86 |   await productCard.click();
         |                     ^
      87 |   await page.waitForLoadState('domcontentloaded'); await page.waitForTimeout(3000);
      88 |
      89 |   // Click Add to Bag
        at addProductToCart (/home/runner/work/Wipro_Playwright_Capstone/Wipro_Playwright_Capstone/tests/helpers/ikea-helpers.js:86:21)
        at goToCheckout (/home/runner/work/Wipro_Playwright_Capstone/Wipro_Playwright_Capstone/tests/helpers/modules/checkout-flow.helper.js:16:3)
        at /home/runner/work/Wipro_Playwright_Capstone/Wipro_Playwright_Capstone/tests/checkout-flow.spec.js:303:5

    attachment #1: screenshot (image/png) ──────────────────────────────────────────────────────────
    test-results/checkout-flow-Module-7-—-C-d98d2-rs-in-account-order-history-webkit-retry1/test-failed-1.png
    ────────────────────────────────────────────────────────────────────────────────────────────────

    Error Context: test-results/checkout-flow-Module-7-—-C-d98d2-rs-in-account-order-history-webkit-retry1/error-context.md

    attachment #3: trace (application/zip) ─────────────────────────────────────────────────────────
    test-results/checkout-flow-Module-7-—-C-d98d2-rs-in-account-order-history-webkit-retry1/trace.zip
    Usage:

        npx playwright show-trace test-results/checkout-flow-Module-7-—-C-d98d2-rs-in-account-order-history-webkit-retry1/trace.zip

    ────────────────────────────────────────────────────────────────────────────────────────────────

    Retry #2 ───────────────────────────────────────────────────────────────────────────────────────

    TimeoutError: locator.click: Timeout 15000ms exceeded.
    Call log:
      - waiting for locator('[data-testid="product-card"], .product-card, .plp-product-card__container').first()


       at helpers/ikea-helpers.js:86

      84 |   // Click on the first product card
      85 |   const productCard = page.locator('[data-testid="product-card"], .product-card, .plp-product-card__container').first();
    > 86 |   await productCard.click();
         |                     ^
      87 |   await page.waitForLoadState('domcontentloaded'); await page.waitForTimeout(3000);
      88 |
      89 |   // Click Add to Bag
        at addProductToCart (/home/runner/work/Wipro_Playwright_Capstone/Wipro_Playwright_Capstone/tests/helpers/ikea-helpers.js:86:21)
        at goToCheckout (/home/runner/work/Wipro_Playwright_Capstone/Wipro_Playwright_Capstone/tests/helpers/modules/checkout-flow.helper.js:16:3)
        at /home/runner/work/Wipro_Playwright_Capstone/Wipro_Playwright_Capstone/tests/checkout-flow.spec.js:303:5

    attachment #1: screenshot (image/png) ──────────────────────────────────────────────────────────
    test-results/checkout-flow-Module-7-—-C-d98d2-rs-in-account-order-history-webkit-retry2/test-failed-1.png
    ────────────────────────────────────────────────────────────────────────────────────────────────

    Error Context: test-results/checkout-flow-Module-7-—-C-d98d2-rs-in-account-order-history-webkit-retry2/error-context.md

  12) [webkit] › tests/product-details.spec.js:25:7 › Module 5 — Product Details › TC_PD_002 — Detail page price matches cart price after adding 

    TimeoutError: locator.textContent: Timeout 15000ms exceeded.
    Call log:
      - waiting for locator('[data-testid="cart-item-price"], [class*="item-price"], [class*="product-price"], [class*="price"], .pipcom-price').first()


      36 |     await page.waitForLoadState('domcontentloaded');
      37 |     const cartPrice = page.locator('[data-testid="cart-item-price"], [class*="item-price"], [class*="product-price"], [class*="price"], .pipcom-price').first();
    > 38 |     const cartPriceText = await cartPrice.textContent();
         |                                           ^
      39 |     expect(parsePriceText(cartPriceText || '0')).toBe(parsePriceText(detailPrice || '0'));
      40 |   });
      41 |
        at /home/runner/work/Wipro_Playwright_Capstone/Wipro_Playwright_Capstone/tests/product-details.spec.js:38:43

    attachment #1: screenshot (image/png) ──────────────────────────────────────────────────────────
    test-results/product-details-Module-5-—-564e6-hes-cart-price-after-adding-webkit/test-failed-1.png
    ────────────────────────────────────────────────────────────────────────────────────────────────

    Error Context: test-results/product-details-Module-5-—-564e6-hes-cart-price-after-adding-webkit/error-context.md

    Retry #1 ───────────────────────────────────────────────────────────────────────────────────────

    TimeoutError: locator.textContent: Timeout 15000ms exceeded.
    Call log:
      - waiting for locator('[data-testid="cart-item-price"], [class*="item-price"], [class*="product-price"], [class*="price"], .pipcom-price').first()


      36 |     await page.waitForLoadState('domcontentloaded');
      37 |     const cartPrice = page.locator('[data-testid="cart-item-price"], [class*="item-price"], [class*="product-price"], [class*="price"], .pipcom-price').first();
    > 38 |     const cartPriceText = await cartPrice.textContent();
         |                                           ^
      39 |     expect(parsePriceText(cartPriceText || '0')).toBe(parsePriceText(detailPrice || '0'));
      40 |   });
      41 |
        at /home/runner/work/Wipro_Playwright_Capstone/Wipro_Playwright_Capstone/tests/product-details.spec.js:38:43

    attachment #1: screenshot (image/png) ──────────────────────────────────────────────────────────
    test-results/product-details-Module-5-—-564e6-hes-cart-price-after-adding-webkit-retry1/test-failed-1.png
    ────────────────────────────────────────────────────────────────────────────────────────────────

    Error Context: test-results/product-details-Module-5-—-564e6-hes-cart-price-after-adding-webkit-retry1/error-context.md

    attachment #3: trace (application/zip) ─────────────────────────────────────────────────────────
    test-results/product-details-Module-5-—-564e6-hes-cart-price-after-adding-webkit-retry1/trace.zip
    Usage:

        npx playwright show-trace test-results/product-details-Module-5-—-564e6-hes-cart-price-after-adding-webkit-retry1/trace.zip

    ────────────────────────────────────────────────────────────────────────────────────────────────

    Retry #2 ───────────────────────────────────────────────────────────────────────────────────────

    TimeoutError: locator.textContent: Timeout 15000ms exceeded.
    Call log:
      - waiting for locator('[data-testid="cart-item-price"], [class*="item-price"], [class*="product-price"], [class*="price"], .pipcom-price').first()


      36 |     await page.waitForLoadState('domcontentloaded');
      37 |     const cartPrice = page.locator('[data-testid="cart-item-price"], [class*="item-price"], [class*="product-price"], [class*="price"], .pipcom-price').first();
    > 38 |     const cartPriceText = await cartPrice.textContent();
         |                                           ^
      39 |     expect(parsePriceText(cartPriceText || '0')).toBe(parsePriceText(detailPrice || '0'));
      40 |   });
      41 |
        at /home/runner/work/Wipro_Playwright_Capstone/Wipro_Playwright_Capstone/tests/product-details.spec.js:38:43

    attachment #1: screenshot (image/png) ──────────────────────────────────────────────────────────
    test-results/product-details-Module-5-—-564e6-hes-cart-price-after-adding-webkit-retry2/test-failed-1.png
    ────────────────────────────────────────────────────────────────────────────────────────────────

    Error Context: test-results/product-details-Module-5-—-564e6-hes-cart-price-after-adding-webkit-retry2/error-context.md

  13) [webkit] › tests/product-details.spec.js:71:7 › Module 5 — Product Details › TC_PD_004 — Add to Bag increments cart by selected quantity 

    TimeoutError: locator.textContent: Timeout 15000ms exceeded.
    Call log:
      - waiting for locator('input[type="number"], input[type="text"], select, [class*="quantity"] input, [class*="quantity"] select').first()


      115 |       
      116 |       const cartQty = page.locator('input[type="number"], input[type="text"], select, [class*="quantity"] input, [class*="quantity"] select').first();
    > 117 |       const val = await cartQty.inputValue().catch(() => cartQty.textContent());
          |                                                                  ^
      118 |       const digits = (val || '').replace(/\D/g, '');
      119 |       expect(parseInt(digits || '1', 10)).toBeGreaterThanOrEqual(1); // At least 1 item added successfully
      120 |     }
        at /home/runner/work/Wipro_Playwright_Capstone/Wipro_Playwright_Capstone/tests/product-details.spec.js:117:66
        at /home/runner/work/Wipro_Playwright_Capstone/Wipro_Playwright_Capstone/tests/product-details.spec.js:117:19

    attachment #1: screenshot (image/png) ──────────────────────────────────────────────────────────
    test-results/product-details-Module-5-—-e2e21-s-cart-by-selected-quantity-webkit/test-failed-1.png
    ────────────────────────────────────────────────────────────────────────────────────────────────

    Error Context: test-results/product-details-Module-5-—-e2e21-s-cart-by-selected-quantity-webkit/error-context.md

    Retry #1 ───────────────────────────────────────────────────────────────────────────────────────

    TimeoutError: locator.textContent: Timeout 15000ms exceeded.
    Call log:
      - waiting for locator('input[type="number"], input[type="text"], select, [class*="quantity"] input, [class*="quantity"] select').first()


      115 |       
      116 |       const cartQty = page.locator('input[type="number"], input[type="text"], select, [class*="quantity"] input, [class*="quantity"] select').first();
    > 117 |       const val = await cartQty.inputValue().catch(() => cartQty.textContent());
          |                                                                  ^
      118 |       const digits = (val || '').replace(/\D/g, '');
      119 |       expect(parseInt(digits || '1', 10)).toBeGreaterThanOrEqual(1); // At least 1 item added successfully
      120 |     }
        at /home/runner/work/Wipro_Playwright_Capstone/Wipro_Playwright_Capstone/tests/product-details.spec.js:117:66
        at /home/runner/work/Wipro_Playwright_Capstone/Wipro_Playwright_Capstone/tests/product-details.spec.js:117:19

    attachment #1: screenshot (image/png) ──────────────────────────────────────────────────────────
    test-results/product-details-Module-5-—-e2e21-s-cart-by-selected-quantity-webkit-retry1/test-failed-1.png
    ────────────────────────────────────────────────────────────────────────────────────────────────

    Error Context: test-results/product-details-Module-5-—-e2e21-s-cart-by-selected-quantity-webkit-retry1/error-context.md

    attachment #3: trace (application/zip) ─────────────────────────────────────────────────────────
    test-results/product-details-Module-5-—-e2e21-s-cart-by-selected-quantity-webkit-retry1/trace.zip
    Usage:

        npx playwright show-trace test-results/product-details-Module-5-—-e2e21-s-cart-by-selected-quantity-webkit-retry1/trace.zip

    ────────────────────────────────────────────────────────────────────────────────────────────────

    Retry #2 ───────────────────────────────────────────────────────────────────────────────────────

    TimeoutError: locator.textContent: Timeout 15000ms exceeded.
    Call log:
      - waiting for locator('input[type="number"], input[type="text"], select, [class*="quantity"] input, [class*="quantity"] select').first()


      115 |       
      116 |       const cartQty = page.locator('input[type="number"], input[type="text"], select, [class*="quantity"] input, [class*="quantity"] select').first();
    > 117 |       const val = await cartQty.inputValue().catch(() => cartQty.textContent());
          |                                                                  ^
      118 |       const digits = (val || '').replace(/\D/g, '');
      119 |       expect(parseInt(digits || '1', 10)).toBeGreaterThanOrEqual(1); // At least 1 item added successfully
      120 |     }
        at /home/runner/work/Wipro_Playwright_Capstone/Wipro_Playwright_Capstone/tests/product-details.spec.js:117:66
        at /home/runner/work/Wipro_Playwright_Capstone/Wipro_Playwright_Capstone/tests/product-details.spec.js:117:19

    attachment #1: screenshot (image/png) ──────────────────────────────────────────────────────────
    test-results/product-details-Module-5-—-e2e21-s-cart-by-selected-quantity-webkit-retry2/test-failed-1.png
    ────────────────────────────────────────────────────────────────────────────────────────────────

    Error Context: test-results/product-details-Module-5-—-e2e21-s-cart-by-selected-quantity-webkit-retry2/error-context.md

  13 failed
    [webkit] › tests/checkout-flow.spec.js:120:7 › Module 7 — Checkout Flow › TC_CF_008 — Phone number validates Indian mobile format 
    [webkit] › tests/checkout-flow.spec.js:140:7 › Module 7 — Checkout Flow › TC_CF_009 — Adding new address during checkout preserves cart 
    [webkit] › tests/checkout-flow.spec.js:157:7 › Module 7 — Checkout Flow › TC_CF_010 — Delivery method step shows shipping options 
    [webkit] › tests/checkout-flow.spec.js:169:7 › Module 7 — Checkout Flow › TC_CF_011 — Order summary reflects delivery charge 
    [webkit] › tests/checkout-flow.spec.js:176:7 › Module 7 — Checkout Flow › TC_CF_012 — Payment page shows accepted payment methods 
    [webkit] › tests/checkout-flow.spec.js:192:7 › Module 7 — Checkout Flow › TC_CF_013 — Card form accepts dummy test card data 
    [webkit] › tests/checkout-flow.spec.js:221:7 › Module 7 — Checkout Flow › TC_CF_014 — Card number field accepts only numeric input 
    [webkit] › tests/checkout-flow.spec.js:245:7 › Module 7 — Checkout Flow › TC_CF_015 — Checkout does not attempt real payment 
    [webkit] › tests/checkout-flow.spec.js:259:7 › Module 7 — Checkout Flow › TC_CF_016 — Order confirmation displays order reference ID 
    [webkit] › tests/checkout-flow.spec.js:280:7 › Module 7 — Checkout Flow › TC_CF_017 — Cart badge resets after successful order 
    [webkit] › tests/checkout-flow.spec.js:302:7 › Module 7 — Checkout Flow › TC_CF_018 — Order appears in account order history 
    [webkit] › tests/product-details.spec.js:25:7 › Module 5 — Product Details › TC_PD_002 — Detail page price matches cart price after adding 
    [webkit] › tests/product-details.spec.js:71:7 › Module 5 — Product Details › TC_PD_004 — Add to Bag increments cart by selected quantity 
  19 passed (22.8m)
Error: Process completed with exit code 1.
Run npm run test:ci -- --shard=10/10

> wipro_capstone@1.0.0 test:ci
> playwright test --shard=10/10


Running 32 tests using 2 workers, shard 10 of 10
·······················×·±·······

  1) [webkit] › tests/search.spec.js:34:7 › Module 3 — Search Functionality › TC_SR_003 — Case-insensitive search returns consistent counts 

    Error: expect(received).toBe(expected) // Object.is equality

    Expected: 22
    Received: 0

      48 |     }
      49 |     if (counts.length === 3) {
    > 50 |       expect(counts[0]).toBe(counts[1]);
         |                         ^
      51 |       expect(counts[1]).toBe(counts[2]);
      52 |     } else {
      53 |       expect(true).toBe(true);
        at /home/runner/work/Wipro_Playwright_Capstone/Wipro_Playwright_Capstone/tests/search.spec.js:50:25

    attachment #1: screenshot (image/png) ──────────────────────────────────────────────────────────
    test-results/search-Module-3-—-Search-F-b80ff-h-returns-consistent-counts-webkit/test-failed-1.png
    ────────────────────────────────────────────────────────────────────────────────────────────────

    Error Context: test-results/search-Module-3-—-Search-F-b80ff-h-returns-consistent-counts-webkit/error-context.md

  1 flaky
    [webkit] › tests/search.spec.js:34:7 › Module 3 — Search Functionality › TC_SR_003 — Case-insensitive search returns consistent counts 
  31 passed (7.7m)